Archive member included to satisfy reference by file (symbol)

c:/program files (x86)/atmel studio/7.0/toolchain/avr8/avr8-gnu-toolchain/bin/../lib/gcc/avr/5.4.0/../../../../avr/lib/avrxmega3\libm.a(addsf3.o)
                              AccMC3419.o (__addsf3)
c:/program files (x86)/atmel studio/7.0/toolchain/avr8/avr8-gnu-toolchain/bin/../lib/gcc/avr/5.4.0/../../../../avr/lib/avrxmega3\libm.a(addsf3x.o)
                              c:/program files (x86)/atmel studio/7.0/toolchain/avr8/avr8-gnu-toolchain/bin/../lib/gcc/avr/5.4.0/../../../../avr/lib/avrxmega3\libm.a(addsf3.o) (__addsf3x)
c:/program files (x86)/atmel studio/7.0/toolchain/avr8/avr8-gnu-toolchain/bin/../lib/gcc/avr/5.4.0/../../../../avr/lib/avrxmega3\libm.a(atan2.o)
                              AccMC3419.o (atan2)
c:/program files (x86)/atmel studio/7.0/toolchain/avr8/avr8-gnu-toolchain/bin/../lib/gcc/avr/5.4.0/../../../../avr/lib/avrxmega3\libm.a(atan.o)
                              c:/program files (x86)/atmel studio/7.0/toolchain/avr8/avr8-gnu-toolchain/bin/../lib/gcc/avr/5.4.0/../../../../avr/lib/avrxmega3\libm.a(atan2.o) (atan)
c:/program files (x86)/atmel studio/7.0/toolchain/avr8/avr8-gnu-toolchain/bin/../lib/gcc/avr/5.4.0/../../../../avr/lib/avrxmega3\libm.a(cmpsf2.o)
                              AccMC3419.o (__ltsf2)
c:/program files (x86)/atmel studio/7.0/toolchain/avr8/avr8-gnu-toolchain/bin/../lib/gcc/avr/5.4.0/../../../../avr/lib/avrxmega3\libm.a(divsf3x.o)
                              c:/program files (x86)/atmel studio/7.0/toolchain/avr8/avr8-gnu-toolchain/bin/../lib/gcc/avr/5.4.0/../../../../avr/lib/avrxmega3\libm.a(atan2.o) (__divsf3_pse)
c:/program files (x86)/atmel studio/7.0/toolchain/avr8/avr8-gnu-toolchain/bin/../lib/gcc/avr/5.4.0/../../../../avr/lib/avrxmega3\libm.a(fixsfsi.o)
                              AccMC3419.o (__fixsfsi)
c:/program files (x86)/atmel studio/7.0/toolchain/avr8/avr8-gnu-toolchain/bin/../lib/gcc/avr/5.4.0/../../../../avr/lib/avrxmega3\libm.a(fixunssfsi.o)
                              AccMC3419.o (__fixunssfsi)
c:/program files (x86)/atmel studio/7.0/toolchain/avr8/avr8-gnu-toolchain/bin/../lib/gcc/avr/5.4.0/../../../../avr/lib/avrxmega3\libm.a(floatsisf.o)
                              AccMC3419.o (__floatsisf)
c:/program files (x86)/atmel studio/7.0/toolchain/avr8/avr8-gnu-toolchain/bin/../lib/gcc/avr/5.4.0/../../../../avr/lib/avrxmega3\libm.a(fp_cmp.o)
                              c:/program files (x86)/atmel studio/7.0/toolchain/avr8/avr8-gnu-toolchain/bin/../lib/gcc/avr/5.4.0/../../../../avr/lib/avrxmega3\libm.a(cmpsf2.o) (__fp_cmp)
c:/program files (x86)/atmel studio/7.0/toolchain/avr8/avr8-gnu-toolchain/bin/../lib/gcc/avr/5.4.0/../../../../avr/lib/avrxmega3\libm.a(fp_inf.o)
                              c:/program files (x86)/atmel studio/7.0/toolchain/avr8/avr8-gnu-toolchain/bin/../lib/gcc/avr/5.4.0/../../../../avr/lib/avrxmega3\libm.a(addsf3x.o) (__fp_inf)
c:/program files (x86)/atmel studio/7.0/toolchain/avr8/avr8-gnu-toolchain/bin/../lib/gcc/avr/5.4.0/../../../../avr/lib/avrxmega3\libm.a(fp_nan.o)
                              c:/program files (x86)/atmel studio/7.0/toolchain/avr8/avr8-gnu-toolchain/bin/../lib/gcc/avr/5.4.0/../../../../avr/lib/avrxmega3\libm.a(addsf3x.o) (__fp_nan)
c:/program files (x86)/atmel studio/7.0/toolchain/avr8/avr8-gnu-toolchain/bin/../lib/gcc/avr/5.4.0/../../../../avr/lib/avrxmega3\libm.a(fp_powser.o)
                              c:/program files (x86)/atmel studio/7.0/toolchain/avr8/avr8-gnu-toolchain/bin/../lib/gcc/avr/5.4.0/../../../../avr/lib/avrxmega3\libm.a(atan.o) (__fp_powser)
c:/program files (x86)/atmel studio/7.0/toolchain/avr8/avr8-gnu-toolchain/bin/../lib/gcc/avr/5.4.0/../../../../avr/lib/avrxmega3\libm.a(fp_pscA.o)
                              c:/program files (x86)/atmel studio/7.0/toolchain/avr8/avr8-gnu-toolchain/bin/../lib/gcc/avr/5.4.0/../../../../avr/lib/avrxmega3\libm.a(addsf3x.o) (__fp_pscA)
c:/program files (x86)/atmel studio/7.0/toolchain/avr8/avr8-gnu-toolchain/bin/../lib/gcc/avr/5.4.0/../../../../avr/lib/avrxmega3\libm.a(fp_pscB.o)
                              c:/program files (x86)/atmel studio/7.0/toolchain/avr8/avr8-gnu-toolchain/bin/../lib/gcc/avr/5.4.0/../../../../avr/lib/avrxmega3\libm.a(addsf3x.o) (__fp_pscB)
c:/program files (x86)/atmel studio/7.0/toolchain/avr8/avr8-gnu-toolchain/bin/../lib/gcc/avr/5.4.0/../../../../avr/lib/avrxmega3\libm.a(fp_round.o)
                              c:/program files (x86)/atmel studio/7.0/toolchain/avr8/avr8-gnu-toolchain/bin/../lib/gcc/avr/5.4.0/../../../../avr/lib/avrxmega3\libm.a(addsf3.o) (__fp_round)
c:/program files (x86)/atmel studio/7.0/toolchain/avr8/avr8-gnu-toolchain/bin/../lib/gcc/avr/5.4.0/../../../../avr/lib/avrxmega3\libm.a(fp_split3.o)
                              c:/program files (x86)/atmel studio/7.0/toolchain/avr8/avr8-gnu-toolchain/bin/../lib/gcc/avr/5.4.0/../../../../avr/lib/avrxmega3\libm.a(addsf3x.o) (__fp_split3)
[...]
Memory Configuration

Name             Origin             Length             Attributes
text             0x00000000         0x00004000         xr
data             0x00803800         0x00000800         rw !x
eeprom           0x00810000         0x00000100         rw !x
fuse             0x00820000         0x0000000a         rw !x
lock             0x00830000         0x00000400         rw !x
signature        0x00840000         0x00000400         rw !x
user_signatures  0x00850000         0x00000400         rw !x
*default*        0x00000000         0xffffffff

Linker script and memory map

Address of section .data set to 0x803800
                0x00008000                __RODATA_PM_OFFSET__ = 0x8000
LOAD C:/Program Files (x86)/Atmel Studio/7.0/Packs/Atmel/ATtiny_DFP/1.4.310/gcc/dev/attiny1626/avrxmega3/crtattiny1626.o
LOAD AccMC3419.o
LOAD AccMC3635.o
LOAD BaroMS5637.o
LOAD HelperFunctions.o
LOAD SigfoxAxSip.o
LOAD Time.o
LOAD TinyFox.o
LOAD I2C.o
LOAD main.o
LOAD TestFunctions.o
LOAD UART.o
START GROUP
LOAD c:/program files (x86)/atmel studio/7.0/toolchain/avr8/avr8-gnu-toolchain/bin/../lib/gcc/avr/5.4.0/../../../../avr/lib/avrxmega3\libm.a
END GROUP
LOAD c:/program files (x86)/atmel studio/7.0/toolchain/avr8/avr8-gnu-toolchain/bin/../lib/gcc/avr/5.4.0/avrxmega3\libgcc.a
LOAD c:/program files (x86)/atmel studio/7.0/toolchain/avr8/avr8-gnu-toolchain/bin/../lib/gcc/avr/5.4.0/../../../../avr/lib/avrxmega3\libm.a
START GROUP
LOAD c:/program files (x86)/atmel studio/7.0/toolchain/avr8/avr8-gnu-toolchain/bin/../lib/gcc/avr/5.4.0/avrxmega3\libgcc.a
LOAD c:/program files (x86)/atmel studio/7.0/toolchain/avr8/avr8-gnu-toolchain/bin/../lib/gcc/avr/5.4.0/../../../../avr/lib/avrxmega3\libm.a
LOAD c:/program files (x86)/atmel studio/7.0/toolchain/avr8/avr8-gnu-toolchain/bin/../lib/gcc/avr/5.4.0/../../../../avr/lib/avrxmega3\libc.a
LOAD C:/Program Files (x86)/Atmel Studio/7.0/Packs/Atmel/ATtiny_DFP/1.4.310/gcc/dev/attiny1626/avrxmega3\libattiny1626.a
END GROUP
                [0x00000000]                __TEXT_REGION_ORIGIN__ = DEFINED (__TEXT_REGION_ORIGIN__)?__TEXT_REGION_ORIGIN__:0x0
                [0x00803800]                __DATA_REGION_ORIGIN__ = DEFINED (__DATA_REGION_ORIGIN__)?__DATA_REGION_ORIGIN__:0x802000
                [0x00004000]                __TEXT_REGION_LENGTH__ = DEFINED (__TEXT_REGION_LENGTH__)?__TEXT_REGION_LENGTH__:0x100000
                [0x00000800]                __DATA_REGION_LENGTH__ = DEFINED (__DATA_REGION_LENGTH__)?__DATA_REGION_LENGTH__:0xffa0
                [0x00000100]                __EEPROM_REGION_LENGTH__ = DEFINED (__EEPROM_REGION_LENGTH__)?__EEPROM_REGION_LENGTH__:0x10000
                [0x0000000a]                __FUSE_REGION_LENGTH__ = DEFINED (__FUSE_REGION_LENGTH__)?__FUSE_REGION_LENGTH__:0x400
                0x00000400                __LOCK_REGION_LENGTH__ = DEFINED (__LOCK_REGION_LENGTH__)?__LOCK_REGION_LENGTH__:0x400
                0x00000400                __SIGNATURE_REGION_LENGTH__ = DEFINED (__SIGNATURE_REGION_LENGTH__)?__SIGNATURE_REGION_LENGTH__:0x400
                0x00000400                __USER_SIGNATURE_REGION_LENGTH__ = DEFINED (__USER_SIGNATURE_REGION_LENGTH__)?__USER_SIGNATURE_REGION_LENGTH__:0x400
                0x00008000                __RODATA_PM_OFFSET__ = DEFINED (__RODATA_PM_OFFSET__)?__RODATA_PM_OFFSET__:0x8000

.hash
 *(.hash)

.dynsym
 *(.dynsym)

.dynstr
 *(.dynstr)

.gnu.version
 *(.gnu.version)

.gnu.version_d
 *(.gnu.version_d)

.gnu.version_r
 *(.gnu.version_r)

.rel.init
 *(.rel.init)

.rela.init
 *(.rela.init)

.rel.text
 *(.rel.text)
 *(.rel.text.*)
 *(.rel.gnu.linkonce.t*)

.rela.text
 *(.rela.text)
 *(.rela.text.*)
 *(.rela.gnu.linkonce.t*)

.rel.fini
 *(.rel.fini)

.rela.fini
 *(.rela.fini)

.rel.rodata
 *(.rel.rodata)
 *(.rel.rodata.*)
 *(.rel.gnu.linkonce.r*)

.rela.rodata
 *(.rela.rodata)
 *(.rela.rodata.*)
 *(.rela.gnu.linkonce.r*)

.rel.data
 *(.rel.data)
 *(.rel.data.*)
 *(.rel.gnu.linkonce.d*)

.rela.data
 *(.rela.data)
 *(.rela.data.*)
 *(.rela.gnu.linkonce.d*)

.rel.ctors
 *(.rel.ctors)

.rela.ctors
 *(.rela.ctors)

.rel.dtors
 *(.rel.dtors)

.rela.dtors
 *(.rela.dtors)

.rel.got
 *(.rel.got)

.rela.got
 *(.rela.got)

.rel.bss
 *(.rel.bss)

.rela.bss
 *(.rela.bss)

.rel.plt
 *(.rel.plt)

.rela.plt
 *(.rela.plt)

.text           0x00000000     0x26f0
 *(.vectors)
 .vectors       0x00000000       0x78 C:/Program Files (x86)/Atmel Studio/7.0/Packs/Atmel/ATtiny_DFP/1.4.310/gcc/dev/attiny1626/avrxmega3/crtattiny1626.o
                0x00000000                __vector_default
                0x00000000                __vectors
 *(.vectors)
 *(.progmem.gcc*)
 .progmem.gcc_fplib
                0x00000078       0x2d c:/program files (x86)/atmel studio/7.0/toolchain/avr8/avr8-gnu-toolchain/bin/../lib/gcc/avr/5.4.0/../../../../avr/lib/avrxmega3\libm.a(atan.o)
                0x000000a6                . = ALIGN (0x2)
 *fill*         0x000000a5        0x1 
                0x000000a6                __trampolines_start = .
 *(.trampolines)
 .trampolines   0x000000a6        0x0 linker stubs
 *(.trampolines*)
                0x000000a6                __trampolines_end = .
 *libprintf_flt.a:*(.progmem.data)
 *libc.a:*(.progmem.data)
 *(.progmem*)
                0x000000a6                . = ALIGN (0x2)
 *(.jumptables)
 *(.jumptables*)
 *(.lowtext)
 *(.lowtext*)
                0x000000a6                __ctors_start = .
 *(.ctors)
                0x000000a6                __ctors_end = .
                0x000000a6                __dtors_start = .
 *(.dtors)
                0x000000a6                __dtors_end = .
 SORT(*)(.ctors)
 SORT(*)(.dtors)
 *(.init0)
 .init0         0x000000a6        0x0 C:/Program Files (x86)/Atmel Studio/7.0/Packs/Atmel/ATtiny_DFP/1.4.310/gcc/dev/attiny1626/avrxmega3/crtattiny1626.o
                0x000000a6                __init
 *(.init0)
 *(.init1)
 *(.init1)
 *(.init2)
 .init2         0x000000a6        0xc C:/Program Files (x86)/Atmel Studio/7.0/Packs/Atmel/ATtiny_DFP/1.4.310/gcc/dev/attiny1626/avrxmega3/crtattiny1626.o
 *(.init2)
 *(.init3)
 *(.init3)
 *(.init4)
 .init4         0x000000b2       0x16 c:/program files (x86)/atmel studio/7.0/toolchain/avr8/avr8-gnu-toolchain/bin/../lib/gcc/avr/5.4.0/avrxmega3\libgcc.a(_copy_data.o)
                0x000000b2                __do_copy_data
 .init4         0x000000c8       0x10 c:/program files (x86)/atmel studio/7.0/toolchain/avr8/avr8-gnu-toolchain/bin/../lib/gcc/avr/5.4.0/avrxmega3\libgcc.a(_clear_bss.o)
                0x000000c8                __do_clear_bss
 *(.init4)
 *(.init5)
 *(.init5)
 *(.init6)
 *(.init6)
 *(.init7)
 *(.init7)
 *(.init8)
 *(.init8)
 *(.init9)
 .init9         0x000000d8        0x8 C:/Program Files (x86)/Atmel Studio/7.0/Packs/Atmel/ATtiny_DFP/1.4.310/gcc/dev/attiny1626/avrxmega3/crtattiny1626.o
 *(.init9)
 *(.text)
 .text          0x000000e0        0x4 C:/Program Files (x86)/Atmel Studio/7.0/Packs/Atmel/ATtiny_DFP/1.4.310/gcc/dev/attiny1626/avrxmega3/crtattiny1626.o
                0x000000e0                __vector_22
                0x000000e0                __vector_28
                0x000000e0                __vector_1
                0x000000e0                __vector_12
                0x000000e0                __bad_interrupt
                0x000000e0                __vector_6
                0x000000e0                __vector_23
                0x000000e0                __vector_25
                0x000000e0                __vector_11
                0x000000e0                __vector_13
                0x000000e0                __vector_17
                0x000000e0                __vector_19
                0x000000e0                __vector_7
                0x000000e0                __vector_27
                0x000000e0                __vector_5
                0x000000e0                __vector_4
                0x000000e0                __vector_9
                0x000000e0                __vector_2
                0x000000e0                __vector_21
                0x000000e0                __vector_15
                0x000000e0                __vector_29
                0x000000e0                __vector_8
                0x000000e0                __vector_26
                0x000000e0                __vector_14
                0x000000e0                __vector_10
                0x000000e0                __vector_16
                0x000000e0                __vector_18
                0x000000e0                __vector_20
                0x000000e4                . = ALIGN (0x2)
 *(.text.*)
 .text._Z18accMC3635FifoEmptyv
                0x000000e4       0x2a AccMC3635.o
                0x000000e4                _Z18accMC3635FifoEmptyv
 .text._Z13accMC3635ReadPiS_S_
                0x0000010e       0xc6 AccMC3635.o
                0x0000010e                _Z13accMC3635ReadPiS_S_
 .text._Z14accMC3635Alivev
                0x000001d4       0x1e AccMC3635.o
                0x000001d4                _Z14accMC3635Alivev
 .text._Z26accMC3635Start54HzWithFIFOv
                0x000001f2       0x92 AccMC3635.o
                0x000001f2                _Z26accMC3635Start54HzWithFIFOv
 .text._Z20baroReadCoefficientsPj
                0x00000284       0x7a BaroMS5637.o
                0x00000284                _Z20baroReadCoefficientsPj
 .text._Z11baroReadAdchPm
                0x000002fe       0x84 BaroMS5637.o
                0x000002fe                _Z11baroReadAdchPm
 .text._Z27baroReadPressureTemperaturePlS_Pj
                0x00000382      0x664 BaroMS5637.o
                0x00000382                _Z27baroReadPressureTemperaturePlS_Pj
 .text._Z16sigfoxFirstStartv
                0x000009e6       0x1c SigfoxAxSip.o
                0x000009e6                _Z16sigfoxFirstStartv
 .text._Z17sigfoxWaitForOkayj
                0x00000a02       0x52 SigfoxAxSip.o
                0x00000a02                _Z17sigfoxWaitForOkayj
 .text._Z11sigfoxAlivev
                0x00000a54       0x12 SigfoxAxSip.o
                0x00000a54                _Z11sigfoxAlivev
 .text._Z11sigfoxSleepv
                0x00000a66       0x12 SigfoxAxSip.o
                0x00000a66                _Z11sigfoxSleepv
 .text._Z10sigfoxSendPhh
                0x00000a78       0x6c SigfoxAxSip.o
                0x00000a78                _Z10sigfoxSendPhh
 .text._Z14deviceInitPinsv
                0x00000ae4       0x14 TinyFox.o
                0x00000ae4                _Z14deviceInitPinsv
 .text._Z15deviceStopTimerv
                0x00000af8        0xe TinyFox.o
                0x00000af8                _Z15deviceStopTimerv
 .text._Z18deviceStandbySleepv
                0x00000b06       0x22 TinyFox.o
                0x00000b06                _Z18deviceStandbySleepv
 .text._Z30deviceInitInternalRTCInterruptj
                0x00000b28       0x40 TinyFox.o
                0x00000b28                _Z30deviceInitInternalRTCInterruptj
 .text._Z22getInternalTemperaturev
                0x00000b68       0x80 TinyFox.o
                0x00000b68                _Z22getInternalTemperaturev
 .text._Z23deviceReadSupplyVoltagev
                0x00000be8       0x5a TinyFox.o
                0x00000be8                _Z23deviceReadSupplyVoltagev
 .text._Z17deviceSetCPUSpeedh
                0x00000c42       0x20 TinyFox.o
                0x00000c42                _Z17deviceSetCPUSpeedh
 .text._Z11deviceLedOnv
                0x00000c62        0x8 TinyFox.o
                0x00000c62                _Z11deviceLedOnv
 .text._Z12deviceLedOffv
                0x00000c6a        0x8 TinyFox.o
                0x00000c6a                _Z12deviceLedOffv
 .text._Z11deviceBlinkh
                0x00000c72       0x30 TinyFox.o
                0x00000c72                _Z11deviceBlinkh
 .text._Z19deviceSigfoxPinIdlev
                0x00000ca2        0x8 TinyFox.o
                0x00000ca2                _Z19deviceSigfoxPinIdlev
 .text._Z21deviceSigfoxPinWakeUpv
                0x00000caa        0x8 TinyFox.o
                0x00000caa                _Z21deviceSigfoxPinWakeUpv
 .text._Z15deviceAccBaroOnv
                0x00000cb2       0x14 TinyFox.o
                0x00000cb2                _Z15deviceAccBaroOnv
 .text._Z16deviceAccBaroOffv
                0x00000cc6        0x8 TinyFox.o
                0x00000cc6                _Z16deviceAccBaroOffv
 .text._Z7i2cInitv
                0x00000cce       0x1e I2C.o
                0x00000cce                _Z7i2cInitv
 .text._Z7pollRIFv
                0x00000cec       0x22 I2C.o
                0x00000cec                _Z7pollRIFv
 .text._Z7pollWIFv
                0x00000d0e       0x22 I2C.o
                0x00000d0e                _Z7pollWIFv
 .text._Z12i2cStartReadh
                0x00000d30       0x24 I2C.o
                0x00000d30                _Z12i2cStartReadh
 .text._Z13i2cStartWriteh
                0x00000d54       0x22 I2C.o
                0x00000d54                _Z13i2cStartWriteh
 .text._Z7i2cReadb
                0x00000d76       0x40 I2C.o
                0x00000d76                _Z7i2cReadb
 .text._Z8i2cWriteh
                0x00000db6       0x3c I2C.o
                0x00000db6                _Z8i2cWriteh
 .text._Z7i2cStopv
                0x00000df2       0x12 I2C.o
                0x00000df2                _Z7i2cStopv
 .text._Z15i2cReadRegisterhhPb
                0x00000e04       0x54 I2C.o
                0x00000e04                _Z15i2cReadRegisterhhPb
 .text._Z16i2cWriteRegisterhhh
                0x00000e58       0x38 I2C.o
                0x00000e58                _Z16i2cWriteRegisterhhh
 .text.__vector_3
                0x00000e90       0x1e main.o
                0x00000e90                __vector_3
 .text.__vector_24
                0x00000eae       0x2a main.o
                0x00000eae                __vector_24
 .text._Z4waitj
                0x00000ed8        0xe main.o
                0x00000ed8                _Z4waitj
 .text._Z6waitMsj
                0x00000ee6       0x44 main.o
                0x00000ee6                _Z6waitMsj
 .text._Z23sampleVoltageDifferencev
                0x00000f2a       0x48 main.o
                0x00000f2a                _Z23sampleVoltageDifferencev
 .text._Z14calculatePitchiii
                0x00000f72      0x134 main.o
                0x00000f72                _Z14calculatePitchiii
 .text._Z13calculateRollii
                0x000010a6       0xcc main.o
                0x000010a6                _Z13calculateRollii
 .text._Z23recordAccelerationBurstv
                0x00001172      0x4d0 main.o
                0x00001172                _Z23recordAccelerationBurstv
 .text._Z17tinyFoxStartPrintv
                0x00001642      0x1b2 main.o
                0x00001642                _Z17tinyFoxStartPrintv
 .text.main     0x000017f4      0x3e6 main.o
                0x000017f4                main
 .text._Z23initPrimaryUARTwith9600v
                0x00001bda       0x38 UART.o
                0x00001bda                _Z23initPrimaryUARTwith9600v
 .text._Z22initSecondUARTwith9600v
                0x00001c12       0x30 UART.o
                0x00001c12                _Z22initSecondUARTwith9600v
 .text._Z9uartFlushv
                0x00001c42       0x1a UART.o
                0x00001c42                _Z9uartFlushv
 .text._Z20deinitSecondUartPinsv
                0x00001c5c       0x10 UART.o
                0x00001c5c                _Z20deinitSecondUartPinsv
 .text._Z8uartReadcPchj
                0x00001c6c       0x84 UART.o
                0x00001c6c                _Z8uartReadcPchj
 .text._Z5printPKc
                0x00001cf0       0x2a UART.o
                0x00001cf0                _Z5printPKc
 .text._Z7printlnPKc
                0x00001d1a       0x16 UART.o
                0x00001d1a                _Z7printlnPKc
 .text._Z8printU32m
                0x00001d30       0x5a UART.o
                0x00001d30                _Z8printU32m
 .text._Z14printByteAsHexh
                0x00001d8a       0x66 UART.o
                0x00001d8a                _Z14printByteAsHexh
 .text.avr-libc.fplib
                0x00001df0        0xe c:/program files (x86)/atmel studio/7.0/toolchain/avr8/avr8-gnu-toolchain/bin/../lib/gcc/avr/5.4.0/../../../../avr/lib/avrxmega3\libm.a(addsf3.o)
                0x00001df0                __subsf3
                0x00001df2                __addsf3
 .text.avr-libc.fplib
                0x00001dfe       0xcc c:/program files (x86)/atmel studio/7.0/toolchain/avr8/avr8-gnu-toolchain/bin/../lib/gcc/avr/5.4.0/../../../../avr/lib/avrxmega3\libm.a(addsf3x.o)
                0x00001e20                __addsf3x
 .text.avr-libc.fplib
                0x00001eca       0x86 c:/program files (x86)/atmel studio/7.0/toolchain/avr8/avr8-gnu-toolchain/bin/../lib/gcc/avr/5.4.0/../../../../avr/lib/avrxmega3\libm.a(atan2.o)
                0x00001ef0                atan2
 .text.avr-libc.fplib
                0x00001f50       0x5e c:/program files (x86)/atmel studio/7.0/toolchain/avr8/avr8-gnu-toolchain/bin/../lib/gcc/avr/5.4.0/../../../../avr/lib/avrxmega3\libm.a(atan.o)
                0x00001f50                atan
 .text.avr-libc.fplib
                0x00001fae        0xa c:/program files (x86)/atmel studio/7.0/toolchain/avr8/avr8-gnu-toolchain/bin/../lib/gcc/avr/5.4.0/../../../../avr/lib/avrxmega3\libm.a(cmpsf2.o)
                0x00001fae                __nesf2
                0x00001fae                __eqsf2
                0x00001fae                __cmpsf2
                0x00001fae                __ltsf2
                0x00001fae                __lesf2
 .text.avr-libc.fplib
                0x00001fb8       0xdc c:/program files (x86)/atmel studio/7.0/toolchain/avr8/avr8-gnu-toolchain/bin/../lib/gcc/avr/5.4.0/../../../../avr/lib/avrxmega3\libm.a(divsf3x.o)
                0x00001fd8                __divsf3x
                0x00001fde                __divsf3_pse
 .text.avr-libc.fplib
                0x00002094       0x5e c:/program files (x86)/atmel studio/7.0/toolchain/avr8/avr8-gnu-toolchain/bin/../lib/gcc/avr/5.4.0/../../../../avr/lib/avrxmega3\libm.a(fixunssfsi.o)
                0x00002094                __fixunssfsi
 .text.avr-libc.fplib
                0x000020f2       0x7a c:/program files (x86)/atmel studio/7.0/toolchain/avr8/avr8-gnu-toolchain/bin/../lib/gcc/avr/5.4.0/../../../../avr/lib/avrxmega3\libm.a(floatsisf.o)
                0x000020f2                __floatunsisf
                0x000020f6                __floatsisf
 .text.avr-libc.fplib
                0x0000216c       0x48 c:/program files (x86)/atmel studio/7.0/toolchain/avr8/avr8-gnu-toolchain/bin/../lib/gcc/avr/5.4.0/../../../../avr/lib/avrxmega3\libm.a(fp_cmp.o)
                0x0000216c                __fp_cmp
 .text.avr-libc.fplib
                0x000021b4        0xc c:/program files (x86)/atmel studio/7.0/toolchain/avr8/avr8-gnu-toolchain/bin/../lib/gcc/avr/5.4.0/../../../../avr/lib/avrxmega3\libm.a(fp_inf.o)
                0x000021b4                __fp_inf
 .text.avr-libc.fplib
                0x000021c0        0x6 c:/program files (x86)/atmel studio/7.0/toolchain/avr8/avr8-gnu-toolchain/bin/../lib/gcc/avr/5.4.0/../../../../avr/lib/avrxmega3\libm.a(fp_nan.o)
                0x000021c0                __fp_nan
 .text.avr-libc.fplib
                0x000021c6       0x4e c:/program files (x86)/atmel studio/7.0/toolchain/avr8/avr8-gnu-toolchain/bin/../lib/gcc/avr/5.4.0/../../../../avr/lib/avrxmega3\libm.a(fp_powser.o)
                0x000021c6                __fp_powser
 .text.avr-libc.fplib
                0x00002214        0xe c:/program files (x86)/atmel studio/7.0/toolchain/avr8/avr8-gnu-toolchain/bin/../lib/gcc/avr/5.4.0/../../../../avr/lib/avrxmega3\libm.a(fp_pscA.o)
                0x00002214                __fp_pscA
 .text.avr-libc.fplib
                0x00002222        0xe c:/program files (x86)/atmel studio/7.0/toolchain/avr8/avr8-gnu-toolchain/bin/../lib/gcc/avr/5.4.0/../../../../avr/lib/avrxmega3\libm.a(fp_pscB.o)
                0x00002222                __fp_pscB
 .text.avr-libc.fplib
                0x00002230       0x22 c:/program files (x86)/atmel studio/7.0/toolchain/avr8/avr8-gnu-toolchain/bin/../lib/gcc/avr/5.4.0/../../../../avr/lib/avrxmega3\libm.a(fp_round.o)
                0x00002230                __fp_round
 .text.avr-libc.fplib
                0x00002252       0x44 c:/program files (x86)/atmel studio/7.0/toolchain/avr8/avr8-gnu-toolchain/bin/../lib/gcc/avr/5.4.0/../../../../avr/lib/avrxmega3\libm.a(fp_split3.o)
                0x00002252                __fp_split3
                0x00002262                __fp_splitA
 .text.avr-libc.fplib
                0x00002296        0xe c:/program files (x86)/atmel studio/7.0/toolchain/avr8/avr8-gnu-toolchain/bin/../lib/gcc/avr/5.4.0/../../../../avr/lib/avrxmega3\libm.a(fp_zero.o)
                0x00002296                __fp_zero
                0x00002298                __fp_szero
 .text.avr-libc.fplib
                0x000022a4        0xa c:/program files (x86)/atmel studio/7.0/toolchain/avr8/avr8-gnu-toolchain/bin/../lib/gcc/avr/5.4.0/../../../../avr/lib/avrxmega3\libm.a(gesf2.o)
                0x000022a4                __gesf2
                0x000022a4                __gtsf2
 .text.avr-libc.fplib
                0x000022ae       0x10 c:/program files (x86)/atmel studio/7.0/toolchain/avr8/avr8-gnu-toolchain/bin/../lib/gcc/avr/5.4.0/../../../../avr/lib/avrxmega3\libm.a(inverse.o)
                0x000022ae                inverse
 .text.avr-libc.fplib
                0x000022be        0x8 c:/program files (x86)/atmel studio/7.0/toolchain/avr8/avr8-gnu-toolchain/bin/../lib/gcc/avr/5.4.0/../../../../avr/lib/avrxmega3\libm.a(mulsf3.o)
                0x000022be                __mulsf3
 .text.avr-libc.fplib
                0x000022c6       0xd2 c:/program files (x86)/atmel studio/7.0/toolchain/avr8/avr8-gnu-toolchain/bin/../lib/gcc/avr/5.4.0/../../../../avr/lib/avrxmega3\libm.a(mulsf3x.o)
                0x000022e4                __mulsf3x
                0x000022ea                __mulsf3_pse
 .text.avr-libc.fplib
                0x00002398       0x8c c:/program files (x86)/atmel studio/7.0/toolchain/avr8/avr8-gnu-toolchain/bin/../lib/gcc/avr/5.4.0/../../../../avr/lib/avrxmega3\libm.a(sqrt.o)
                0x000023a4                sqrtf
                0x000023a4                sqrt
 .text.avr-libc.fplib
                0x00002424        0x8 c:/program files (x86)/atmel studio/7.0/toolchain/avr8/avr8-gnu-toolchain/bin/../lib/gcc/avr/5.4.0/../../../../avr/lib/avrxmega3\libm.a(square.o)
                0x00002424                square
 .text.avr-libc.fplib
                0x0000242c        0x8 c:/program files (x86)/atmel studio/7.0/toolchain/avr8/avr8-gnu-toolchain/bin/../lib/gcc/avr/5.4.0/../../../../avr/lib/avrxmega3\libm.a(divsf3.o)
                0x0000242c                __divsf3
 .text.avr-libc.fplib
                0x00002434       0x1c c:/program files (x86)/atmel studio/7.0/toolchain/avr8/avr8-gnu-toolchain/bin/../lib/gcc/avr/5.4.0/../../../../avr/lib/avrxmega3\libm.a(fp_mpack.o)
                0x00002434                __fp_mpack
                0x00002438                __fp_mpack_finite
 .text.avr-libc.fplib
                0x00002450        0xe c:/program files (x86)/atmel studio/7.0/toolchain/avr8/avr8-gnu-toolchain/bin/../lib/gcc/avr/5.4.0/../../../../avr/lib/avrxmega3\libm.a(fp_norm2.o)
                0x00002450                __fp_norm2
 .text.libgcc.div
                0x0000245e       0x44 c:/program files (x86)/atmel studio/7.0/toolchain/avr8/avr8-gnu-toolchain/bin/../lib/gcc/avr/5.4.0/avrxmega3\libgcc.a(_udivmodsi4.o)
                0x0000245e                __udivmodsi4
 .text.libgcc.div
                0x000024a2       0x2e c:/program files (x86)/atmel studio/7.0/toolchain/avr8/avr8-gnu-toolchain/bin/../lib/gcc/avr/5.4.0/avrxmega3\libgcc.a(_divmodsi4.o)
                0x000024a2                __divmodsi4
 .text.libgcc.div
                0x000024d0       0x10 c:/program files (x86)/atmel studio/7.0/toolchain/avr8/avr8-gnu-toolchain/bin/../lib/gcc/avr/5.4.0/avrxmega3\libgcc.a(_negsi2.o)
                0x000024d0                __negsi2
 .text.libgcc.mul
                0x000024e0       0x10 c:/program files (x86)/atmel studio/7.0/toolchain/avr8/avr8-gnu-toolchain/bin/../lib/gcc/avr/5.4.0/avrxmega3\libgcc.a(_mulhisi3.o)
                0x000024e0                __mulhisi3
 .text.libgcc.mul
                0x000024f0       0x1e c:/program files (x86)/atmel studio/7.0/toolchain/avr8/avr8-gnu-toolchain/bin/../lib/gcc/avr/5.4.0/avrxmega3\libgcc.a(_umulhisi3.o)
                0x000024f0                __umulhisi3
 .text.libgcc.mul
                0x0000250e        0xe c:/program files (x86)/atmel studio/7.0/toolchain/avr8/avr8-gnu-toolchain/bin/../lib/gcc/avr/5.4.0/avrxmega3\libgcc.a(_usmulhisi3.o)
                0x0000250e                __usmulhisi3
                0x00002512                __usmulhisi3_tail
 .text.libgcc.mul
                0x0000251c       0xa0 c:/program files (x86)/atmel studio/7.0/toolchain/avr8/avr8-gnu-toolchain/bin/../lib/gcc/avr/5.4.0/avrxmega3\libgcc.a(_muldi3.o)
                0x0000251c                __muldi3
 .text.libgcc.mul
                0x000025bc       0x12 c:/program files (x86)/atmel studio/7.0/toolchain/avr8/avr8-gnu-toolchain/bin/../lib/gcc/avr/5.4.0/avrxmega3\libgcc.a(_muldi3_6.o)
                0x000025bc                __muldi3_6
 .text.libgcc.builtins
                0x000025ce       0x32 c:/program files (x86)/atmel studio/7.0/toolchain/avr8/avr8-gnu-toolchain/bin/../lib/gcc/avr/5.4.0/avrxmega3\libgcc.a(_ashldi3.o)
                0x000025ce                __ashldi3
 .text.libgcc.builtins
                0x00002600       0x3c c:/program files (x86)/atmel studio/7.0/toolchain/avr8/avr8-gnu-toolchain/bin/../lib/gcc/avr/5.4.0/avrxmega3\libgcc.a(_ashrdi3.o)
                0x00002600                __ashrdi3
                0x00002604                __lshrdi3
 .text.libgcc   0x0000263c       0x12 c:/program files (x86)/atmel studio/7.0/toolchain/avr8/avr8-gnu-toolchain/bin/../lib/gcc/avr/5.4.0/avrxmega3\libgcc.a(_adddi3.o)
                0x0000263c                __adddi3
 .text.libgcc   0x0000264e       0x18 c:/program files (x86)/atmel studio/7.0/toolchain/avr8/avr8-gnu-toolchain/bin/../lib/gcc/avr/5.4.0/avrxmega3\libgcc.a(_adddi3_s8.o)
                0x0000264e                __adddi3_s8
 .text.libgcc   0x00002666       0x12 c:/program files (x86)/atmel studio/7.0/toolchain/avr8/avr8-gnu-toolchain/bin/../lib/gcc/avr/5.4.0/avrxmega3\libgcc.a(_subdi3.o)
                0x00002666                __subdi3
 .text.libgcc   0x00002678       0x18 c:/program files (x86)/atmel studio/7.0/toolchain/avr8/avr8-gnu-toolchain/bin/../lib/gcc/avr/5.4.0/avrxmega3\libgcc.a(_cmpdi2_s8.o)
                0x00002678                __cmpdi2_s8
 .text.avr-libc
                0x00002690        0xe c:/program files (x86)/atmel studio/7.0/toolchain/avr8/avr8-gnu-toolchain/bin/../lib/gcc/avr/5.4.0/../../../../avr/lib/avrxmega3\libc.a(memset.o)
                0x00002690                memset
 .text.avr-libc
                0x0000269e       0x16 c:/program files (x86)/atmel studio/7.0/toolchain/avr8/avr8-gnu-toolchain/bin/../lib/gcc/avr/5.4.0/../../../../avr/lib/avrxmega3\libc.a(strchr.o)
                0x0000269e                strchr
 .text.avr-libc
                0x000026b4       0x10 C:/Program Files (x86)/Atmel Studio/7.0/Packs/Atmel/ATtiny_DFP/1.4.310/gcc/dev/attiny1626/avrxmega3\libattiny1626.a(eerd_byte.o)
                0x000026b4                eeprom_read_byte
                0x000026bc                eeprom_mapen
 .text.avr-libc
                0x000026c4       0x28 C:/Program Files (x86)/Atmel Studio/7.0/Packs/Atmel/ATtiny_DFP/1.4.310/gcc/dev/attiny1626/avrxmega3\libattiny1626.a(eewr_byte.o)
                0x000026c4                eeprom_write_byte
                0x000026c6                eeprom_write_r18
                0x000026ec                . = ALIGN (0x2)
 *(.fini9)
 .fini9         0x000026ec        0x0 c:/program files (x86)/atmel studio/7.0/toolchain/avr8/avr8-gnu-toolchain/bin/../lib/gcc/avr/5.4.0/avrxmega3\libgcc.a(_exit.o)
                0x000026ec                _exit
                0x000026ec                exit
 *(.fini9)
 *(.fini8)
 *(.fini8)
 *(.fini7)
 *(.fini7)
 *(.fini6)
 *(.fini6)
 *(.fini5)
 *(.fini5)
 *(.fini4)
 *(.fini4)
 *(.fini3)
 *(.fini3)
 *(.fini2)
 *(.fini2)
 *(.fini1)
 *(.fini1)
 *(.fini0)
 .fini0         0x000026ec        0x4 c:/program files (x86)/atmel studio/7.0/toolchain/avr8/avr8-gnu-toolchain/bin/../lib/gcc/avr/5.4.0/avrxmega3\libgcc.a(_exit.o)
 *(.fini0)
                0x000026f0                _etext = .

.rodata         0x0000a6f0       0x6f load address 0x000026f0
 *(.rodata)
 *(.rodata*)
 .rodata.str1.1
                0x0000a6f0       0x31 SigfoxAxSip.o
                                 0x33 (size before relaxing)
 .rodata.str1.1
                0x0000a721       0x2d main.o
                                 0x4d (size before relaxing)
 .rodata.str1.1
                0x0000a74e       0x11 UART.o
                                 0x15 (size before relaxing)
 *(.gnu.linkonce.r*)

.data           0x00803800        0x2 load address 0x0000275f
                0x00803800                PROVIDE (__data_start, .)
 *(.data)
 *(.data*)
 .data.roll     0x00803800        0x1 main.o
                0x00803800                roll
 .data.pitch    0x00803801        0x1 main.o
                0x00803801                pitch
 *(.gnu.linkonce.d*)
                0x00803802                . = ALIGN (0x2)
                0x00803802                _edata = .
                0x00803802                PROVIDE (__data_end, .)

.bss            0x00803802      0x48a
                0x00803802                PROVIDE (__bss_start, .)
 *(.bss)
 *(.bss*)
 .bss.maxMovement
                0x00803802        0x1 main.o
                0x00803802                maxMovement
 .bss.zeroCrossingsAvgAmplitude
                0x00803803        0x1 main.o
                0x00803803                zeroCrossingsAvgAmplitude
 .bss.zeroCrossings
                0x00803804        0x1 main.o
                0x00803804                zeroCrossings
 .bss.tinyTemperature
                0x00803805        0x2 main.o
                0x00803805                tinyTemperature
 .bss.temperature
                0x00803807        0x4 main.o
                0x00803807                temperature
 .bss.pressure  0x0080380b        0x4 main.o
                0x0080380b                pressure
 .bss.vedbaBurstSum
                0x0080380f        0x4 main.o
                0x0080380f                vedbaBurstSum
 .bss.voltageDiff
                0x00803813        0x1 main.o
                0x00803813                voltageDiff
 .bss.lastError
                0x00803814        0x1 main.o
                0x00803814                lastError
 .bss.vedbaTotalSum
                0x00803815        0x8 main.o
                0x00803815                vedbaTotalSum
 .bss.hardResetCounter
                0x0080381d        0x2 main.o
                0x0080381d                hardResetCounter
 .bss.bufZ      0x0080381f      0x174 main.o
                0x0080381f                bufZ
 .bss.bufY      0x00803993      0x174 main.o
                0x00803993                bufY
 .bss.bufX      0x00803b07      0x174 main.o
                0x00803b07                bufX
 .bss.batteryVoltage
                0x00803c7b        0x2 main.o
                0x00803c7b                batteryVoltage
 .bss.state     0x00803c7d        0x1 main.o
                0x00803c7d                state
 .bss.baroCoefficients
                0x00803c7e        0xe main.o
                0x00803c7e                baroCoefficients
 *(COMMON)
                0x00803c8c                PROVIDE (__bss_end, .)
                0x0000275f                __data_load_start = LOADADDR (.data)
                0x00002761                __data_load_end = (__data_load_start + SIZEOF (.data))

.noinit         0x00803c8c        0x0
                [!provide]                PROVIDE (__noinit_start, .)
 *(.noinit*)
                [!provide]                PROVIDE (__noinit_end, .)
                0x00803c8c                _end = .
                [!provide]                PROVIDE (__heap_start, .)

.eeprom         0x00810000        0x0
 *(.eeprom*)
                0x00810000                __eeprom_end = .

.fuse
 *(.fuse)
 *(.lfuse)
 *(.hfuse)
 *(.efuse)

.lock
 *(.lock*)

.signature
 *(.signature*)

.user_signatures
 *(.user_signatures*)

.stab
 *(.stab)

.stabstr
 *(.stabstr)

.stab.excl
 *(.stab.excl)

.stab.exclstr
 *(.stab.exclstr)

.stab.index
 *(.stab.index)

.stab.indexstr
 *(.stab.indexstr)

.comment        0x00000000       0x30
 *(.comment)
 .comment       0x00000000       0x30 AccMC3635.o
                                 0x31 (size before relaxing)
 .comment       0x00000030       0x31 BaroMS5637.o
 .comment       0x00000030       0x31 SigfoxAxSip.o
 .comment       0x00000030       0x31 TinyFox.o
 .comment       0x00000030       0x31 I2C.o
 .comment       0x00000030       0x31 main.o
 .comment       0x00000030       0x31 UART.o

.note.gnu.avr.deviceinfo
                0x00000000       0x40
 .note.gnu.avr.deviceinfo
                0x00000000       0x40 C:/Program Files (x86)/Atmel Studio/7.0/Packs/Atmel/ATtiny_DFP/1.4.310/gcc/dev/attiny1626/avrxmega3/crtattiny1626.o

.note.gnu.build-id
 *(.note.gnu.build-id)

.debug
 *(.debug)

.line
 *(.line)

.debug_srcinfo
 *(.debug_srcinfo)

.debug_sfnames
 *(.debug_sfnames)

.debug_aranges  0x00000000      0x338
 *(.debug_aranges)
 .debug_aranges
                0x00000000       0x58 AccMC3635.o
 .debug_aranges
                0x00000058       0x30 BaroMS5637.o
 .debug_aranges
                0x00000088       0x48 SigfoxAxSip.o
 .debug_aranges
                0x000000d0       0xb8 TinyFox.o
 .debug_aranges
                0x00000188       0x78 I2C.o
 .debug_aranges
                0x00000200       0x70 main.o
 .debug_aranges
                0x00000270       0x88 UART.o
 .debug_aranges
                0x000002f8       0x20 C:/Program Files (x86)/Atmel Studio/7.0/Packs/Atmel/ATtiny_DFP/1.4.310/gcc/dev/attiny1626/avrxmega3\libattiny1626.a(eerd_byte.o)
 .debug_aranges
                0x00000318       0x20 C:/Program Files (x86)/Atmel Studio/7.0/Packs/Atmel/ATtiny_DFP/1.4.310/gcc/dev/attiny1626/avrxmega3\libattiny1626.a(eewr_byte.o)

.debug_pubnames
 *(.debug_pubnames)

.debug_info     0x00000000     0x75c4
 *(.debug_info .gnu.linkonce.wi.*)
 .debug_info    0x00000000     0x1c2f C:/Program Files (x86)/Atmel Studio/7.0/Packs/Atmel/ATtiny_DFP/1.4.310/gcc/dev/attiny1626/avrxmega3/crtattiny1626.o
 .debug_info    0x00001c2f      0x808 AccMC3635.o
 .debug_info    0x00002437      0x50f BaroMS5637.o
 .debug_info    0x00002946      0x651 SigfoxAxSip.o
 .debug_info    0x00002f97     0x18e3 TinyFox.o
 .debug_info    0x0000487a      0x6c7 I2C.o
 .debug_info    0x00004f41     0x1b21 main.o
 .debug_info    0x00006a62      0xa24 UART.o
 .debug_info    0x00007486       0x9f C:/Program Files (x86)/Atmel Studio/7.0/Packs/Atmel/ATtiny_DFP/1.4.310/gcc/dev/attiny1626/avrxmega3\libattiny1626.a(eerd_byte.o)
 .debug_info    0x00007525       0x9f C:/Program Files (x86)/Atmel Studio/7.0/Packs/Atmel/ATtiny_DFP/1.4.310/gcc/dev/attiny1626/avrxmega3\libattiny1626.a(eewr_byte.o)

.debug_abbrev   0x00000000     0x2c39
 *(.debug_abbrev)
 .debug_abbrev  0x00000000     0x1ab0 C:/Program Files (x86)/Atmel Studio/7.0/Packs/Atmel/ATtiny_DFP/1.4.310/gcc/dev/attiny1626/avrxmega3/crtattiny1626.o
 .debug_abbrev  0x00001ab0      0x19d AccMC3635.o
 .debug_abbrev  0x00001c4d      0x1a7 BaroMS5637.o
 .debug_abbrev  0x00001df4      0x1e5 SigfoxAxSip.o
 .debug_abbrev  0x00001fd9      0x34c TinyFox.o
 .debug_abbrev  0x00002325      0x1f5 I2C.o
 .debug_abbrev  0x0000251a      0x414 main.o
 .debug_abbrev  0x0000292e      0x2e3 UART.o
 .debug_abbrev  0x00002c11       0x14 C:/Program Files (x86)/Atmel Studio/7.0/Packs/Atmel/ATtiny_DFP/1.4.310/gcc/dev/attiny1626/avrxmega3\libattiny1626.a(eerd_byte.o)
 .debug_abbrev  0x00002c25       0x14 C:/Program Files (x86)/Atmel Studio/7.0/Packs/Atmel/ATtiny_DFP/1.4.310/gcc/dev/attiny1626/avrxmega3\libattiny1626.a(eewr_byte.o)

.debug_line     0x00000000     0x228b
 *(.debug_line .debug_line.* .debug_line_end)
 .debug_line    0x00000000      0x14b C:/Program Files (x86)/Atmel Studio/7.0/Packs/Atmel/ATtiny_DFP/1.4.310/gcc/dev/attiny1626/avrxmega3/crtattiny1626.o
 .debug_line    0x0000014b      0x2e8 AccMC3635.o
 .debug_line    0x00000433      0x286 BaroMS5637.o
 .debug_line    0x000006b9      0x281 SigfoxAxSip.o
 .debug_line    0x0000093a      0x58a TinyFox.o
 .debug_line    0x00000ec4      0x410 I2C.o
 .debug_line    0x000012d4      0x9d4 main.o
 .debug_line    0x00001ca8      0x4a9 UART.o
 .debug_line    0x00002151       0x79 C:/Program Files (x86)/Atmel Studio/7.0/Packs/Atmel/ATtiny_DFP/1.4.310/gcc/dev/attiny1626/avrxmega3\libattiny1626.a(eerd_byte.o)
 .debug_line    0x000021ca       0xc1 C:/Program Files (x86)/Atmel Studio/7.0/Packs/Atmel/ATtiny_DFP/1.4.310/gcc/dev/attiny1626/avrxmega3\libattiny1626.a(eewr_byte.o)

.debug_frame    0x00000000      0x8ac
 *(.debug_frame)
 .debug_frame   0x00000000      0x120 AccMC3635.o
 .debug_frame   0x00000120       0xdc BaroMS5637.o
 .debug_frame   0x000001fc       0xc0 SigfoxAxSip.o
 .debug_frame   0x000002bc      0x154 TinyFox.o
 .debug_frame   0x00000410      0x108 I2C.o
 .debug_frame   0x00000518      0x22c main.o
 .debug_frame   0x00000744      0x168 UART.o

.debug_str      0x00000000     0x30d2
 *(.debug_str)
 .debug_str     0x00000000      0xc8d C:/Program Files (x86)/Atmel Studio/7.0/Packs/Atmel/ATtiny_DFP/1.4.310/gcc/dev/attiny1626/avrxmega3/crtattiny1626.o
 .debug_str     0x00000c8d      0x422 AccMC3635.o
                                0x470 (size before relaxing)
 .debug_str     0x000010af       0xea BaroMS5637.o
                                0x37a (size before relaxing)
 .debug_str     0x00001199      0x21e SigfoxAxSip.o
                                0x41c (size before relaxing)
 .debug_str     0x000013b7     0x1258 TinyFox.o
                               0x14ad (size before relaxing)
 .debug_str     0x0000260f      0x280 I2C.o
                                0x574 (size before relaxing)
 .debug_str     0x0000288f      0x674 main.o
                               0x11b4 (size before relaxing)
 .debug_str     0x00002f03      0x1cf UART.o
                                0x5e4 (size before relaxing)

.debug_loc      0x00000000     0x323c
 *(.debug_loc)
 .debug_loc     0x00000000      0x404 AccMC3635.o
 .debug_loc     0x00000404      0xad5 BaroMS5637.o
 .debug_loc     0x00000ed9      0x32a SigfoxAxSip.o
 .debug_loc     0x00001203      0x2b7 TinyFox.o
 .debug_loc     0x000014ba      0x584 I2C.o
 .debug_loc     0x00001a3e     0x1210 main.o
 .debug_loc     0x00002c4e      0x5ee UART.o

.debug_macinfo
 *(.debug_macinfo)

.debug_weaknames
 *(.debug_weaknames)

.debug_funcnames
 *(.debug_funcnames)

.debug_typenames
 *(.debug_typenames)

.debug_varnames
 *(.debug_varnames)

.debug_pubtypes
 *(.debug_pubtypes)

.debug_ranges   0x00000000      0x2e8
 *(.debug_ranges)
 .debug_ranges  0x00000000       0x48 AccMC3635.o
 .debug_ranges  0x00000048       0x20 BaroMS5637.o
 .debug_ranges  0x00000068       0x38 SigfoxAxSip.o
 .debug_ranges  0x000000a0       0xa8 TinyFox.o
 .debug_ranges  0x00000148       0x80 I2C.o
 .debug_ranges  0x000001c8       0xa8 main.o
 .debug_ranges  0x00000270       0x78 UART.o

.debug_macro
 *(.debug_macro)
OUTPUT(TinyFoxSoftware.elf elf32-avr)
LOAD linker stubs
