Archive member included to satisfy reference by file (symbol)

c:/program files (x86)/atmel studio/7.0/toolchain/avr8/avr8-gnu-toolchain/bin/../lib/gcc/avr/5.4.0/avrxmega3\libgcc.a(_divmodhi4.o)
                              library/BioLoggerHelperTime.o (__divmodhi4)
c:/program files (x86)/atmel studio/7.0/toolchain/avr8/avr8-gnu-toolchain/bin/../lib/gcc/avr/5.4.0/avrxmega3\libgcc.a(_udivmodsi4.o)
                              library/BioLoggerHelper.o (__udivmodsi4)
c:/program files (x86)/atmel studio/7.0/toolchain/avr8/avr8-gnu-toolchain/bin/../lib/gcc/avr/5.4.0/avrxmega3\libgcc.a(_exit.o)
                              C:/Program Files (x86)/Atmel Studio/7.0/Packs/Atmel/ATtiny_DFP/1.4.310/gcc/dev/attiny1616/avrxmega3/crtattiny1616.o (exit)
c:/program files (x86)/atmel studio/7.0/toolchain/avr8/avr8-gnu-toolchain/bin/../lib/gcc/avr/5.4.0/avrxmega3\libgcc.a(_clear_bss.o)
                              library/ArduinoInterface.o (__do_clear_bss)
c:/program files (x86)/atmel studio/7.0/toolchain/avr8/avr8-gnu-toolchain/bin/../lib/gcc/avr/5.4.0/avrxmega3\libgcc.a(_umulhisi3.o)
                              library/SuperTinyREV3.o (__umulhisi3)
c:/program files (x86)/atmel studio/7.0/toolchain/avr8/avr8-gnu-toolchain/bin/../lib/gcc/avr/5.4.0/avrxmega3\libgcc.a(_muluhisi3.o)
                              library/twi.o (__muluhisi3)
c:/program files (x86)/atmel studio/7.0/toolchain/avr8/avr8-gnu-toolchain/bin/../lib/gcc/avr/5.4.0/avrxmega3\libgcc.a(_udivmodhi4.o)
                              c:/program files (x86)/atmel studio/7.0/toolchain/avr8/avr8-gnu-toolchain/bin/../lib/gcc/avr/5.4.0/avrxmega3\libgcc.a(_divmodhi4.o) (__udivmodhi4)
c:/program files (x86)/atmel studio/7.0/toolchain/avr8/avr8-gnu-toolchain/bin/../lib/gcc/avr/5.4.0/../../../../avr/lib/avrxmega3\libc.a(iob.o)
                              library/SuperTinyREV3.o (__iob)
C:/Program Files (x86)/Atmel Studio/7.0/Packs/Atmel/ATtiny_DFP/1.4.310/gcc/dev/attiny1616/avrxmega3\libattiny1616.a(eerd_byte.o)
                              library/SuperTinyREV3.o (eeprom_read_byte)
C:/Program Files (x86)/Atmel Studio/7.0/Packs/Atmel/ATtiny_DFP/1.4.310/gcc/dev/attiny1616/avrxmega3\libattiny1616.a(eewr_byte.o)
                              library/SuperTinyREV3.o (eeprom_write_byte)

Allocating common symbols
Common symbol       size              file

__iob               0x6               c:/program files (x86)/atmel studio/7.0/toolchain/avr8/avr8-gnu-toolchain/bin/../lib/gcc/avr/5.4.0/../../../../avr/lib/avrxmega3\libc.a(iob.o)

Discarded input sections

 .data          0x00000000        0x0 C:/Program Files (x86)/Atmel Studio/7.0/Packs/Atmel/ATtiny_DFP/1.4.310/gcc/dev/attiny1616/avrxmega3/crtattiny1616.o
 .bss           0x00000000        0x0 C:/Program Files (x86)/Atmel Studio/7.0/Packs/Atmel/ATtiny_DFP/1.4.310/gcc/dev/attiny1616/avrxmega3/crtattiny1616.o
 .text          0x00000000        0x0 library/ArduinoInterface.o
 .data          0x00000000        0x0 library/ArduinoInterface.o
 .bss           0x00000000        0x0 library/ArduinoInterface.o
 .text._ZN7Arduino12delayWrapperEj
                0x00000000       0x16 library/ArduinoInterface.o
 .text._ZN7Arduino13millisWrapperEv
                0x00000000       0x12 library/ArduinoInterface.o
 .text._ZN3I2C5beginEv
                0x00000000        0x2 library/ArduinoInterface.o
 .text._ZN3I2C8setClockEm
                0x00000000        0x2 library/ArduinoInterface.o
 .text._ZN3I2C17beginTransmissionEh
                0x00000000        0x2 library/ArduinoInterface.o
 .text._ZN3I2C5writeEh
                0x00000000        0x2 library/ArduinoInterface.o
 .text._ZN3I2C4readEv
                0x00000000        0x4 library/ArduinoInterface.o
 .text._ZN3I2C15endTransmissionEv
                0x00000000        0x4 library/ArduinoInterface.o
 .text._ZN3I2C11requestFromEhh
                0x00000000        0x2 library/ArduinoInterface.o
 .text._ZN3I2C9availableEv
                0x00000000        0x4 library/ArduinoInterface.o
 .bss.i2c       0x00000000        0x1 library/ArduinoInterface.o
 .debug_info    0x00000000      0x46a library/ArduinoInterface.o
 .debug_abbrev  0x00000000      0x1ef library/ArduinoInterface.o
 .debug_loc     0x00000000       0xf7 library/ArduinoInterface.o
 .debug_aranges
                0x00000000       0x68 library/ArduinoInterface.o
 .debug_ranges  0x00000000       0x58 library/ArduinoInterface.o
 .debug_line    0x00000000      0x1e7 library/ArduinoInterface.o
 .debug_str     0x00000000      0x399 library/ArduinoInterface.o
 .comment       0x00000000       0x31 library/ArduinoInterface.o
 .debug_frame   0x00000000       0xb4 library/ArduinoInterface.o
 .text          0x00000000        0x0 library/BioLoggerHelper.o
 .data          0x00000000        0x0 library/BioLoggerHelper.o
 .bss           0x00000000        0x0 library/BioLoggerHelper.o
 .text._ZN6Helper8intToBCDEh
                0x00000000       0x26 library/BioLoggerHelper.o
 .text._ZN6Helper8BCDToIntEh
                0x00000000       0x18 library/BioLoggerHelper.o
 .text._ZN6Helper6setBitEhhb
                0x00000000       0x3c library/BioLoggerHelper.o
 .text._ZN6Helper6getBitEhh
                0x00000000       0x10 library/BioLoggerHelper.o
 .text._ZN6Helper7to32KHzEm
                0x00000000       0x12 library/BioLoggerHelper.o
 .debug_info    0x00000000      0x242 library/BioLoggerHelper.o
 .debug_abbrev  0x00000000       0xd0 library/BioLoggerHelper.o
 .debug_loc     0x00000000      0x19a library/BioLoggerHelper.o
 .debug_aranges
                0x00000000       0x40 library/BioLoggerHelper.o
 .debug_ranges  0x00000000       0x30 library/BioLoggerHelper.o
 .debug_line    0x00000000      0x149 library/BioLoggerHelper.o
 .debug_str     0x00000000      0x26a library/BioLoggerHelper.o
 .comment       0x00000000       0x31 library/BioLoggerHelper.o
 .debug_frame   0x00000000       0x64 library/BioLoggerHelper.o
 .text          0x00000000        0x0 library/BioLoggerHelperTime.o
 .data          0x00000000        0x0 library/BioLoggerHelperTime.o
 .bss           0x00000000        0x0 library/BioLoggerHelperTime.o
 .text._Z9breakTimemR12tmElements_t
                0x00000000      0x270 library/BioLoggerHelperTime.o
 .rodata._ZL9monthDays
                0x00000000        0xc library/BioLoggerHelperTime.o
 .debug_info    0x00000000      0x1b5 library/BioLoggerHelperTime.o
 .debug_abbrev  0x00000000       0xe0 library/BioLoggerHelperTime.o
 .debug_loc     0x00000000      0x3ed library/BioLoggerHelperTime.o
 .debug_aranges
                0x00000000       0x20 library/BioLoggerHelperTime.o
 .debug_ranges  0x00000000       0x10 library/BioLoggerHelperTime.o
 .debug_line    0x00000000      0x1f9 library/BioLoggerHelperTime.o
 .debug_str     0x00000000      0x272 library/BioLoggerHelperTime.o
 .comment       0x00000000       0x31 library/BioLoggerHelperTime.o
 .debug_frame   0x00000000       0x80 library/BioLoggerHelperTime.o
 .text          0x00000000        0x0 library/BioLoggerI2CSensor.o
 .data          0x00000000        0x0 library/BioLoggerI2CSensor.o
 .bss           0x00000000        0x0 library/BioLoggerI2CSensor.o
 .text._ZN18BioLoggerI2CSensorC2EPFbvE
                0x00000000        0x8 library/BioLoggerI2CSensor.o
 .text._ZN18BioLoggerI2CSensor7isAliveEv
                0x00000000       0x1e library/BioLoggerI2CSensor.o
 .text._ZN18BioLoggerI2CSensor17writeRegisterBaseEhPhj
                0x00000000       0x62 library/BioLoggerI2CSensor.o
 .text._ZN18BioLoggerI2CSensor13writeRegisterEhh
                0x00000000       0x22 library/BioLoggerI2CSensor.o
 .text._ZN18BioLoggerI2CSensor22writeRegisterPageInt32Ehm
                0x00000000       0x2e library/BioLoggerI2CSensor.o
 .text._ZN18BioLoggerI2CSensor16readRegisterBaseEPhhS0_j
                0x00000000       0xaa library/BioLoggerI2CSensor.o
 .text._ZN18BioLoggerI2CSensor12readRegisterEhRb
                0x00000000       0x4e library/BioLoggerI2CSensor.o
 .text._ZN18BioLoggerI2CSensor21readRegisterPageInt32EhRb
                0x00000000       0xa0 library/BioLoggerI2CSensor.o
 .text._ZN18BioLoggerI2CSensor21readRegisterPageArrayEhPhj
                0x00000000       0x2c library/BioLoggerI2CSensor.o
 .text._ZN18BioLoggerI2CSensor15readRegisterBitEhhRb
                0x00000000       0x14 library/BioLoggerI2CSensor.o
 .debug_info    0x00000000      0xa57 library/BioLoggerI2CSensor.o
 .debug_abbrev  0x00000000      0x283 library/BioLoggerI2CSensor.o
 .debug_loc     0x00000000      0xa5a library/BioLoggerI2CSensor.o
 .debug_aranges
                0x00000000       0x68 library/BioLoggerI2CSensor.o
 .debug_ranges  0x00000000       0x70 library/BioLoggerI2CSensor.o
 .debug_line    0x00000000      0x2cf library/BioLoggerI2CSensor.o
 .debug_str     0x00000000      0x651 library/BioLoggerI2CSensor.o
 .comment       0x00000000       0x31 library/BioLoggerI2CSensor.o
 .debug_frame   0x00000000      0x19c library/BioLoggerI2CSensor.o
 .group         0x00000000        0x8 library/BioLoggerMemory.o
 .text          0x00000000        0x0 library/BioLoggerMemory.o
 .data          0x00000000        0x0 library/BioLoggerMemory.o
 .bss           0x00000000        0x0 library/BioLoggerMemory.o
 .text._ZN15BioLoggerMemoryC2Ev
                0x00000000       0x26 library/BioLoggerMemory.o
 .text._ZN15BioLoggerMemory13getMemorySizeEv
                0x00000000        0xc library/BioLoggerMemory.o
 .text._ZN15BioLoggerMemory15readMemoryInt32EmRb
                0x00000000       0xac library/BioLoggerMemory.o
 .text._ZN15BioLoggerMemory16writeMemoryInt32Emm
                0x00000000       0x4e library/BioLoggerMemory.o
 .text._ZN15BioLoggerMemory9initQueueEmb
                0x00000000       0xf6 library/BioLoggerMemory.o
 .text._ZN15BioLoggerMemory10addToQueueEPhm
                0x00000000       0xce library/BioLoggerMemory.o
 .text._ZN15BioLoggerMemory15getQueuePointerEv
                0x00000000        0xc library/BioLoggerMemory.o
 .text._ZN15BioLoggerMemory21getQueueOccupiedSpaceEv
                0x00000000       0x2e library/BioLoggerMemory.o
 .text._ZN15BioLoggerMemory22getQueueRemainingSpaceEv
                0x00000000       0x28 library/BioLoggerMemory.o
 .rodata._ZTV15BioLoggerMemory
                0x00000000        0xc library/BioLoggerMemory.o
 .debug_info    0x00000000      0x75e library/BioLoggerMemory.o
 .debug_abbrev  0x00000000      0x284 library/BioLoggerMemory.o
 .debug_loc     0x00000000      0x7d9 library/BioLoggerMemory.o
 .debug_aranges
                0x00000000       0x60 library/BioLoggerMemory.o
 .debug_ranges  0x00000000       0x50 library/BioLoggerMemory.o
 .debug_line    0x00000000      0x289 library/BioLoggerMemory.o
 .debug_str     0x00000000      0x570 library/BioLoggerMemory.o
 .comment       0x00000000       0x31 library/BioLoggerMemory.o
 .debug_frame   0x00000000      0x1a4 library/BioLoggerMemory.o
 .text          0x00000000        0x0 library/I2C.o
 .data          0x00000000        0x0 library/I2C.o
 .bss           0x00000000        0x0 library/I2C.o
 .text._Z8I2C_initv
                0x00000000       0x40 library/I2C.o
 .text._Z11I2C_recoverv
                0x00000000       0x6c library/I2C.o
 .text._Z9I2C_starth
                0x00000000       0x20 library/I2C.o
 .text._Z12I2C_wait_ACKv
                0x00000000       0x42 library/I2C.o
 .text._Z13I2C_rep_starth
                0x00000000        0x6 library/I2C.o
 .text._Z8I2C_readPhh
                0x00000000       0x72 library/I2C.o
 .text._Z9I2C_writePh
                0x00000000       0x3a library/I2C.o
 .text._Z8I2C_stopv
                0x00000000        0xc library/I2C.o
 .text._Z14I2C_read_byteshPhhh
                0x00000000       0xa8 library/I2C.o
 .text._Z15I2C_write_byteshPhhh
                0x00000000       0x92 library/I2C.o
 .bss.timeout_cnt
                0x00000000        0x1 library/I2C.o
 .debug_info    0x00000000      0x7fe library/I2C.o
 .debug_abbrev  0x00000000      0x27a library/I2C.o
 .debug_loc     0x00000000      0x5ac library/I2C.o
 .debug_aranges
                0x00000000       0x68 library/I2C.o
 .debug_ranges  0x00000000       0x58 library/I2C.o
 .debug_line    0x00000000      0x4ec library/I2C.o
 .debug_str     0x00000000      0x60b library/I2C.o
 .comment       0x00000000       0x31 library/I2C.o
 .debug_frame   0x00000000       0xfc library/I2C.o
 .text          0x00000000        0x0 library/RTC_RV3028C7.o
 .data          0x00000000        0x0 library/RTC_RV3028C7.o
 .bss           0x00000000        0x0 library/RTC_RV3028C7.o
 .text._ZN12RTC_RV3028C7C2EP18BioLoggerI2CSensor
                0x00000000        0xc library/RTC_RV3028C7.o
 .text._ZN12RTC_RV3028C712getTimestampERb
                0x00000000       0x10 library/RTC_RV3028C7.o
 .text._ZN12RTC_RV3028C712setTimestampEm
                0x00000000       0x12 library/RTC_RV3028C7.o
 .text._ZN12RTC_RV3028C710getSecondsERb
                0x00000000       0x14 library/RTC_RV3028C7.o
 .text._ZN12RTC_RV3028C710getMinutesERb
                0x00000000       0x14 library/RTC_RV3028C7.o
 .text._ZN12RTC_RV3028C78getHoursERb
                0x00000000       0x14 library/RTC_RV3028C7.o
 .text._ZN12RTC_RV3028C710getWeekdayERb
                0x00000000       0x10 library/RTC_RV3028C7.o
 .text._ZN12RTC_RV3028C77getDateERb
                0x00000000       0x14 library/RTC_RV3028C7.o
 .text._ZN12RTC_RV3028C78getMonthERb
                0x00000000       0x14 library/RTC_RV3028C7.o
 .text._ZN12RTC_RV3028C77getYearERb
                0x00000000       0x1a library/RTC_RV3028C7.o
 .text._ZN12RTC_RV3028C73setEhhhhhhj
                0x00000000       0xd8 library/RTC_RV3028C7.o
 .text._ZN12RTC_RV3028C725setTimeWithUTCCompileTimeEb
                0x00000000       0x8e library/RTC_RV3028C7.o
 .text._ZN12RTC_RV3028C719setRegularInterruptEj
                0x00000000      0x170 library/RTC_RV3028C7.o
 .text._ZN12RTC_RV3028C720setCalendarInterruptEhhh
                0x00000000      0x1a2 library/RTC_RV3028C7.o
 .text._ZN12RTC_RV3028C717setDailyInterruptEhh
                0x00000000        0xc library/RTC_RV3028C7.o
 .text._ZN12RTC_RV3028C718setHourlyInterruptEh
                0x00000000        0xc library/RTC_RV3028C7.o
 .text._ZN12RTC_RV3028C730dailyOrHourlyInterruptHappenedERb
                0x00000000       0x12 library/RTC_RV3028C7.o
 .text._ZN12RTC_RV3028C724regularInterruptHappenedERb
                0x00000000       0x12 library/RTC_RV3028C7.o
 .text._ZN12RTC_RV3028C719resetInterruptFlagsEv
                0x00000000       0x58 library/RTC_RV3028C7.o
 .debug_info    0x00000000     0x14c4 library/RTC_RV3028C7.o
 .debug_abbrev  0x00000000      0x2a7 library/RTC_RV3028C7.o
 .debug_loc     0x00000000     0x10ee library/RTC_RV3028C7.o
 .debug_aranges
                0x00000000       0xb0 library/RTC_RV3028C7.o
 .debug_ranges  0x00000000       0xa0 library/RTC_RV3028C7.o
 .debug_line    0x00000000      0x4e6 library/RTC_RV3028C7.o
 .debug_str     0x00000000      0xa93 library/RTC_RV3028C7.o
 .comment       0x00000000       0x31 library/RTC_RV3028C7.o
 .debug_frame   0x00000000      0x25c library/RTC_RV3028C7.o
 .text          0x00000000        0x0 library/SuperTinyREV3.o
 .data          0x00000000        0x0 library/SuperTinyREV3.o
 .bss           0x00000000        0x0 library/SuperTinyREV3.o
 .text._ZL16USART0_printCharcP6__file
                0x00000000       0x14 library/SuperTinyREV3.o
 .text._ZN13SuperTinyREV38initPinsEv
                0x00000000       0x62 library/SuperTinyREV3.o
 .text._ZN13SuperTinyREV313sensorPowerOnEv
                0x00000000        0x8 library/SuperTinyREV3.o
 .text._ZN13SuperTinyREV314sensorPowerOffEv
                0x00000000        0x8 library/SuperTinyREV3.o
 .text._ZN13SuperTinyREV311annaPowerOnEv
                0x00000000        0x8 library/SuperTinyREV3.o
 .text._ZN13SuperTinyREV312annaPowerOffEv
                0x00000000        0x8 library/SuperTinyREV3.o
 .text._ZN13SuperTinyREV317disableBODInSleepEv
                0x00000000       0x18 library/SuperTinyREV3.o
 .text._ZN13SuperTinyREV312standbySleepEv
                0x00000000       0x1a library/SuperTinyREV3.o
 .text._ZN13SuperTinyREV324initInternalRTCInterruptEj
                0x00000000       0x2a library/SuperTinyREV3.o
 .text._ZN13SuperTinyREV317readSupplyVoltageEh
                0x00000000       0x4c library/SuperTinyREV3.o
 .text._ZN13SuperTinyREV316setCPUSpeed32khzEv
                0x00000000       0x2a library/SuperTinyREV3.o
 .text._ZN13SuperTinyREV317resetIssuedByUPDIEv
                0x00000000        0x4 library/SuperTinyREV3.o
 .text._ZN13SuperTinyREV310readMemoryEmPhm
                0x00000000       0x8e library/SuperTinyREV3.o
 .text._ZN13SuperTinyREV311writeMemoryEmPhm
                0x00000000       0x8e library/SuperTinyREV3.o
 .text._ZN13SuperTinyREV311clearMemoryEmmh
                0x00000000       0x88 library/SuperTinyREV3.o
 .text._ZN13SuperTinyREV35ledOnEv
                0x00000000        0x8 library/SuperTinyREV3.o
 .text._ZN13SuperTinyREV36ledOffEv
                0x00000000        0x8 library/SuperTinyREV3.o
 .text._ZN13SuperTinyREV312initUART9600Ev
                0x00000000       0x24 library/SuperTinyREV3.o
 .rodata.str1.1
                0x00000000        0x4 library/SuperTinyREV3.o
 .text._ZN13SuperTinyREV37printlnEPKc
                0x00000000       0x24 library/SuperTinyREV3.o
 .text._ZN13SuperTinyREV38printU16Ej
                0x00000000       0x72 library/SuperTinyREV3.o
 .text._ZN13SuperTinyREV39usePrintfEv
                0x00000000       0x22 library/SuperTinyREV3.o
 .bss._ZZN13SuperTinyREV39usePrintfEvE8mystdout
                0x00000000        0xe library/SuperTinyREV3.o
 .text          0x00000000        0x0 library/twi.o
 .data          0x00000000        0x0 library/twi.o
 .bss           0x00000000        0x0 library/twi.o
 .text._Z13TWI_SlaveInithhh
                0x00000000       0x3c library/twi.o
 .text._Z9TWI_Flushv
                0x00000000        0xc library/twi.o
 .text._Z11TWI_Disablev
                0x00000000       0x18 library/twi.o
 .text._Z15TWI_MasterStatev
                0x00000000        0x8 library/twi.o
 .text._Z15TWI_MasterReadyv
                0x00000000        0x8 library/twi.o
 .text._Z17TWI_MasterSetBaudm
                0x00000000       0xac library/twi.o
 .text._Z14TWI_MasterInitm
                0x00000000       0x3a library/twi.o
 .text._Z19TWI_MasterWriteReadhPhhhh
                0x00000000       0xca library/twi.o
 .text._Z15TWI_MasterWritehPhhh
                0x00000000        0xe library/twi.o
 .text._Z14TWI_MasterReadhPhhh
                0x00000000       0x1c library/twi.o
 .text._Z40TWI_MasterArbitrationLostBusErrorHandlerv
                0x00000000       0x26 library/twi.o
 .text._Z29TWI_MasterTransactionFinishedh
                0x00000000       0x10 library/twi.o
 .text._Z22TWI_MasterWriteHandlerv
                0x00000000       0x90 library/twi.o
 .text._Z21TWI_MasterReadHandlerv
                0x00000000       0x82 library/twi.o
 .text._Z26TWI_MasterInterruptHandlerv
                0x00000000       0x2c library/twi.o
 .text._Z28TWI_SlaveAddressMatchHandlerv
                0x00000000       0x44 library/twi.o
 .text._Z22TWI_attachSlaveRxEventPFviEPhh
                0x00000000       0x16 library/twi.o
 .text._Z22TWI_attachSlaveTxEventPFhvEPh
                0x00000000       0x12 library/twi.o
 .text._Z28TWI_SlaveTransactionFinishedh
                0x00000000       0x1a library/twi.o
 .text._Z20TWI_SlaveStopHandlerv
                0x00000000        0xe library/twi.o
 .text._Z21TWI_SlaveWriteHandlerv
                0x00000000       0x62 library/twi.o
 .text._Z20TWI_SlaveReadHandlerv
                0x00000000       0x48 library/twi.o
 .text._Z20TWI_SlaveDataHandlerv
                0x00000000       0x1c library/twi.o
 .text._Z25TWI_SlaveInterruptHandlerv
                0x00000000       0x86 library/twi.o
 .bss._ZL8twi_mode
                0x00000000        0x1 library/twi.o
 .bss._ZL21slave_callUserRequest
                0x00000000        0x1 library/twi.o
 .bss._ZL21slave_callUserReceive
                0x00000000        0x1 library/twi.o
 .bss._ZL12slave_result
                0x00000000        0x1 library/twi.o
 .bss._ZL18slave_trans_status
                0x00000000        0x1 library/twi.o
 .bss._ZL15slave_bytesRead
                0x00000000        0x1 library/twi.o
 .bss._ZL17slave_bytesToRead
                0x00000000        0x1 library/twi.o
 .bss._ZL18slave_bytesWritten
                0x00000000        0x1 library/twi.o
 .bss._ZL18slave_bytesToWrite
                0x00000000        0x1 library/twi.o
 .bss._ZL14slave_readData
                0x00000000        0x2 library/twi.o
 .bss._ZL15slave_writeData
                0x00000000        0x2 library/twi.o
 .bss._ZL18TWI_onSlaveReceive
                0x00000000        0x2 library/twi.o
 .bss._ZL19TWI_onSlaveTransmit
                0x00000000        0x2 library/twi.o
 .bss._ZL13master_result
                0x00000000        0x1 library/twi.o
 .bss._ZL19master_trans_status
                0x00000000        0x1 library/twi.o
 .bss._ZL15master_sendStop
                0x00000000        0x1 library/twi.o
 .bss._ZL16master_bytesRead
                0x00000000        0x1 library/twi.o
 .bss._ZL19master_bytesWritten
                0x00000000        0x1 library/twi.o
 .bss._ZL18master_bytesToRead
                0x00000000        0x1 library/twi.o
 .bss._ZL19master_bytesToWrite
                0x00000000        0x1 library/twi.o
 .bss._ZL15master_readData
                0x00000000        0x2 library/twi.o
 .bss._ZL16master_writeData
                0x00000000        0x2 library/twi.o
 .bss._ZL19master_slaveAddress
                0x00000000        0x1 library/twi.o
 .debug_info    0x00000000      0xc72 library/twi.o
 .debug_abbrev  0x00000000      0x2b1 library/twi.o
 .debug_loc     0x00000000      0x619 library/twi.o
 .debug_aranges
                0x00000000       0xd8 library/twi.o
 .debug_ranges  0x00000000      0x110 library/twi.o
 .debug_line    0x00000000      0x78c library/twi.o
 .debug_str     0x00000000      0xcb7 library/twi.o
 .comment       0x00000000       0x31 library/twi.o
 .debug_frame   0x00000000      0x1e4 library/twi.o
 .text          0x00000000        0x0 main.o
 .data          0x00000000        0x0 main.o
 .bss           0x00000000        0x0 main.o
 .text          0x00000000        0x0 c:/program files (x86)/atmel studio/7.0/toolchain/avr8/avr8-gnu-toolchain/bin/../lib/gcc/avr/5.4.0/avrxmega3\libgcc.a(_divmodhi4.o)
 .data          0x00000000        0x0 c:/program files (x86)/atmel studio/7.0/toolchain/avr8/avr8-gnu-toolchain/bin/../lib/gcc/avr/5.4.0/avrxmega3\libgcc.a(_divmodhi4.o)
 .bss           0x00000000        0x0 c:/program files (x86)/atmel studio/7.0/toolchain/avr8/avr8-gnu-toolchain/bin/../lib/gcc/avr/5.4.0/avrxmega3\libgcc.a(_divmodhi4.o)
 .text.libgcc.mul
                0x00000000        0x0 c:/program files (x86)/atmel studio/7.0/toolchain/avr8/avr8-gnu-toolchain/bin/../lib/gcc/avr/5.4.0/avrxmega3\libgcc.a(_divmodhi4.o)
 .text.libgcc.div
                0x00000000       0x28 c:/program files (x86)/atmel studio/7.0/toolchain/avr8/avr8-gnu-toolchain/bin/../lib/gcc/avr/5.4.0/avrxmega3\libgcc.a(_divmodhi4.o)
 .text.libgcc   0x00000000        0x0 c:/program files (x86)/atmel studio/7.0/toolchain/avr8/avr8-gnu-toolchain/bin/../lib/gcc/avr/5.4.0/avrxmega3\libgcc.a(_divmodhi4.o)
 .text.libgcc.prologue
                0x00000000        0x0 c:/program files (x86)/atmel studio/7.0/toolchain/avr8/avr8-gnu-toolchain/bin/../lib/gcc/avr/5.4.0/avrxmega3\libgcc.a(_divmodhi4.o)
 .text.libgcc.builtins
                0x00000000        0x0 c:/program files (x86)/atmel studio/7.0/toolchain/avr8/avr8-gnu-toolchain/bin/../lib/gcc/avr/5.4.0/avrxmega3\libgcc.a(_divmodhi4.o)
 .text.libgcc.fmul
                0x00000000        0x0 c:/program files (x86)/atmel studio/7.0/toolchain/avr8/avr8-gnu-toolchain/bin/../lib/gcc/avr/5.4.0/avrxmega3\libgcc.a(_divmodhi4.o)
 .text.libgcc.fixed
                0x00000000        0x0 c:/program files (x86)/atmel studio/7.0/toolchain/avr8/avr8-gnu-toolchain/bin/../lib/gcc/avr/5.4.0/avrxmega3\libgcc.a(_divmodhi4.o)
 .text          0x00000000        0x0 c:/program files (x86)/atmel studio/7.0/toolchain/avr8/avr8-gnu-toolchain/bin/../lib/gcc/avr/5.4.0/avrxmega3\libgcc.a(_udivmodsi4.o)
 .data          0x00000000        0x0 c:/program files (x86)/atmel studio/7.0/toolchain/avr8/avr8-gnu-toolchain/bin/../lib/gcc/avr/5.4.0/avrxmega3\libgcc.a(_udivmodsi4.o)
 .bss           0x00000000        0x0 c:/program files (x86)/atmel studio/7.0/toolchain/avr8/avr8-gnu-toolchain/bin/../lib/gcc/avr/5.4.0/avrxmega3\libgcc.a(_udivmodsi4.o)
 .text.libgcc.mul
                0x00000000        0x0 c:/program files (x86)/atmel studio/7.0/toolchain/avr8/avr8-gnu-toolchain/bin/../lib/gcc/avr/5.4.0/avrxmega3\libgcc.a(_udivmodsi4.o)
 .text.libgcc.div
                0x00000000       0x44 c:/program files (x86)/atmel studio/7.0/toolchain/avr8/avr8-gnu-toolchain/bin/../lib/gcc/avr/5.4.0/avrxmega3\libgcc.a(_udivmodsi4.o)
 .text.libgcc   0x00000000        0x0 c:/program files (x86)/atmel studio/7.0/toolchain/avr8/avr8-gnu-toolchain/bin/../lib/gcc/avr/5.4.0/avrxmega3\libgcc.a(_udivmodsi4.o)
 .text.libgcc.prologue
                0x00000000        0x0 c:/program files (x86)/atmel studio/7.0/toolchain/avr8/avr8-gnu-toolchain/bin/../lib/gcc/avr/5.4.0/avrxmega3\libgcc.a(_udivmodsi4.o)
 .text.libgcc.builtins
                0x00000000        0x0 c:/program files (x86)/atmel studio/7.0/toolchain/avr8/avr8-gnu-toolchain/bin/../lib/gcc/avr/5.4.0/avrxmega3\libgcc.a(_udivmodsi4.o)
 .text.libgcc.fmul
                0x00000000        0x0 c:/program files (x86)/atmel studio/7.0/toolchain/avr8/avr8-gnu-toolchain/bin/../lib/gcc/avr/5.4.0/avrxmega3\libgcc.a(_udivmodsi4.o)
 .text.libgcc.fixed
                0x00000000        0x0 c:/program files (x86)/atmel studio/7.0/toolchain/avr8/avr8-gnu-toolchain/bin/../lib/gcc/avr/5.4.0/avrxmega3\libgcc.a(_udivmodsi4.o)
 .text          0x00000000        0x0 c:/program files (x86)/atmel studio/7.0/toolchain/avr8/avr8-gnu-toolchain/bin/../lib/gcc/avr/5.4.0/avrxmega3\libgcc.a(_exit.o)
 .data          0x00000000        0x0 c:/program files (x86)/atmel studio/7.0/toolchain/avr8/avr8-gnu-toolchain/bin/../lib/gcc/avr/5.4.0/avrxmega3\libgcc.a(_exit.o)
 .bss           0x00000000        0x0 c:/program files (x86)/atmel studio/7.0/toolchain/avr8/avr8-gnu-toolchain/bin/../lib/gcc/avr/5.4.0/avrxmega3\libgcc.a(_exit.o)
 .text.libgcc.mul
                0x00000000        0x0 c:/program files (x86)/atmel studio/7.0/toolchain/avr8/avr8-gnu-toolchain/bin/../lib/gcc/avr/5.4.0/avrxmega3\libgcc.a(_exit.o)
 .text.libgcc.div
                0x00000000        0x0 c:/program files (x86)/atmel studio/7.0/toolchain/avr8/avr8-gnu-toolchain/bin/../lib/gcc/avr/5.4.0/avrxmega3\libgcc.a(_exit.o)
 .text.libgcc   0x00000000        0x0 c:/program files (x86)/atmel studio/7.0/toolchain/avr8/avr8-gnu-toolchain/bin/../lib/gcc/avr/5.4.0/avrxmega3\libgcc.a(_exit.o)
 .text.libgcc.prologue
                0x00000000        0x0 c:/program files (x86)/atmel studio/7.0/toolchain/avr8/avr8-gnu-toolchain/bin/../lib/gcc/avr/5.4.0/avrxmega3\libgcc.a(_exit.o)
 .text.libgcc.builtins
                0x00000000        0x0 c:/program files (x86)/atmel studio/7.0/toolchain/avr8/avr8-gnu-toolchain/bin/../lib/gcc/avr/5.4.0/avrxmega3\libgcc.a(_exit.o)
 .text.libgcc.fmul
                0x00000000        0x0 c:/program files (x86)/atmel studio/7.0/toolchain/avr8/avr8-gnu-toolchain/bin/../lib/gcc/avr/5.4.0/avrxmega3\libgcc.a(_exit.o)
 .text.libgcc.fixed
                0x00000000        0x0 c:/program files (x86)/atmel studio/7.0/toolchain/avr8/avr8-gnu-toolchain/bin/../lib/gcc/avr/5.4.0/avrxmega3\libgcc.a(_exit.o)
 .text          0x00000000        0x0 c:/program files (x86)/atmel studio/7.0/toolchain/avr8/avr8-gnu-toolchain/bin/../lib/gcc/avr/5.4.0/avrxmega3\libgcc.a(_clear_bss.o)
 .data          0x00000000        0x0 c:/program files (x86)/atmel studio/7.0/toolchain/avr8/avr8-gnu-toolchain/bin/../lib/gcc/avr/5.4.0/avrxmega3\libgcc.a(_clear_bss.o)
 .bss           0x00000000        0x0 c:/program files (x86)/atmel studio/7.0/toolchain/avr8/avr8-gnu-toolchain/bin/../lib/gcc/avr/5.4.0/avrxmega3\libgcc.a(_clear_bss.o)
 .text.libgcc.mul
                0x00000000        0x0 c:/program files (x86)/atmel studio/7.0/toolchain/avr8/avr8-gnu-toolchain/bin/../lib/gcc/avr/5.4.0/avrxmega3\libgcc.a(_clear_bss.o)
 .text.libgcc.div
                0x00000000        0x0 c:/program files (x86)/atmel studio/7.0/toolchain/avr8/avr8-gnu-toolchain/bin/../lib/gcc/avr/5.4.0/avrxmega3\libgcc.a(_clear_bss.o)
 .text.libgcc   0x00000000        0x0 c:/program files (x86)/atmel studio/7.0/toolchain/avr8/avr8-gnu-toolchain/bin/../lib/gcc/avr/5.4.0/avrxmega3\libgcc.a(_clear_bss.o)
 .text.libgcc.prologue
                0x00000000        0x0 c:/program files (x86)/atmel studio/7.0/toolchain/avr8/avr8-gnu-toolchain/bin/../lib/gcc/avr/5.4.0/avrxmega3\libgcc.a(_clear_bss.o)
 .text.libgcc.builtins
                0x00000000        0x0 c:/program files (x86)/atmel studio/7.0/toolchain/avr8/avr8-gnu-toolchain/bin/../lib/gcc/avr/5.4.0/avrxmega3\libgcc.a(_clear_bss.o)
 .text.libgcc.fmul
                0x00000000        0x0 c:/program files (x86)/atmel studio/7.0/toolchain/avr8/avr8-gnu-toolchain/bin/../lib/gcc/avr/5.4.0/avrxmega3\libgcc.a(_clear_bss.o)
 .text.libgcc.fixed
                0x00000000        0x0 c:/program files (x86)/atmel studio/7.0/toolchain/avr8/avr8-gnu-toolchain/bin/../lib/gcc/avr/5.4.0/avrxmega3\libgcc.a(_clear_bss.o)
 .text          0x00000000        0x0 c:/program files (x86)/atmel studio/7.0/toolchain/avr8/avr8-gnu-toolchain/bin/../lib/gcc/avr/5.4.0/avrxmega3\libgcc.a(_umulhisi3.o)
 .data          0x00000000        0x0 c:/program files (x86)/atmel studio/7.0/toolchain/avr8/avr8-gnu-toolchain/bin/../lib/gcc/avr/5.4.0/avrxmega3\libgcc.a(_umulhisi3.o)
 .bss           0x00000000        0x0 c:/program files (x86)/atmel studio/7.0/toolchain/avr8/avr8-gnu-toolchain/bin/../lib/gcc/avr/5.4.0/avrxmega3\libgcc.a(_umulhisi3.o)
 .text.libgcc.mul
                0x00000000       0x1e c:/program files (x86)/atmel studio/7.0/toolchain/avr8/avr8-gnu-toolchain/bin/../lib/gcc/avr/5.4.0/avrxmega3\libgcc.a(_umulhisi3.o)
 .text.libgcc.div
                0x00000000        0x0 c:/program files (x86)/atmel studio/7.0/toolchain/avr8/avr8-gnu-toolchain/bin/../lib/gcc/avr/5.4.0/avrxmega3\libgcc.a(_umulhisi3.o)
 .text.libgcc   0x00000000        0x0 c:/program files (x86)/atmel studio/7.0/toolchain/avr8/avr8-gnu-toolchain/bin/../lib/gcc/avr/5.4.0/avrxmega3\libgcc.a(_umulhisi3.o)
 .text.libgcc.prologue
                0x00000000        0x0 c:/program files (x86)/atmel studio/7.0/toolchain/avr8/avr8-gnu-toolchain/bin/../lib/gcc/avr/5.4.0/avrxmega3\libgcc.a(_umulhisi3.o)
 .text.libgcc.builtins
                0x00000000        0x0 c:/program files (x86)/atmel studio/7.0/toolchain/avr8/avr8-gnu-toolchain/bin/../lib/gcc/avr/5.4.0/avrxmega3\libgcc.a(_umulhisi3.o)
 .text.libgcc.fmul
                0x00000000        0x0 c:/program files (x86)/atmel studio/7.0/toolchain/avr8/avr8-gnu-toolchain/bin/../lib/gcc/avr/5.4.0/avrxmega3\libgcc.a(_umulhisi3.o)
 .text.libgcc.fixed
                0x00000000        0x0 c:/program files (x86)/atmel studio/7.0/toolchain/avr8/avr8-gnu-toolchain/bin/../lib/gcc/avr/5.4.0/avrxmega3\libgcc.a(_umulhisi3.o)
 .text          0x00000000        0x0 c:/program files (x86)/atmel studio/7.0/toolchain/avr8/avr8-gnu-toolchain/bin/../lib/gcc/avr/5.4.0/avrxmega3\libgcc.a(_muluhisi3.o)
 .data          0x00000000        0x0 c:/program files (x86)/atmel studio/7.0/toolchain/avr8/avr8-gnu-toolchain/bin/../lib/gcc/avr/5.4.0/avrxmega3\libgcc.a(_muluhisi3.o)
 .bss           0x00000000        0x0 c:/program files (x86)/atmel studio/7.0/toolchain/avr8/avr8-gnu-toolchain/bin/../lib/gcc/avr/5.4.0/avrxmega3\libgcc.a(_muluhisi3.o)
 .text.libgcc.mul
                0x00000000       0x16 c:/program files (x86)/atmel studio/7.0/toolchain/avr8/avr8-gnu-toolchain/bin/../lib/gcc/avr/5.4.0/avrxmega3\libgcc.a(_muluhisi3.o)
 .text.libgcc.div
                0x00000000        0x0 c:/program files (x86)/atmel studio/7.0/toolchain/avr8/avr8-gnu-toolchain/bin/../lib/gcc/avr/5.4.0/avrxmega3\libgcc.a(_muluhisi3.o)
 .text.libgcc   0x00000000        0x0 c:/program files (x86)/atmel studio/7.0/toolchain/avr8/avr8-gnu-toolchain/bin/../lib/gcc/avr/5.4.0/avrxmega3\libgcc.a(_muluhisi3.o)
 .text.libgcc.prologue
                0x00000000        0x0 c:/program files (x86)/atmel studio/7.0/toolchain/avr8/avr8-gnu-toolchain/bin/../lib/gcc/avr/5.4.0/avrxmega3\libgcc.a(_muluhisi3.o)
 .text.libgcc.builtins
                0x00000000        0x0 c:/program files (x86)/atmel studio/7.0/toolchain/avr8/avr8-gnu-toolchain/bin/../lib/gcc/avr/5.4.0/avrxmega3\libgcc.a(_muluhisi3.o)
 .text.libgcc.fmul
                0x00000000        0x0 c:/program files (x86)/atmel studio/7.0/toolchain/avr8/avr8-gnu-toolchain/bin/../lib/gcc/avr/5.4.0/avrxmega3\libgcc.a(_muluhisi3.o)
 .text.libgcc.fixed
                0x00000000        0x0 c:/program files (x86)/atmel studio/7.0/toolchain/avr8/avr8-gnu-toolchain/bin/../lib/gcc/avr/5.4.0/avrxmega3\libgcc.a(_muluhisi3.o)
 .text          0x00000000        0x0 c:/program files (x86)/atmel studio/7.0/toolchain/avr8/avr8-gnu-toolchain/bin/../lib/gcc/avr/5.4.0/avrxmega3\libgcc.a(_udivmodhi4.o)
 .data          0x00000000        0x0 c:/program files (x86)/atmel studio/7.0/toolchain/avr8/avr8-gnu-toolchain/bin/../lib/gcc/avr/5.4.0/avrxmega3\libgcc.a(_udivmodhi4.o)
 .bss           0x00000000        0x0 c:/program files (x86)/atmel studio/7.0/toolchain/avr8/avr8-gnu-toolchain/bin/../lib/gcc/avr/5.4.0/avrxmega3\libgcc.a(_udivmodhi4.o)
 .text.libgcc.mul
                0x00000000        0x0 c:/program files (x86)/atmel studio/7.0/toolchain/avr8/avr8-gnu-toolchain/bin/../lib/gcc/avr/5.4.0/avrxmega3\libgcc.a(_udivmodhi4.o)
 .text.libgcc.div
                0x00000000       0x28 c:/program files (x86)/atmel studio/7.0/toolchain/avr8/avr8-gnu-toolchain/bin/../lib/gcc/avr/5.4.0/avrxmega3\libgcc.a(_udivmodhi4.o)
 .text.libgcc   0x00000000        0x0 c:/program files (x86)/atmel studio/7.0/toolchain/avr8/avr8-gnu-toolchain/bin/../lib/gcc/avr/5.4.0/avrxmega3\libgcc.a(_udivmodhi4.o)
 .text.libgcc.prologue
                0x00000000        0x0 c:/program files (x86)/atmel studio/7.0/toolchain/avr8/avr8-gnu-toolchain/bin/../lib/gcc/avr/5.4.0/avrxmega3\libgcc.a(_udivmodhi4.o)
 .text.libgcc.builtins
                0x00000000        0x0 c:/program files (x86)/atmel studio/7.0/toolchain/avr8/avr8-gnu-toolchain/bin/../lib/gcc/avr/5.4.0/avrxmega3\libgcc.a(_udivmodhi4.o)
 .text.libgcc.fmul
                0x00000000        0x0 c:/program files (x86)/atmel studio/7.0/toolchain/avr8/avr8-gnu-toolchain/bin/../lib/gcc/avr/5.4.0/avrxmega3\libgcc.a(_udivmodhi4.o)
 .text.libgcc.fixed
                0x00000000        0x0 c:/program files (x86)/atmel studio/7.0/toolchain/avr8/avr8-gnu-toolchain/bin/../lib/gcc/avr/5.4.0/avrxmega3\libgcc.a(_udivmodhi4.o)
 .text          0x00000000        0x0 c:/program files (x86)/atmel studio/7.0/toolchain/avr8/avr8-gnu-toolchain/bin/../lib/gcc/avr/5.4.0/../../../../avr/lib/avrxmega3\libc.a(iob.o)
 .data          0x00000000        0x0 c:/program files (x86)/atmel studio/7.0/toolchain/avr8/avr8-gnu-toolchain/bin/../lib/gcc/avr/5.4.0/../../../../avr/lib/avrxmega3\libc.a(iob.o)
 .bss           0x00000000        0x0 c:/program files (x86)/atmel studio/7.0/toolchain/avr8/avr8-gnu-toolchain/bin/../lib/gcc/avr/5.4.0/../../../../avr/lib/avrxmega3\libc.a(iob.o)
 .comment       0x00000000       0x31 c:/program files (x86)/atmel studio/7.0/toolchain/avr8/avr8-gnu-toolchain/bin/../lib/gcc/avr/5.4.0/../../../../avr/lib/avrxmega3\libc.a(iob.o)
 COMMON         0x00000000        0x6 c:/program files (x86)/atmel studio/7.0/toolchain/avr8/avr8-gnu-toolchain/bin/../lib/gcc/avr/5.4.0/../../../../avr/lib/avrxmega3\libc.a(iob.o)
 .text          0x00000000        0x0 C:/Program Files (x86)/Atmel Studio/7.0/Packs/Atmel/ATtiny_DFP/1.4.310/gcc/dev/attiny1616/avrxmega3\libattiny1616.a(eerd_byte.o)
 .data          0x00000000        0x0 C:/Program Files (x86)/Atmel Studio/7.0/Packs/Atmel/ATtiny_DFP/1.4.310/gcc/dev/attiny1616/avrxmega3\libattiny1616.a(eerd_byte.o)
 .bss           0x00000000        0x0 C:/Program Files (x86)/Atmel Studio/7.0/Packs/Atmel/ATtiny_DFP/1.4.310/gcc/dev/attiny1616/avrxmega3\libattiny1616.a(eerd_byte.o)
 .text.avr-libc
                0x00000000       0x10 C:/Program Files (x86)/Atmel Studio/7.0/Packs/Atmel/ATtiny_DFP/1.4.310/gcc/dev/attiny1616/avrxmega3\libattiny1616.a(eerd_byte.o)
 .debug_line    0x00000000       0x79 C:/Program Files (x86)/Atmel Studio/7.0/Packs/Atmel/ATtiny_DFP/1.4.310/gcc/dev/attiny1616/avrxmega3\libattiny1616.a(eerd_byte.o)
 .debug_info    0x00000000       0x9f C:/Program Files (x86)/Atmel Studio/7.0/Packs/Atmel/ATtiny_DFP/1.4.310/gcc/dev/attiny1616/avrxmega3\libattiny1616.a(eerd_byte.o)
 .debug_abbrev  0x00000000       0x14 C:/Program Files (x86)/Atmel Studio/7.0/Packs/Atmel/ATtiny_DFP/1.4.310/gcc/dev/attiny1616/avrxmega3\libattiny1616.a(eerd_byte.o)
 .debug_aranges
                0x00000000       0x20 C:/Program Files (x86)/Atmel Studio/7.0/Packs/Atmel/ATtiny_DFP/1.4.310/gcc/dev/attiny1616/avrxmega3\libattiny1616.a(eerd_byte.o)
 .text          0x00000000        0x0 C:/Program Files (x86)/Atmel Studio/7.0/Packs/Atmel/ATtiny_DFP/1.4.310/gcc/dev/attiny1616/avrxmega3\libattiny1616.a(eewr_byte.o)
 .data          0x00000000        0x0 C:/Program Files (x86)/Atmel Studio/7.0/Packs/Atmel/ATtiny_DFP/1.4.310/gcc/dev/attiny1616/avrxmega3\libattiny1616.a(eewr_byte.o)
 .bss           0x00000000        0x0 C:/Program Files (x86)/Atmel Studio/7.0/Packs/Atmel/ATtiny_DFP/1.4.310/gcc/dev/attiny1616/avrxmega3\libattiny1616.a(eewr_byte.o)
 .text.avr-libc
                0x00000000       0x28 C:/Program Files (x86)/Atmel Studio/7.0/Packs/Atmel/ATtiny_DFP/1.4.310/gcc/dev/attiny1616/avrxmega3\libattiny1616.a(eewr_byte.o)
 .debug_line    0x00000000       0xc1 C:/Program Files (x86)/Atmel Studio/7.0/Packs/Atmel/ATtiny_DFP/1.4.310/gcc/dev/attiny1616/avrxmega3\libattiny1616.a(eewr_byte.o)
 .debug_info    0x00000000       0x9f C:/Program Files (x86)/Atmel Studio/7.0/Packs/Atmel/ATtiny_DFP/1.4.310/gcc/dev/attiny1616/avrxmega3\libattiny1616.a(eewr_byte.o)
 .debug_abbrev  0x00000000       0x14 C:/Program Files (x86)/Atmel Studio/7.0/Packs/Atmel/ATtiny_DFP/1.4.310/gcc/dev/attiny1616/avrxmega3\libattiny1616.a(eewr_byte.o)
 .debug_aranges
                0x00000000       0x20 C:/Program Files (x86)/Atmel Studio/7.0/Packs/Atmel/ATtiny_DFP/1.4.310/gcc/dev/attiny1616/avrxmega3\libattiny1616.a(eewr_byte.o)

Memory Configuration

Name             Origin             Length             Attributes
text             0x00000000         0x00004000         xr
data             0x00803800         0x00000800         rw !x
eeprom           0x00810000         0x00000100         rw !x
fuse             0x00820000         0x0000000a         rw !x
lock             0x00830000         0x00000400         rw !x
signature        0x00840000         0x00000400         rw !x
user_signatures  0x00850000         0x00000400         rw !x
*default*        0x00000000         0xffffffff

Linker script and memory map

Address of section .data set to 0x803800
                0x00008000                __RODATA_PM_OFFSET__ = 0x8000
LOAD C:/Program Files (x86)/Atmel Studio/7.0/Packs/Atmel/ATtiny_DFP/1.4.310/gcc/dev/attiny1616/avrxmega3/crtattiny1616.o
LOAD library/ArduinoInterface.o
LOAD library/BioLoggerHelper.o
LOAD library/BioLoggerHelperTime.o
LOAD library/BioLoggerI2CSensor.o
LOAD library/BioLoggerMemory.o
LOAD library/I2C.o
LOAD library/RTC_RV3028C7.o
LOAD library/SuperTinyREV3.o
LOAD library/twi.o
LOAD main.o
START GROUP
LOAD c:/program files (x86)/atmel studio/7.0/toolchain/avr8/avr8-gnu-toolchain/bin/../lib/gcc/avr/5.4.0/../../../../avr/lib/avrxmega3\libm.a
END GROUP
LOAD c:/program files (x86)/atmel studio/7.0/toolchain/avr8/avr8-gnu-toolchain/bin/../lib/gcc/avr/5.4.0/avrxmega3\libgcc.a
LOAD c:/program files (x86)/atmel studio/7.0/toolchain/avr8/avr8-gnu-toolchain/bin/../lib/gcc/avr/5.4.0/../../../../avr/lib/avrxmega3\libm.a
START GROUP
LOAD c:/program files (x86)/atmel studio/7.0/toolchain/avr8/avr8-gnu-toolchain/bin/../lib/gcc/avr/5.4.0/avrxmega3\libgcc.a
LOAD c:/program files (x86)/atmel studio/7.0/toolchain/avr8/avr8-gnu-toolchain/bin/../lib/gcc/avr/5.4.0/../../../../avr/lib/avrxmega3\libm.a
LOAD c:/program files (x86)/atmel studio/7.0/toolchain/avr8/avr8-gnu-toolchain/bin/../lib/gcc/avr/5.4.0/../../../../avr/lib/avrxmega3\libc.a
LOAD C:/Program Files (x86)/Atmel Studio/7.0/Packs/Atmel/ATtiny_DFP/1.4.310/gcc/dev/attiny1616/avrxmega3\libattiny1616.a
END GROUP
                [0x00000000]                __TEXT_REGION_ORIGIN__ = DEFINED (__TEXT_REGION_ORIGIN__)?__TEXT_REGION_ORIGIN__:0x0
                [0x00803800]                __DATA_REGION_ORIGIN__ = DEFINED (__DATA_REGION_ORIGIN__)?__DATA_REGION_ORIGIN__:0x802000
                [0x00004000]                __TEXT_REGION_LENGTH__ = DEFINED (__TEXT_REGION_LENGTH__)?__TEXT_REGION_LENGTH__:0x100000
                [0x00000800]                __DATA_REGION_LENGTH__ = DEFINED (__DATA_REGION_LENGTH__)?__DATA_REGION_LENGTH__:0xffa0
                [0x00000100]                __EEPROM_REGION_LENGTH__ = DEFINED (__EEPROM_REGION_LENGTH__)?__EEPROM_REGION_LENGTH__:0x10000
                [0x0000000a]                __FUSE_REGION_LENGTH__ = DEFINED (__FUSE_REGION_LENGTH__)?__FUSE_REGION_LENGTH__:0x400
                0x00000400                __LOCK_REGION_LENGTH__ = DEFINED (__LOCK_REGION_LENGTH__)?__LOCK_REGION_LENGTH__:0x400
                0x00000400                __SIGNATURE_REGION_LENGTH__ = DEFINED (__SIGNATURE_REGION_LENGTH__)?__SIGNATURE_REGION_LENGTH__:0x400
                0x00000400                __USER_SIGNATURE_REGION_LENGTH__ = DEFINED (__USER_SIGNATURE_REGION_LENGTH__)?__USER_SIGNATURE_REGION_LENGTH__:0x400
                0x00008000                __RODATA_PM_OFFSET__ = DEFINED (__RODATA_PM_OFFSET__)?__RODATA_PM_OFFSET__:0x8000

.hash
 *(.hash)

.dynsym
 *(.dynsym)

.dynstr
 *(.dynstr)

.gnu.version
 *(.gnu.version)

.gnu.version_d
 *(.gnu.version_d)

.gnu.version_r
 *(.gnu.version_r)

.rel.init
 *(.rel.init)

.rela.init
 *(.rela.init)

.rel.text
 *(.rel.text)
 *(.rel.text.*)
 *(.rel.gnu.linkonce.t*)

.rela.text
 *(.rela.text)
 *(.rela.text.*)
 *(.rela.gnu.linkonce.t*)

.rel.fini
 *(.rel.fini)

.rela.fini
 *(.rela.fini)

.rel.rodata
 *(.rel.rodata)
 *(.rel.rodata.*)
 *(.rel.gnu.linkonce.r*)

.rela.rodata
 *(.rela.rodata)
 *(.rela.rodata.*)
 *(.rela.gnu.linkonce.r*)

.rel.data
 *(.rel.data)
 *(.rel.data.*)
 *(.rel.gnu.linkonce.d*)

.rela.data
 *(.rela.data)
 *(.rela.data.*)
 *(.rela.gnu.linkonce.d*)

.rel.ctors
 *(.rel.ctors)

.rela.ctors
 *(.rela.ctors)

.rel.dtors
 *(.rel.dtors)

.rela.dtors
 *(.rela.dtors)

.rel.got
 *(.rel.got)

.rela.got
 *(.rela.got)

.rel.bss
 *(.rel.bss)

.rela.bss
 *(.rela.bss)

.rel.plt
 *(.rel.plt)

.rela.plt
 *(.rela.plt)

.text           0x00000000      0x1ba
 *(.vectors)
 .vectors       0x00000000       0x7c C:/Program Files (x86)/Atmel Studio/7.0/Packs/Atmel/ATtiny_DFP/1.4.310/gcc/dev/attiny1616/avrxmega3/crtattiny1616.o
                0x00000000                __vector_default
                0x00000000                __vectors
 *(.vectors)
 *(.progmem.gcc*)
                0x0000007c                . = ALIGN (0x2)
                0x0000007c                __trampolines_start = .
 *(.trampolines)
 .trampolines   0x0000007c        0x0 linker stubs
 *(.trampolines*)
                0x0000007c                __trampolines_end = .
 *libprintf_flt.a:*(.progmem.data)
 *libc.a:*(.progmem.data)
 *(.progmem*)
                0x0000007c                . = ALIGN (0x2)
 *(.jumptables)
 *(.jumptables*)
 *(.lowtext)
 *(.lowtext*)
                0x0000007c                __ctors_start = .
 *(.ctors)
                0x0000007c                __ctors_end = .
                0x0000007c                __dtors_start = .
 *(.dtors)
                0x0000007c                __dtors_end = .
 SORT(*)(.ctors)
 SORT(*)(.dtors)
 *(.init0)
 .init0         0x0000007c        0x0 C:/Program Files (x86)/Atmel Studio/7.0/Packs/Atmel/ATtiny_DFP/1.4.310/gcc/dev/attiny1616/avrxmega3/crtattiny1616.o
                0x0000007c                __init
 *(.init0)
 *(.init1)
 *(.init1)
 *(.init2)
 .init2         0x0000007c        0xc C:/Program Files (x86)/Atmel Studio/7.0/Packs/Atmel/ATtiny_DFP/1.4.310/gcc/dev/attiny1616/avrxmega3/crtattiny1616.o
 *(.init2)
 *(.init3)
 *(.init3)
 *(.init4)
 .init4         0x00000088       0x10 c:/program files (x86)/atmel studio/7.0/toolchain/avr8/avr8-gnu-toolchain/bin/../lib/gcc/avr/5.4.0/avrxmega3\libgcc.a(_clear_bss.o)
                0x00000088                __do_clear_bss
 *(.init4)
 *(.init5)
 *(.init5)
 *(.init6)
 *(.init6)
 *(.init7)
 *(.init7)
 *(.init8)
 *(.init8)
 *(.init9)
 .init9         0x00000098        0x8 C:/Program Files (x86)/Atmel Studio/7.0/Packs/Atmel/ATtiny_DFP/1.4.310/gcc/dev/attiny1616/avrxmega3/crtattiny1616.o
 *(.init9)
 *(.text)
 .text          0x000000a0        0x4 C:/Program Files (x86)/Atmel Studio/7.0/Packs/Atmel/ATtiny_DFP/1.4.310/gcc/dev/attiny1616/avrxmega3/crtattiny1616.o
                0x000000a0                __vector_22
                0x000000a0                __vector_28
                0x000000a0                __vector_1
                0x000000a0                __vector_24
                0x000000a0                __vector_12
                0x000000a0                __bad_interrupt
                0x000000a0                __vector_6
                0x000000a0                __vector_3
                0x000000a0                __vector_23
                0x000000a0                __vector_30
                0x000000a0                __vector_25
                0x000000a0                __vector_11
                0x000000a0                __vector_13
                0x000000a0                __vector_17
                0x000000a0                __vector_19
                0x000000a0                __vector_7
                0x000000a0                __vector_27
                0x000000a0                __vector_5
                0x000000a0                __vector_4
                0x000000a0                __vector_9
                0x000000a0                __vector_2
                0x000000a0                __vector_21
                0x000000a0                __vector_15
                0x000000a0                __vector_29
                0x000000a0                __vector_8
                0x000000a0                __vector_26
                0x000000a0                __vector_14
                0x000000a0                __vector_10
                0x000000a0                __vector_16
                0x000000a0                __vector_18
                0x000000a0                __vector_20
                0x000000a4                . = ALIGN (0x2)
 *(.text.*)
 .text._ZN13SuperTinyREV317initPinsTestBoardEv
                0x000000a4       0x1a library/SuperTinyREV3.o
                0x000000a4                _ZN13SuperTinyREV317initPinsTestBoardEv
 .text._ZN13SuperTinyREV39deepSleepEv
                0x000000be       0x28 library/SuperTinyREV3.o
                0x000000be                _ZN13SuperTinyREV39deepSleepEv
 .text._ZN13SuperTinyREV311setCPUSpeedEh
                0x000000e6       0x20 library/SuperTinyREV3.o
                0x000000e6                _ZN13SuperTinyREV311setCPUSpeedEh
 .text._ZN13SuperTinyREV314initUART115200Ev
                0x00000106       0x24 library/SuperTinyREV3.o
                0x00000106                _ZN13SuperTinyREV314initUART115200Ev
 .text._ZN13SuperTinyREV35printEPKc
                0x0000012a       0x20 library/SuperTinyREV3.o
                0x0000012a                _ZN13SuperTinyREV35printEPKc
 .text.main     0x0000014a       0x6c main.o
                0x0000014a                main
                0x000001b6                . = ALIGN (0x2)
 *(.fini9)
 .fini9         0x000001b6        0x0 c:/program files (x86)/atmel studio/7.0/toolchain/avr8/avr8-gnu-toolchain/bin/../lib/gcc/avr/5.4.0/avrxmega3\libgcc.a(_exit.o)
                0x000001b6                _exit
                0x000001b6                exit
 *(.fini9)
 *(.fini8)
 *(.fini8)
 *(.fini7)
 *(.fini7)
 *(.fini6)
 *(.fini6)
 *(.fini5)
 *(.fini5)
 *(.fini4)
 *(.fini4)
 *(.fini3)
 *(.fini3)
 *(.fini2)
 *(.fini2)
 *(.fini1)
 *(.fini1)
 *(.fini0)
 .fini0         0x000001b6        0x4 c:/program files (x86)/atmel studio/7.0/toolchain/avr8/avr8-gnu-toolchain/bin/../lib/gcc/avr/5.4.0/avrxmega3\libgcc.a(_exit.o)
 *(.fini0)
                0x000001ba                _etext = .

.rodata         0x000081ba        0xc load address 0x000001ba
 *(.rodata)
 *(.rodata*)
 .rodata.str1.1
                0x000081ba        0xc main.o
 *(.gnu.linkonce.r*)

.data           0x00803800        0x0 load address 0x000001c6
                [!provide]                PROVIDE (__data_start, .)
 *(.data)
 *(.data*)
 *(.gnu.linkonce.d*)
                0x00803800                . = ALIGN (0x2)
                0x00803800                _edata = .
                [!provide]                PROVIDE (__data_end, .)

.bss            0x00803800        0x2
                0x00803800                PROVIDE (__bss_start, .)
 *(.bss)
 *(.bss*)
 .bss.device    0x00803800        0x2 main.o
                0x00803800                device
 *(COMMON)
                0x00803802                PROVIDE (__bss_end, .)
                0x000001c6                __data_load_start = LOADADDR (.data)
                0x000001c6                __data_load_end = (__data_load_start + SIZEOF (.data))

.noinit         0x00803802        0x0
                [!provide]                PROVIDE (__noinit_start, .)
 *(.noinit*)
                [!provide]                PROVIDE (__noinit_end, .)
                0x00803802                _end = .
                [!provide]                PROVIDE (__heap_start, .)

.eeprom         0x00810000        0x0
 *(.eeprom*)
                0x00810000                __eeprom_end = .

.fuse
 *(.fuse)
 *(.lfuse)
 *(.hfuse)
 *(.efuse)

.lock
 *(.lock*)

.signature
 *(.signature*)

.user_signatures
 *(.user_signatures*)

.stab
 *(.stab)

.stabstr
 *(.stabstr)

.stab.excl
 *(.stab.excl)

.stab.exclstr
 *(.stab.exclstr)

.stab.index
 *(.stab.index)

.stab.indexstr
 *(.stab.indexstr)

.comment        0x00000000       0x30
 *(.comment)
 .comment       0x00000000       0x30 library/SuperTinyREV3.o
                                 0x31 (size before relaxing)
 .comment       0x00000030       0x31 main.o

.note.gnu.avr.deviceinfo
                0x00000000       0x40
 .note.gnu.avr.deviceinfo
                0x00000000       0x40 C:/Program Files (x86)/Atmel Studio/7.0/Packs/Atmel/ATtiny_DFP/1.4.310/gcc/dev/attiny1616/avrxmega3/crtattiny1616.o

.note.gnu.build-id
 *(.note.gnu.build-id)

.debug
 *(.debug)

.line
 *(.line)

.debug_srcinfo
 *(.debug_srcinfo)

.debug_sfnames
 *(.debug_sfnames)

.debug_aranges  0x00000000      0x108
 *(.debug_aranges)
 .debug_aranges
                0x00000000       0xe8 library/SuperTinyREV3.o
 .debug_aranges
                0x000000e8       0x20 main.o

.debug_pubnames
 *(.debug_pubnames)

.debug_info     0x00000000     0x3fb0
 *(.debug_info .gnu.linkonce.wi.*)
 .debug_info    0x00000000     0x19ed C:/Program Files (x86)/Atmel Studio/7.0/Packs/Atmel/ATtiny_DFP/1.4.310/gcc/dev/attiny1616/avrxmega3/crtattiny1616.o
 .debug_info    0x000019ed     0x1f6a library/SuperTinyREV3.o
 .debug_info    0x00003957      0x659 main.o

.debug_abbrev   0x00000000     0x1e53
 *(.debug_abbrev)
 .debug_abbrev  0x00000000     0x1888 C:/Program Files (x86)/Atmel Studio/7.0/Packs/Atmel/ATtiny_DFP/1.4.310/gcc/dev/attiny1616/avrxmega3/crtattiny1616.o
 .debug_abbrev  0x00001888      0x415 library/SuperTinyREV3.o
 .debug_abbrev  0x00001c9d      0x1b6 main.o

.debug_line     0x00000000      0xa1e
 *(.debug_line .debug_line.* .debug_line_end)
 .debug_line    0x00000000      0x151 C:/Program Files (x86)/Atmel Studio/7.0/Packs/Atmel/ATtiny_DFP/1.4.310/gcc/dev/attiny1616/avrxmega3/crtattiny1616.o
 .debug_line    0x00000151      0x6fb library/SuperTinyREV3.o
 .debug_line    0x0000084c      0x1d2 main.o

.debug_frame    0x00000000      0x2ac
 *(.debug_frame)
 .debug_frame   0x00000000      0x288 library/SuperTinyREV3.o
 .debug_frame   0x00000288       0x24 main.o

.debug_str      0x00000000     0x1f5e
 *(.debug_str)
 .debug_str     0x00000000      0xacf C:/Program Files (x86)/Atmel Studio/7.0/Packs/Atmel/ATtiny_DFP/1.4.310/gcc/dev/attiny1616/avrxmega3/crtattiny1616.o
 .debug_str     0x00000acf     0x13cf library/SuperTinyREV3.o
                               0x1448 (size before relaxing)
 .debug_str     0x00001e9e       0xc0 main.o
                                0x876 (size before relaxing)

.debug_loc      0x00000000      0xbfb
 *(.debug_loc)
 .debug_loc     0x00000000      0xae2 library/SuperTinyREV3.o
 .debug_loc     0x00000ae2      0x119 main.o

.debug_macinfo
 *(.debug_macinfo)

.debug_weaknames
 *(.debug_weaknames)

.debug_funcnames
 *(.debug_funcnames)

.debug_typenames
 *(.debug_typenames)

.debug_varnames
 *(.debug_varnames)

.debug_pubtypes
 *(.debug_pubtypes)

.debug_ranges   0x00000000      0x130
 *(.debug_ranges)
 .debug_ranges  0x00000000      0x120 library/SuperTinyREV3.o
 .debug_ranges  0x00000120       0x10 main.o

.debug_macro
 *(.debug_macro)
OUTPUT(SuperTinyREV3Test.elf elf32-avr)
LOAD linker stubs
