Archive member included to satisfy reference by file (symbol)

c:/program files (x86)/atmel/studio/7.0/toolchain/avr8/avr8-gnu-toolchain/bin/../lib/gcc/avr/5.4.0/../../../../avr/lib/avrxmega3\libm.a(addsf3.o)
                              main.o (__addsf3)
c:/program files (x86)/atmel/studio/7.0/toolchain/avr8/avr8-gnu-toolchain/bin/../lib/gcc/avr/5.4.0/../../../../avr/lib/avrxmega3\libm.a(addsf3x.o)
                              c:/program files (x86)/atmel/studio/7.0/toolchain/avr8/avr8-gnu-toolchain/bin/../lib/gcc/avr/5.4.0/../../../../avr/lib/avrxmega3\libm.a(addsf3.o) (__addsf3x)
c:/program files (x86)/atmel/studio/7.0/toolchain/avr8/avr8-gnu-toolchain/bin/../lib/gcc/avr/5.4.0/../../../../avr/lib/avrxmega3\libm.a(atan2.o)
                              main.o (atan2)
c:/program files (x86)/atmel/studio/7.0/toolchain/avr8/avr8-gnu-toolchain/bin/../lib/gcc/avr/5.4.0/../../../../avr/lib/avrxmega3\libm.a(atan.o)
                              c:/program files (x86)/atmel/studio/7.0/toolchain/avr8/avr8-gnu-toolchain/bin/../lib/gcc/avr/5.4.0/../../../../avr/lib/avrxmega3\libm.a(atan2.o) (atan)
c:/program files (x86)/atmel/studio/7.0/toolchain/avr8/avr8-gnu-toolchain/bin/../lib/gcc/avr/5.4.0/../../../../avr/lib/avrxmega3\libm.a(cmpsf2.o)
                              main.o (__ltsf2)
c:/program files (x86)/atmel/studio/7.0/toolchain/avr8/avr8-gnu-toolchain/bin/../lib/gcc/avr/5.4.0/../../../../avr/lib/avrxmega3\libm.a(divsf3x.o)
                              c:/program files (x86)/atmel/studio/7.0/toolchain/avr8/avr8-gnu-toolchain/bin/../lib/gcc/avr/5.4.0/../../../../avr/lib/avrxmega3\libm.a(atan2.o) (__divsf3_pse)
c:/program files (x86)/atmel/studio/7.0/toolchain/avr8/avr8-gnu-toolchain/bin/../lib/gcc/avr/5.4.0/../../../../avr/lib/avrxmega3\libm.a(fixunssfsi.o)
                              main.o (__fixunssfsi)
c:/program files (x86)/atmel/studio/7.0/toolchain/avr8/avr8-gnu-toolchain/bin/../lib/gcc/avr/5.4.0/../../../../avr/lib/avrxmega3\libm.a(floatsisf.o)
                              main.o (__floatsisf)
c:/program files (x86)/atmel/studio/7.0/toolchain/avr8/avr8-gnu-toolchain/bin/../lib/gcc/avr/5.4.0/../../../../avr/lib/avrxmega3\libm.a(fp_cmp.o)
                              c:/program files (x86)/atmel/studio/7.0/toolchain/avr8/avr8-gnu-toolchain/bin/../lib/gcc/avr/5.4.0/../../../../avr/lib/avrxmega3\libm.a(cmpsf2.o) (__fp_cmp)
c:/program files (x86)/atmel/studio/7.0/toolchain/avr8/avr8-gnu-toolchain/bin/../lib/gcc/avr/5.4.0/../../../../avr/lib/avrxmega3\libm.a(fp_inf.o)
                              c:/program files (x86)/atmel/studio/7.0/toolchain/avr8/avr8-gnu-toolchain/bin/../lib/gcc/avr/5.4.0/../../../../avr/lib/avrxmega3\libm.a(addsf3x.o) (__fp_inf)
c:/program files (x86)/atmel/studio/7.0/toolchain/avr8/avr8-gnu-toolchain/bin/../lib/gcc/avr/5.4.0/../../../../avr/lib/avrxmega3\libm.a(fp_nan.o)
                              c:/program files (x86)/atmel/studio/7.0/toolchain/avr8/avr8-gnu-toolchain/bin/../lib/gcc/avr/5.4.0/../../../../avr/lib/avrxmega3\libm.a(addsf3x.o) (__fp_nan)
c:/program files (x86)/atmel/studio/7.0/toolchain/avr8/avr8-gnu-toolchain/bin/../lib/gcc/avr/5.4.0/../../../../avr/lib/avrxmega3\libm.a(fp_powser.o)
                              c:/program files (x86)/atmel/studio/7.0/toolchain/avr8/avr8-gnu-toolchain/bin/../lib/gcc/avr/5.4.0/../../../../avr/lib/avrxmega3\libm.a(atan.o) (__fp_powser)
c:/program files (x86)/atmel/studio/7.0/toolchain/avr8/avr8-gnu-toolchain/bin/../lib/gcc/avr/5.4.0/../../../../avr/lib/avrxmega3\libm.a(fp_pscA.o)
                              c:/program files (x86)/atmel/studio/7.0/toolchain/avr8/avr8-gnu-toolchain/bin/../lib/gcc/avr/5.4.0/../../../../avr/lib/avrxmega3\libm.a(addsf3x.o) (__fp_pscA)
c:/program files (x86)/atmel/studio/7.0/toolchain/avr8/avr8-gnu-toolchain/bin/../lib/gcc/avr/5.4.0/../../../../avr/lib/avrxmega3\libm.a(fp_pscB.o)
                              c:/program files (x86)/atmel/studio/7.0/toolchain/avr8/avr8-gnu-toolchain/bin/../lib/gcc/avr/5.4.0/../../../../avr/lib/avrxmega3\libm.a(addsf3x.o) (__fp_pscB)
c:/program files (x86)/atmel/studio/7.0/toolchain/avr8/avr8-gnu-toolchain/bin/../lib/gcc/avr/5.4.0/../../../../avr/lib/avrxmega3\libm.a(fp_round.o)
                              c:/program files (x86)/atmel/studio/7.0/toolchain/avr8/avr8-gnu-toolchain/bin/../lib/gcc/avr/5.4.0/../../../../avr/lib/avrxmega3\libm.a(addsf3.o) (__fp_round)
c:/program files (x86)/atmel/studio/7.0/toolchain/avr8/avr8-gnu-toolchain/bin/../lib/gcc/avr/5.4.0/../../../../avr/lib/avrxmega3\libm.a(fp_split3.o)
                              c:/program files (x86)/atmel/studio/7.0/toolchain/avr8/avr8-gnu-toolchain/bin/../lib/gcc/avr/5.4.0/../../../../avr/lib/avrxmega3\libm.a(addsf3x.o) (__fp_split3)
c:/program files (x86)/atmel/studio/7.0/toolchain/avr8/avr8-gnu-toolchain/bin/../lib/gcc/avr/5.4.0/../../../../avr/lib/avrxmega3\libm.a(fp_zero.o)
[...]
Memory Configuration

Name             Origin             Length             Attributes
text             0x00000000         0x00004000         xr
data             0x00803800         0x00000800         rw !x
eeprom           0x00810000         0x00000100         rw !x
fuse             0x00820000         0x0000000a         rw !x
lock             0x00830000         0x00000400         rw !x
signature        0x00840000         0x00000400         rw !x
user_signatures  0x00850000         0x00000400         rw !x
*default*        0x00000000         0xffffffff

Linker script and memory map

Address of section .data set to 0x803800
                0x00008000                __RODATA_PM_OFFSET__ = 0x8000
LOAD C:/Program Files (x86)/Atmel/Studio/7.0/Packs/Atmel/ATtiny_DFP/1.4.310/gcc/dev/attiny1626/avrxmega3/crtattiny1626.o
LOAD AccMC3635.o
LOAD GPS_L70R.o
LOAD HelperFunctions.o
LOAD SigfoxAxSip.o
LOAD Time.o
LOAD TinyFox.o
LOAD I2C.o
LOAD main.o
LOAD TestFunctions.o
LOAD UART.o
START GROUP
LOAD c:/program files (x86)/atmel/studio/7.0/toolchain/avr8/avr8-gnu-toolchain/bin/../lib/gcc/avr/5.4.0/../../../../avr/lib/avrxmega3\libm.a
END GROUP
LOAD c:/program files (x86)/atmel/studio/7.0/toolchain/avr8/avr8-gnu-toolchain/bin/../lib/gcc/avr/5.4.0/avrxmega3\libgcc.a
LOAD c:/program files (x86)/atmel/studio/7.0/toolchain/avr8/avr8-gnu-toolchain/bin/../lib/gcc/avr/5.4.0/../../../../avr/lib/avrxmega3\libm.a
START GROUP
LOAD c:/program files (x86)/atmel/studio/7.0/toolchain/avr8/avr8-gnu-toolchain/bin/../lib/gcc/avr/5.4.0/avrxmega3\libgcc.a
LOAD c:/program files (x86)/atmel/studio/7.0/toolchain/avr8/avr8-gnu-toolchain/bin/../lib/gcc/avr/5.4.0/../../../../avr/lib/avrxmega3\libm.a
LOAD c:/program files (x86)/atmel/studio/7.0/toolchain/avr8/avr8-gnu-toolchain/bin/../lib/gcc/avr/5.4.0/../../../../avr/lib/avrxmega3\libc.a
LOAD C:/Program Files (x86)/Atmel/Studio/7.0/Packs/Atmel/ATtiny_DFP/1.4.310/gcc/dev/attiny1626/avrxmega3\libattiny1626.a
END GROUP
                [0x00000000]                __TEXT_REGION_ORIGIN__ = DEFINED (__TEXT_REGION_ORIGIN__)?__TEXT_REGION_ORIGIN__:0x0
                [0x00803800]                __DATA_REGION_ORIGIN__ = DEFINED (__DATA_REGION_ORIGIN__)?__DATA_REGION_ORIGIN__:0x802000
                [0x00004000]                __TEXT_REGION_LENGTH__ = DEFINED (__TEXT_REGION_LENGTH__)?__TEXT_REGION_LENGTH__:0x100000
                [0x00000800]                __DATA_REGION_LENGTH__ = DEFINED (__DATA_REGION_LENGTH__)?__DATA_REGION_LENGTH__:0xffa0
                [0x00000100]                __EEPROM_REGION_LENGTH__ = DEFINED (__EEPROM_REGION_LENGTH__)?__EEPROM_REGION_LENGTH__:0x10000
                [0x0000000a]                __FUSE_REGION_LENGTH__ = DEFINED (__FUSE_REGION_LENGTH__)?__FUSE_REGION_LENGTH__:0x400
                0x00000400                __LOCK_REGION_LENGTH__ = DEFINED (__LOCK_REGION_LENGTH__)?__LOCK_REGION_LENGTH__:0x400
                0x00000400                __SIGNATURE_REGION_LENGTH__ = DEFINED (__SIGNATURE_REGION_LENGTH__)?__SIGNATURE_REGION_LENGTH__:0x400
                0x00000400                __USER_SIGNATURE_REGION_LENGTH__ = DEFINED (__USER_SIGNATURE_REGION_LENGTH__)?__USER_SIGNATURE_REGION_LENGTH__:0x400
                0x00008000                __RODATA_PM_OFFSET__ = DEFINED (__RODATA_PM_OFFSET__)?__RODATA_PM_OFFSET__:0x8000

.hash
 *(.hash)

.dynsym
 *(.dynsym)

.dynstr
 *(.dynstr)

.gnu.version
 *(.gnu.version)

.gnu.version_d
 *(.gnu.version_d)

.gnu.version_r
 *(.gnu.version_r)

.rel.init
 *(.rel.init)

.rela.init
 *(.rela.init)

.rel.text
 *(.rel.text)
 *(.rel.text.*)
 *(.rel.gnu.linkonce.t*)

.rela.text
 *(.rela.text)
 *(.rela.text.*)
 *(.rela.gnu.linkonce.t*)

.rel.fini
 *(.rel.fini)

.rela.fini
 *(.rela.fini)

.rel.rodata
 *(.rel.rodata)
 *(.rel.rodata.*)
 *(.rel.gnu.linkonce.r*)

.rela.rodata
 *(.rela.rodata)
 *(.rela.rodata.*)
 *(.rela.gnu.linkonce.r*)

.rel.data
 *(.rel.data)
 *(.rel.data.*)
 *(.rel.gnu.linkonce.d*)

.rela.data
 *(.rela.data)
 *(.rela.data.*)
 *(.rela.gnu.linkonce.d*)

.rel.ctors
 *(.rel.ctors)

.rela.ctors
 *(.rela.ctors)

.rel.dtors
 *(.rel.dtors)

.rela.dtors
 *(.rela.dtors)

.rel.got
 *(.rel.got)

.rela.got
 *(.rela.got)

.rel.bss
 *(.rel.bss)

.rela.bss
 *(.rela.bss)

.rel.plt
 *(.rel.plt)

.rela.plt
 *(.rela.plt)

.text           0x00000000     0x2d54
 *(.vectors)
 .vectors       0x00000000       0x78 C:/Program Files (x86)/Atmel/Studio/7.0/Packs/Atmel/ATtiny_DFP/1.4.310/gcc/dev/attiny1626/avrxmega3/crtattiny1626.o
                0x00000000                __vector_default
                0x00000000                __vectors
 *(.vectors)
 *(.progmem.gcc*)
 .progmem.gcc_fplib
                0x00000078       0x2d c:/program files (x86)/atmel/studio/7.0/toolchain/avr8/avr8-gnu-toolchain/bin/../lib/gcc/avr/5.4.0/../../../../avr/lib/avrxmega3\libm.a(atan.o)
                0x000000a6                . = ALIGN (0x2)
 *fill*         0x000000a5        0x1 
                0x000000a6                __trampolines_start = .
 *(.trampolines)
 .trampolines   0x000000a6        0x0 linker stubs
 *(.trampolines*)
                0x000000a6                __trampolines_end = .
 *libprintf_flt.a:*(.progmem.data)
 *libc.a:*(.progmem.data)
 *(.progmem*)
                0x000000a6                . = ALIGN (0x2)
 *(.jumptables)
 *(.jumptables*)
 *(.lowtext)
 *(.lowtext*)
                0x000000a6                __ctors_start = .
 *(.ctors)
                0x000000a6                __ctors_end = .
                0x000000a6                __dtors_start = .
 *(.dtors)
                0x000000a6                __dtors_end = .
 SORT(*)(.ctors)
 SORT(*)(.dtors)
 *(.init0)
 .init0         0x000000a6        0x0 C:/Program Files (x86)/Atmel/Studio/7.0/Packs/Atmel/ATtiny_DFP/1.4.310/gcc/dev/attiny1626/avrxmega3/crtattiny1626.o
                0x000000a6                __init
 *(.init0)
 *(.init1)
 *(.init1)
 *(.init2)
 .init2         0x000000a6        0xc C:/Program Files (x86)/Atmel/Studio/7.0/Packs/Atmel/ATtiny_DFP/1.4.310/gcc/dev/attiny1626/avrxmega3/crtattiny1626.o
 *(.init2)
 *(.init3)
 *(.init3)
 *(.init4)
 .init4         0x000000b2       0x16 c:/program files (x86)/atmel/studio/7.0/toolchain/avr8/avr8-gnu-toolchain/bin/../lib/gcc/avr/5.4.0/avrxmega3\libgcc.a(_copy_data.o)
                0x000000b2                __do_copy_data
 .init4         0x000000c8       0x10 c:/program files (x86)/atmel/studio/7.0/toolchain/avr8/avr8-gnu-toolchain/bin/../lib/gcc/avr/5.4.0/avrxmega3\libgcc.a(_clear_bss.o)
                0x000000c8                __do_clear_bss
 *(.init4)
 *(.init5)
 *(.init5)
 *(.init6)
 *(.init6)
 *(.init7)
 *(.init7)
 *(.init8)
 *(.init8)
 *(.init9)
 .init9         0x000000d8        0x8 C:/Program Files (x86)/Atmel/Studio/7.0/Packs/Atmel/ATtiny_DFP/1.4.310/gcc/dev/attiny1626/avrxmega3/crtattiny1626.o
 *(.init9)
 *(.text)
 .text          0x000000e0        0x4 C:/Program Files (x86)/Atmel/Studio/7.0/Packs/Atmel/ATtiny_DFP/1.4.310/gcc/dev/attiny1626/avrxmega3/crtattiny1626.o
                0x000000e0                __vector_22
                0x000000e0                __vector_28
                0x000000e0                __vector_1
                0x000000e0                __vector_24
                0x000000e0                __vector_12
                0x000000e0                __bad_interrupt
                0x000000e0                __vector_6
                0x000000e0                __vector_23
                0x000000e0                __vector_25
                0x000000e0                __vector_11
                0x000000e0                __vector_13
                0x000000e0                __vector_17
                0x000000e0                __vector_19
                0x000000e0                __vector_7
                0x000000e0                __vector_27
                0x000000e0                __vector_5
                0x000000e0                __vector_4
                0x000000e0                __vector_9
                0x000000e0                __vector_2
                0x000000e0                __vector_21
                0x000000e0                __vector_15
                0x000000e0                __vector_29
                0x000000e0                __vector_26
                0x000000e0                __vector_14
                0x000000e0                __vector_10
                0x000000e0                __vector_16
                0x000000e0                __vector_18
                0x000000e0                __vector_20
                0x000000e4                . = ALIGN (0x2)
 *(.text.*)
 .text._Z18accMC3635FifoEmptyv
                0x000000e4       0x2a AccMC3635.o
                0x000000e4                _Z18accMC3635FifoEmptyv
 .text._Z13accMC3635ReadPiS_S_
                0x0000010e       0xc6 AccMC3635.o
                0x0000010e                _Z13accMC3635ReadPiS_S_
 .text._Z14accMC3635Alivev
                0x000001d4       0x1e AccMC3635.o
                0x000001d4                _Z14accMC3635Alivev
 .text._Z26accMC3635Start54HzWithFIFOv
                0x000001f2       0x92 AccMC3635.o
                0x000001f2                _Z26accMC3635Start54HzWithFIFOv
 .text._Z25gpsConvertTwoDigit2NumberPc
                0x00000284       0x1a GPS_L70R.o
                0x00000284                _Z25gpsConvertTwoDigit2NumberPc
 .text._Z17gpsRemoveAllCharsPcc
                0x0000029e       0x28 GPS_L70R.o
                0x0000029e                _Z17gpsRemoveAllCharsPcc
 .text._Z15gpsParseLatLongPc
                0x000002c6       0x88 GPS_L70R.o
                0x000002c6                _Z15gpsParseLatLongPc
 .text._Z18gpsGetUTCTimestampP5gps_t
                0x0000034e      0x442 GPS_L70R.o
                0x0000034e                _Z18gpsGetUTCTimestampP5gps_t
 .text._Z25gpsDecodeGPRMCandGPGGANewPcP5gps_th
                0x00000790      0x346 GPS_L70R.o
                0x00000790                _Z25gpsDecodeGPRMCandGPGGANewPcP5gps_th
 .text._Z16sigfoxFirstStartv
                0x00000ad6       0x1c SigfoxAxSip.o
                0x00000ad6                _Z16sigfoxFirstStartv
 .text._Z17sigfoxWaitForOkayj
                0x00000af2       0x52 SigfoxAxSip.o
                0x00000af2                _Z17sigfoxWaitForOkayj
 .text._Z11sigfoxAlivev
                0x00000b44       0x12 SigfoxAxSip.o
                0x00000b44                _Z11sigfoxAlivev
 .text._Z11sigfoxSleepv
                0x00000b56       0x12 SigfoxAxSip.o
                0x00000b56                _Z11sigfoxSleepv
 .text._Z10sigfoxSendPhh
                0x00000b68       0x6c SigfoxAxSip.o
                0x00000b68                _Z10sigfoxSendPhh
 .text._Z14deviceInitPinsv
                0x00000bd4       0x14 TinyFox.o
                0x00000bd4                _Z14deviceInitPinsv
 .text._Z20deviceIncrementTimerv
                0x00000be8       0x28 TinyFox.o
                0x00000be8                _Z20deviceIncrementTimerv
 .text._Z15deviceInitTimerv
                0x00000c10       0x28 TinyFox.o
                0x00000c10                _Z15deviceInitTimerv
 .text._Z15deviceGetMillisv
                0x00000c38       0x18 TinyFox.o
                0x00000c38                _Z15deviceGetMillisv
 .text._Z15deviceStopTimerv
                0x00000c50        0xe TinyFox.o
                0x00000c50                _Z15deviceStopTimerv
 .text._Z18deviceStandbySleepv
                0x00000c5e       0x22 TinyFox.o
                0x00000c5e                _Z18deviceStandbySleepv
 .text._Z30deviceInitInternalRTCInterruptj
                0x00000c80       0x40 TinyFox.o
                0x00000c80                _Z30deviceInitInternalRTCInterruptj
 .text._Z23deviceReadSupplyVoltagev
                0x00000cc0       0x5a TinyFox.o
                0x00000cc0                _Z23deviceReadSupplyVoltagev
 .text._Z17deviceSetCPUSpeedh
                0x00000d1a       0x20 TinyFox.o
                0x00000d1a                _Z17deviceSetCPUSpeedh
 .text._Z16deviceBlinkGreenh
                0x00000d3a       0x30 TinyFox.o
                0x00000d3a                _Z16deviceBlinkGreenh
 .text._Z19deviceSigfoxPinIdlev
                0x00000d6a        0x8 TinyFox.o
                0x00000d6a                _Z19deviceSigfoxPinIdlev
 .text._Z21deviceSigfoxPinWakeUpv
                0x00000d72        0x8 TinyFox.o
                0x00000d72                _Z21deviceSigfoxPinWakeUpv
 .text._Z13devicePowerOnv
                0x00000d7a       0x14 TinyFox.o
                0x00000d7a                _Z13devicePowerOnv
 .text._Z14devicePowerOffv
                0x00000d8e        0x8 TinyFox.o
                0x00000d8e                _Z14devicePowerOffv
 .text._Z16deviceL70powerOnv
                0x00000d96        0x8 TinyFox.o
                0x00000d96                _Z16deviceL70powerOnv
 .text._Z17deviceL70powerOffv
                0x00000d9e        0x8 TinyFox.o
                0x00000d9e                _Z17deviceL70powerOffv
 .text._Z17deviceL70backupOnv
                0x00000da6        0x8 TinyFox.o
                0x00000da6                _Z17deviceL70backupOnv
 .text._Z18deviceL70backupOffv
                0x00000dae        0x8 TinyFox.o
                0x00000dae                _Z18deviceL70backupOffv
 .text._Z3maplllll
                0x00000db6       0x82 TinyFox.o
                0x00000db6                _Z3maplllll
 .text._Z7i2cInitv
                0x00000e38       0x1e I2C.o
                0x00000e38                _Z7i2cInitv
 .text._Z7pollRIFv
                0x00000e56       0x22 I2C.o
                0x00000e56                _Z7pollRIFv
 .text._Z7pollWIFv
                0x00000e78       0x22 I2C.o
                0x00000e78                _Z7pollWIFv
 .text._Z12i2cStartReadh
                0x00000e9a       0x24 I2C.o
                0x00000e9a                _Z12i2cStartReadh
 .text._Z13i2cStartWriteh
                0x00000ebe       0x22 I2C.o
                0x00000ebe                _Z13i2cStartWriteh
 .text._Z7i2cReadb
                0x00000ee0       0x40 I2C.o
                0x00000ee0                _Z7i2cReadb
 .text._Z8i2cWriteh
                0x00000f20       0x3c I2C.o
                0x00000f20                _Z8i2cWriteh
 .text._Z7i2cStopv
                0x00000f5c       0x12 I2C.o
                0x00000f5c                _Z7i2cStopv
 .text._Z15i2cReadRegisterhhPb
                0x00000f6e       0x54 I2C.o
                0x00000f6e                _Z15i2cReadRegisterhhPb
 .text._Z16i2cWriteRegisterhhh
                0x00000fc2       0x38 I2C.o
                0x00000fc2                _Z16i2cWriteRegisterhhh
 .text.__vector_3
                0x00000ffa       0x1e main.o
                0x00000ffa                __vector_3
 .text.__vector_8
                0x00001018       0x4e main.o
                0x00001018                __vector_8
 .text._Z4waitj
                0x00001066        0xe main.o
                0x00001066                _Z4waitj
 .text._Z6waitMsj
                0x00001074       0x44 main.o
                0x00001074                _Z6waitMsj
 .text._Z14calculatePitchiii
                0x000010b8      0x134 main.o
                0x000010b8                _Z14calculatePitchiii
 .text._Z13calculateRollii
                0x000011ec       0xcc main.o
                0x000011ec                _Z13calculateRollii
 .text._Z23recordAccelerationBurstv
                0x000012b8      0x4be main.o
                0x000012b8                _Z23recordAccelerationBurstv
 .text._Z17tinyFoxStartPrintv
                0x00001776       0xc2 main.o
                0x00001776                _Z17tinyFoxStartPrintv
 .text._Z12compressDataP5gps_tPh
                0x00001838      0x110 main.o
                0x00001838                _Z12compressDataP5gps_tPh
 .text._Z9getGPSFixP5gps_t
                0x00001948      0x20a main.o
                0x00001948                _Z9getGPSFixP5gps_t
 .text._Z11runTrackingv
                0x00001b52      0x334 main.o
                0x00001b52                _Z11runTrackingv
 .text.main     0x00001e86      0x2f8 main.o
                0x00001e86                main
 .text._ZL17usePrintfFunctioncP6__file
                0x0000217e       0x14 UART.o
 .text._Z23initPrimaryUARTwith9600v
                0x00002192       0x38 UART.o
                0x00002192                _Z23initPrimaryUARTwith9600v
 .text._Z22initSecondUARTwith9600v
                0x000021ca       0x3e UART.o
                0x000021ca                _Z22initSecondUARTwith9600v
 .text._Z9uartFlushv
                0x00002208       0x1a UART.o
                0x00002208                _Z9uartFlushv
 .text._Z20deinitSecondUartPinsv
                0x00002222       0x18 UART.o
                0x00002222                _Z20deinitSecondUartPinsv
 .text._Z17deinitAllUARTPinsv
                0x0000223a       0x2c UART.o
                0x0000223a                _Z17deinitAllUARTPinsv
 .text._Z7uartOffv
                0x00002266       0x1e UART.o
                0x00002266                _Z7uartOffv
 .text._Z8uartReadcPchj
                0x00002284       0x84 UART.o
                0x00002284                _Z8uartReadcPchj
 .text._Z21uartReadMultipleLineshcPchj
                0x00002308       0x92 UART.o
                0x00002308                _Z21uartReadMultipleLineshcPchj
 .text._Z5printPKc
                0x0000239a       0x2a UART.o
                0x0000239a                _Z5printPKc
 .text._Z7printlnPKc
                0x000023c4       0x16 UART.o
                0x000023c4                _Z7printlnPKc
 .text._Z8printU32m
                0x000023da       0x5a UART.o
                0x000023da                _Z8printU32m
 .text._Z9usePrintfv
                0x00002434       0x22 UART.o
                0x00002434                _Z9usePrintfv
 .text._Z14printByteAsHexh
                0x00002456       0x66 UART.o
                0x00002456                _Z14printByteAsHexh
 .text.avr-libc.fplib
                0x000024bc        0xe c:/program files (x86)/atmel/studio/7.0/toolchain/avr8/avr8-gnu-toolchain/bin/../lib/gcc/avr/5.4.0/../../../../avr/lib/avrxmega3\libm.a(addsf3.o)
                0x000024bc                __subsf3
                0x000024be                __addsf3
 .text.avr-libc.fplib
                0x000024ca       0xcc c:/program files (x86)/atmel/studio/7.0/toolchain/avr8/avr8-gnu-toolchain/bin/../lib/gcc/avr/5.4.0/../../../../avr/lib/avrxmega3\libm.a(addsf3x.o)
                0x000024ec                __addsf3x
 .text.avr-libc.fplib
                0x00002596       0x86 c:/program files (x86)/atmel/studio/7.0/toolchain/avr8/avr8-gnu-toolchain/bin/../lib/gcc/avr/5.4.0/../../../../avr/lib/avrxmega3\libm.a(atan2.o)
                0x000025bc                atan2
 .text.avr-libc.fplib
                0x0000261c       0x5e c:/program files (x86)/atmel/studio/7.0/toolchain/avr8/avr8-gnu-toolchain/bin/../lib/gcc/avr/5.4.0/../../../../avr/lib/avrxmega3\libm.a(atan.o)
                0x0000261c                atan
 .text.avr-libc.fplib
                0x0000267a        0xa c:/program files (x86)/atmel/studio/7.0/toolchain/avr8/avr8-gnu-toolchain/bin/../lib/gcc/avr/5.4.0/../../../../avr/lib/avrxmega3\libm.a(cmpsf2.o)
                0x0000267a                __nesf2
                0x0000267a                __eqsf2
                0x0000267a                __cmpsf2
                0x0000267a                __ltsf2
                0x0000267a                __lesf2
 .text.avr-libc.fplib
                0x00002684       0xdc c:/program files (x86)/atmel/studio/7.0/toolchain/avr8/avr8-gnu-toolchain/bin/../lib/gcc/avr/5.4.0/../../../../avr/lib/avrxmega3\libm.a(divsf3x.o)
                0x000026a4                __divsf3x
                0x000026aa                __divsf3_pse
 .text.avr-libc.fplib
                0x00002760       0x5e c:/program files (x86)/atmel/studio/7.0/toolchain/avr8/avr8-gnu-toolchain/bin/../lib/gcc/avr/5.4.0/../../../../avr/lib/avrxmega3\libm.a(fixunssfsi.o)
                0x00002760                __fixunssfsi
 .text.avr-libc.fplib
                0x000027be       0x7a c:/program files (x86)/atmel/studio/7.0/toolchain/avr8/avr8-gnu-toolchain/bin/../lib/gcc/avr/5.4.0/../../../../avr/lib/avrxmega3\libm.a(floatsisf.o)
                0x000027be                __floatunsisf
                0x000027c2                __floatsisf
 .text.avr-libc.fplib
                0x00002838       0x48 c:/program files (x86)/atmel/studio/7.0/toolchain/avr8/avr8-gnu-toolchain/bin/../lib/gcc/avr/5.4.0/../../../../avr/lib/avrxmega3\libm.a(fp_cmp.o)
                0x00002838                __fp_cmp
 .text.avr-libc.fplib
                0x00002880        0xc c:/program files (x86)/atmel/studio/7.0/toolchain/avr8/avr8-gnu-toolchain/bin/../lib/gcc/avr/5.4.0/../../../../avr/lib/avrxmega3\libm.a(fp_inf.o)
                0x00002880                __fp_inf
 .text.avr-libc.fplib
                0x0000288c        0x6 c:/program files (x86)/atmel/studio/7.0/toolchain/avr8/avr8-gnu-toolchain/bin/../lib/gcc/avr/5.4.0/../../../../avr/lib/avrxmega3\libm.a(fp_nan.o)
                0x0000288c                __fp_nan
 .text.avr-libc.fplib
                0x00002892       0x4e c:/program files (x86)/atmel/studio/7.0/toolchain/avr8/avr8-gnu-toolchain/bin/../lib/gcc/avr/5.4.0/../../../../avr/lib/avrxmega3\libm.a(fp_powser.o)
                0x00002892                __fp_powser
 .text.avr-libc.fplib
                0x000028e0        0xe c:/program files (x86)/atmel/studio/7.0/toolchain/avr8/avr8-gnu-toolchain/bin/../lib/gcc/avr/5.4.0/../../../../avr/lib/avrxmega3\libm.a(fp_pscA.o)
                0x000028e0                __fp_pscA
 .text.avr-libc.fplib
                0x000028ee        0xe c:/program files (x86)/atmel/studio/7.0/toolchain/avr8/avr8-gnu-toolchain/bin/../lib/gcc/avr/5.4.0/../../../../avr/lib/avrxmega3\libm.a(fp_pscB.o)
                0x000028ee                __fp_pscB
 .text.avr-libc.fplib
                0x000028fc       0x22 c:/program files (x86)/atmel/studio/7.0/toolchain/avr8/avr8-gnu-toolchain/bin/../lib/gcc/avr/5.4.0/../../../../avr/lib/avrxmega3\libm.a(fp_round.o)
                0x000028fc                __fp_round
 .text.avr-libc.fplib
                0x0000291e       0x44 c:/program files (x86)/atmel/studio/7.0/toolchain/avr8/avr8-gnu-toolchain/bin/../lib/gcc/avr/5.4.0/../../../../avr/lib/avrxmega3\libm.a(fp_split3.o)
                0x0000291e                __fp_split3
                0x0000292e                __fp_splitA
 .text.avr-libc.fplib
                0x00002962        0xe c:/program files (x86)/atmel/studio/7.0/toolchain/avr8/avr8-gnu-toolchain/bin/../lib/gcc/avr/5.4.0/../../../../avr/lib/avrxmega3\libm.a(fp_zero.o)
                0x00002962                __fp_zero
                0x00002964                __fp_szero
 .text.avr-libc.fplib
                0x00002970        0xa c:/program files (x86)/atmel/studio/7.0/toolchain/avr8/avr8-gnu-toolchain/bin/../lib/gcc/avr/5.4.0/../../../../avr/lib/avrxmega3\libm.a(gesf2.o)
                0x00002970                __gesf2
                0x00002970                __gtsf2
 .text.avr-libc.fplib
                0x0000297a       0x10 c:/program files (x86)/atmel/studio/7.0/toolchain/avr8/avr8-gnu-toolchain/bin/../lib/gcc/avr/5.4.0/../../../../avr/lib/avrxmega3\libm.a(inverse.o)
                0x0000297a                inverse
 .text.avr-libc.fplib
                0x0000298a        0x8 c:/program files (x86)/atmel/studio/7.0/toolchain/avr8/avr8-gnu-toolchain/bin/../lib/gcc/avr/5.4.0/../../../../avr/lib/avrxmega3\libm.a(mulsf3.o)
                0x0000298a                __mulsf3
 .text.avr-libc.fplib
                0x00002992       0xd2 c:/program files (x86)/atmel/studio/7.0/toolchain/avr8/avr8-gnu-toolchain/bin/../lib/gcc/avr/5.4.0/../../../../avr/lib/avrxmega3\libm.a(mulsf3x.o)
                0x000029b0                __mulsf3x
                0x000029b6                __mulsf3_pse
 .text.avr-libc.fplib
                0x00002a64       0x8c c:/program files (x86)/atmel/studio/7.0/toolchain/avr8/avr8-gnu-toolchain/bin/../lib/gcc/avr/5.4.0/../../../../avr/lib/avrxmega3\libm.a(sqrt.o)
                0x00002a70                sqrtf
                0x00002a70                sqrt
 .text.avr-libc.fplib
                0x00002af0        0x8 c:/program files (x86)/atmel/studio/7.0/toolchain/avr8/avr8-gnu-toolchain/bin/../lib/gcc/avr/5.4.0/../../../../avr/lib/avrxmega3\libm.a(square.o)
                0x00002af0                square
 .text.avr-libc.fplib
                0x00002af8        0x8 c:/program files (x86)/atmel/studio/7.0/toolchain/avr8/avr8-gnu-toolchain/bin/../lib/gcc/avr/5.4.0/../../../../avr/lib/avrxmega3\libm.a(divsf3.o)
                0x00002af8                __divsf3
 .text.avr-libc.fplib
                0x00002b00       0x1c c:/program files (x86)/atmel/studio/7.0/toolchain/avr8/avr8-gnu-toolchain/bin/../lib/gcc/avr/5.4.0/../../../../avr/lib/avrxmega3\libm.a(fp_mpack.o)
                0x00002b00                __fp_mpack
                0x00002b04                __fp_mpack_finite
 .text.avr-libc.fplib
                0x00002b1c        0xe c:/program files (x86)/atmel/studio/7.0/toolchain/avr8/avr8-gnu-toolchain/bin/../lib/gcc/avr/5.4.0/../../../../avr/lib/avrxmega3\libm.a(fp_norm2.o)
                0x00002b1c                __fp_norm2
 .text.libgcc.mul
                0x00002b2a       0x20 c:/program files (x86)/atmel/studio/7.0/toolchain/avr8/avr8-gnu-toolchain/bin/../lib/gcc/avr/5.4.0/avrxmega3\libgcc.a(_mulsi3.o)
                0x00002b2a                __mulsi3
 .text.libgcc.div
                0x00002b4a       0x44 c:/program files (x86)/atmel/studio/7.0/toolchain/avr8/avr8-gnu-toolchain/bin/../lib/gcc/avr/5.4.0/avrxmega3\libgcc.a(_udivmodsi4.o)
                0x00002b4a                __udivmodsi4
 .text.libgcc.div
                0x00002b8e       0x2e c:/program files (x86)/atmel/studio/7.0/toolchain/avr8/avr8-gnu-toolchain/bin/../lib/gcc/avr/5.4.0/avrxmega3\libgcc.a(_divmodsi4.o)
                0x00002b8e                __divmodsi4
 .text.libgcc.div
                0x00002bbc       0x10 c:/program files (x86)/atmel/studio/7.0/toolchain/avr8/avr8-gnu-toolchain/bin/../lib/gcc/avr/5.4.0/avrxmega3\libgcc.a(_negsi2.o)
                0x00002bbc                __negsi2
 .text.libgcc.mul
                0x00002bcc       0x10 c:/program files (x86)/atmel/studio/7.0/toolchain/avr8/avr8-gnu-toolchain/bin/../lib/gcc/avr/5.4.0/avrxmega3\libgcc.a(_mulhisi3.o)
                0x00002bcc                __mulhisi3
 .text.libgcc.mul
                0x00002bdc       0x1e c:/program files (x86)/atmel/studio/7.0/toolchain/avr8/avr8-gnu-toolchain/bin/../lib/gcc/avr/5.4.0/avrxmega3\libgcc.a(_umulhisi3.o)
                0x00002bdc                __umulhisi3
 .text.libgcc.mul
                0x00002bfa        0xe c:/program files (x86)/atmel/studio/7.0/toolchain/avr8/avr8-gnu-toolchain/bin/../lib/gcc/avr/5.4.0/avrxmega3\libgcc.a(_usmulhisi3.o)
                0x00002bfa                __usmulhisi3
                0x00002bfe                __usmulhisi3_tail
 .text.libgcc.mul
                0x00002c08       0x16 c:/program files (x86)/atmel/studio/7.0/toolchain/avr8/avr8-gnu-toolchain/bin/../lib/gcc/avr/5.4.0/avrxmega3\libgcc.a(_muluhisi3.o)
                0x00002c08                __muluhisi3
 .text.libgcc   0x00002c1e       0x12 c:/program files (x86)/atmel/studio/7.0/toolchain/avr8/avr8-gnu-toolchain/bin/../lib/gcc/avr/5.4.0/avrxmega3\libgcc.a(_adddi3.o)
                0x00002c1e                __adddi3
 .text.avr-libc
                0x00002c30       0x3c c:/program files (x86)/atmel/studio/7.0/toolchain/avr8/avr8-gnu-toolchain/bin/../lib/gcc/avr/5.4.0/../../../../avr/lib/avrxmega3\libc.a(atoi.o)
                0x00002c30                atoi
 .text.avr-libc
                0x00002c6c       0x4e c:/program files (x86)/atmel/studio/7.0/toolchain/avr8/avr8-gnu-toolchain/bin/../lib/gcc/avr/5.4.0/../../../../avr/lib/avrxmega3\libc.a(atol.o)
                0x00002c6c                atol
 .text.avr-libc
                0x00002cba        0xe c:/program files (x86)/atmel/studio/7.0/toolchain/avr8/avr8-gnu-toolchain/bin/../lib/gcc/avr/5.4.0/../../../../avr/lib/avrxmega3\libc.a(memset.o)
                0x00002cba                memset
 .text.avr-libc
                0x00002cc8       0x16 c:/program files (x86)/atmel/studio/7.0/toolchain/avr8/avr8-gnu-toolchain/bin/../lib/gcc/avr/5.4.0/../../../../avr/lib/avrxmega3\libc.a(strchr.o)
                0x00002cc8                strchr
 .text.avr-libc
                0x00002cde       0x2a c:/program files (x86)/atmel/studio/7.0/toolchain/avr8/avr8-gnu-toolchain/bin/../lib/gcc/avr/5.4.0/../../../../avr/lib/avrxmega3\libc.a(mulsi10.o)
                0x00002cde                __mulsi_const_10
 .text.avr-libc
                0x00002d08       0x10 c:/program files (x86)/atmel/studio/7.0/toolchain/avr8/avr8-gnu-toolchain/bin/../lib/gcc/avr/5.4.0/../../../../avr/lib/avrxmega3\libc.a(mul10.o)
                0x00002d08                __mulhi_const_10
 .text.avr-libc
                0x00002d18       0x10 C:/Program Files (x86)/Atmel/Studio/7.0/Packs/Atmel/ATtiny_DFP/1.4.310/gcc/dev/attiny1626/avrxmega3\libattiny1626.a(eerd_byte.o)
                0x00002d18                eeprom_read_byte
                0x00002d20                eeprom_mapen
 .text.avr-libc
                0x00002d28       0x28 C:/Program Files (x86)/Atmel/Studio/7.0/Packs/Atmel/ATtiny_DFP/1.4.310/gcc/dev/attiny1626/avrxmega3\libattiny1626.a(eewr_byte.o)
                0x00002d28                eeprom_write_byte
                0x00002d2a                eeprom_write_r18
                0x00002d50                . = ALIGN (0x2)
 *(.fini9)
 .fini9         0x00002d50        0x0 c:/program files (x86)/atmel/studio/7.0/toolchain/avr8/avr8-gnu-toolchain/bin/../lib/gcc/avr/5.4.0/avrxmega3\libgcc.a(_exit.o)
                0x00002d50                _exit
                0x00002d50                exit
 *(.fini9)
 *(.fini8)
 *(.fini8)
 *(.fini7)
 *(.fini7)
 *(.fini6)
 *(.fini6)
 *(.fini5)
 *(.fini5)
 *(.fini4)
 *(.fini4)
 *(.fini3)
 *(.fini3)
 *(.fini2)
 *(.fini2)
 *(.fini1)
 *(.fini1)
 *(.fini0)
 .fini0         0x00002d50        0x4 c:/program files (x86)/atmel/studio/7.0/toolchain/avr8/avr8-gnu-toolchain/bin/../lib/gcc/avr/5.4.0/avrxmega3\libgcc.a(_exit.o)
 *(.fini0)
                0x00002d54                _etext = .

.rodata         0x0000ad54       0x88 load address 0x00002d54
 *(.rodata)
 *(.rodata*)
 .rodata.str1.1
                0x0000ad54       0x2f SigfoxAxSip.o
                                 0x33 (size before relaxing)
 .rodata.str1.1
                0x0000ad83       0x48 main.o
                                 0x5e (size before relaxing)
 .rodata.str1.1
                0x0000adcb       0x11 UART.o
                                 0x15 (size before relaxing)
 *(.gnu.linkonce.r*)

.data           0x00803800        0x2 load address 0x00002ddc
                0x00803800                PROVIDE (__data_start, .)
 *(.data)
 *(.data*)
 .data.roll     0x00803800        0x1 main.o
                0x00803800                roll
 .data.pitch    0x00803801        0x1 main.o
                0x00803801                pitch
 *(.gnu.linkonce.d*)
                0x00803802                . = ALIGN (0x2)
                0x00803802                _edata = .
                0x00803802                PROVIDE (__data_end, .)

.bss            0x00803802      0x4a8
                0x00803802                PROVIDE (__bss_start, .)
 *(.bss)
 *(.bss*)
 .bss._ZL13millisElapsed
                0x00803802        0x4 TinyFox.o
 .bss.sigfoxDataPointer
                0x00803806        0x1 main.o
                0x00803806                sigfoxDataPointer
 .bss.sigfoxData
                0x00803807        0xc main.o
                0x00803807                sigfoxData
 .bss.maxMovement
                0x00803813        0x1 main.o
                0x00803813                maxMovement
 .bss.zeroCrossingsAvgAmplitude
                0x00803814        0x1 main.o
                0x00803814                zeroCrossingsAvgAmplitude
 .bss.zeroCrossings
                0x00803815        0x1 main.o
                0x00803815                zeroCrossings
 .bss.vedbaBurstSum
                0x00803816        0x4 main.o
                0x00803816                vedbaBurstSum
 .bss.secondsTtf
                0x0080381a        0x4 main.o
                0x0080381a                secondsTtf
 .bss.lastError
                0x0080381e        0x1 main.o
                0x0080381e                lastError
 .bss.vedbaTotalSum
                0x0080381f        0x8 main.o
                0x0080381f                vedbaTotalSum
 .bss.bufZ      0x00803827      0x174 main.o
                0x00803827                bufZ
 .bss.bufY      0x0080399b      0x174 main.o
                0x0080399b                bufY
 .bss.bufX      0x00803b0f      0x174 main.o
                0x00803b0f                bufX
 .bss.eepromvoltage
                0x00803c83        0x1 main.o
                0x00803c83                eepromvoltage
 .bss.readcounter
                0x00803c84        0x1 main.o
                0x00803c84                readcounter
 .bss.eepromreadcount
                0x00803c85        0x2 main.o
                0x00803c85                eepromreadcount
 .bss.batteryVoltage
                0x00803c87        0x2 main.o
                0x00803c87                batteryVoltage
 .bss.activationCnt
                0x00803c89        0x4 main.o
                0x00803c89                activationCnt
 .bss.sleepCnt  0x00803c8d        0x4 main.o
                0x00803c8d                sleepCnt
 .bss.activation
                0x00803c91        0x4 main.o
                0x00803c91                activation
 .bss.state     0x00803c95        0x1 main.o
                0x00803c95                state
 .bss._ZZ9usePrintfvE8mystdout
                0x00803c96        0xe UART.o
 *(COMMON)
 COMMON         0x00803ca4        0x6 c:/program files (x86)/atmel/studio/7.0/toolchain/avr8/avr8-gnu-toolchain/bin/../lib/gcc/avr/5.4.0/../../../../avr/lib/avrxmega3\libc.a(iob.o)
                0x00803ca4                __iob
                0x00803caa                PROVIDE (__bss_end, .)
                0x00002ddc                __data_load_start = LOADADDR (.data)
                0x00002dde                __data_load_end = (__data_load_start + SIZEOF (.data))

.noinit         0x00803caa        0x0
                [!provide]                PROVIDE (__noinit_start, .)
 *(.noinit*)
                [!provide]                PROVIDE (__noinit_end, .)
                0x00803caa                _end = .
                [!provide]                PROVIDE (__heap_start, .)

.eeprom         0x00810000        0x0
 *(.eeprom*)
                0x00810000                __eeprom_end = .

.fuse
 *(.fuse)
 *(.lfuse)
 *(.hfuse)
 *(.efuse)

.lock
 *(.lock*)

.signature
 *(.signature*)

.user_signatures
 *(.user_signatures*)

.stab
 *(.stab)

.stabstr
 *(.stabstr)

.stab.excl
 *(.stab.excl)

.stab.exclstr
 *(.stab.exclstr)

.stab.index
 *(.stab.index)

.stab.indexstr
 *(.stab.indexstr)

.comment        0x00000000       0x30
 *(.comment)
 .comment       0x00000000       0x30 AccMC3635.o
                                 0x31 (size before relaxing)
 .comment       0x00000030       0x31 GPS_L70R.o
 .comment       0x00000030       0x31 SigfoxAxSip.o
 .comment       0x00000030       0x31 TinyFox.o
 .comment       0x00000030       0x31 I2C.o
 .comment       0x00000030       0x31 main.o
 .comment       0x00000030       0x31 UART.o
 .comment       0x00000030       0x31 c:/program files (x86)/atmel/studio/7.0/toolchain/avr8/avr8-gnu-toolchain/bin/../lib/gcc/avr/5.4.0/../../../../avr/lib/avrxmega3\libc.a(iob.o)

.note.gnu.avr.deviceinfo
                0x00000000       0x40
 .note.gnu.avr.deviceinfo
                0x00000000       0x40 C:/Program Files (x86)/Atmel/Studio/7.0/Packs/Atmel/ATtiny_DFP/1.4.310/gcc/dev/attiny1626/avrxmega3/crtattiny1626.o

.note.gnu.build-id
 *(.note.gnu.build-id)

.debug
 *(.debug)

.line
 *(.line)

.debug_srcinfo
 *(.debug_srcinfo)

.debug_sfnames
 *(.debug_sfnames)

.debug_aranges  0x00000000      0x3b8
 *(.debug_aranges)
 .debug_aranges
                0x00000000       0x58 AccMC3635.o
 .debug_aranges
                0x00000058       0x58 GPS_L70R.o
 .debug_aranges
                0x000000b0       0x48 SigfoxAxSip.o
 .debug_aranges
                0x000000f8       0xf8 TinyFox.o
 .debug_aranges
                0x000001f0       0x78 I2C.o
 .debug_aranges
                0x00000268       0x80 main.o
 .debug_aranges
                0x000002e8       0x90 UART.o
 .debug_aranges
                0x00000378       0x20 C:/Program Files (x86)/Atmel/Studio/7.0/Packs/Atmel/ATtiny_DFP/1.4.310/gcc/dev/attiny1626/avrxmega3\libattiny1626.a(eerd_byte.o)
 .debug_aranges
                0x00000398       0x20 C:/Program Files (x86)/Atmel/Studio/7.0/Packs/Atmel/ATtiny_DFP/1.4.310/gcc/dev/attiny1626/avrxmega3\libattiny1626.a(eewr_byte.o)

.debug_pubnames
 *(.debug_pubnames)

.debug_info     0x00000000     0x815b
 *(.debug_info .gnu.linkonce.wi.*)
 .debug_info    0x00000000     0x1c2f C:/Program Files (x86)/Atmel/Studio/7.0/Packs/Atmel/ATtiny_DFP/1.4.310/gcc/dev/attiny1626/avrxmega3/crtattiny1626.o
 .debug_info    0x00001c2f      0x808 AccMC3635.o
 .debug_info    0x00002437      0x923 GPS_L70R.o
 .debug_info    0x00002d5a      0x651 SigfoxAxSip.o
 .debug_info    0x000033ab     0x1a5f TinyFox.o
 .debug_info    0x00004e0a      0x6c7 I2C.o
 .debug_info    0x000054d1     0x210f main.o
 .debug_info    0x000075e0      0xa3d UART.o
 .debug_info    0x0000801d       0x9f C:/Program Files (x86)/Atmel/Studio/7.0/Packs/Atmel/ATtiny_DFP/1.4.310/gcc/dev/attiny1626/avrxmega3\libattiny1626.a(eerd_byte.o)
 .debug_info    0x000080bc       0x9f C:/Program Files (x86)/Atmel/Studio/7.0/Packs/Atmel/ATtiny_DFP/1.4.310/gcc/dev/attiny1626/avrxmega3\libattiny1626.a(eewr_byte.o)

.debug_abbrev   0x00000000     0x2d62
 *(.debug_abbrev)
 .debug_abbrev  0x00000000     0x1ab0 C:/Program Files (x86)/Atmel/Studio/7.0/Packs/Atmel/ATtiny_DFP/1.4.310/gcc/dev/attiny1626/avrxmega3/crtattiny1626.o
 .debug_abbrev  0x00001ab0      0x19d AccMC3635.o
 .debug_abbrev  0x00001c4d      0x2b6 GPS_L70R.o
 .debug_abbrev  0x00001f03      0x1e5 SigfoxAxSip.o
 .debug_abbrev  0x000020e8      0x392 TinyFox.o
 .debug_abbrev  0x0000247a      0x1f5 I2C.o
 .debug_abbrev  0x0000266f      0x3e8 main.o
 .debug_abbrev  0x00002a57      0x2e3 UART.o
 .debug_abbrev  0x00002d3a       0x14 C:/Program Files (x86)/Atmel/Studio/7.0/Packs/Atmel/ATtiny_DFP/1.4.310/gcc/dev/attiny1626/avrxmega3\libattiny1626.a(eerd_byte.o)
 .debug_abbrev  0x00002d4e       0x14 C:/Program Files (x86)/Atmel/Studio/7.0/Packs/Atmel/ATtiny_DFP/1.4.310/gcc/dev/attiny1626/avrxmega3\libattiny1626.a(eewr_byte.o)

.debug_line     0x00000000     0x2b0a
 *(.debug_line .debug_line.* .debug_line_end)
 .debug_line    0x00000000      0x14b C:/Program Files (x86)/Atmel/Studio/7.0/Packs/Atmel/ATtiny_DFP/1.4.310/gcc/dev/attiny1626/avrxmega3/crtattiny1626.o
 .debug_line    0x0000014b      0x2e8 AccMC3635.o
 .debug_line    0x00000433      0x7a9 GPS_L70R.o
 .debug_line    0x00000bdc      0x281 SigfoxAxSip.o
 .debug_line    0x00000e5d      0x69a TinyFox.o
 .debug_line    0x000014f7      0x410 I2C.o
 .debug_line    0x00001907      0xbc6 main.o
 .debug_line    0x000024cd      0x503 UART.o
 .debug_line    0x000029d0       0x79 C:/Program Files (x86)/Atmel/Studio/7.0/Packs/Atmel/ATtiny_DFP/1.4.310/gcc/dev/attiny1626/avrxmega3\libattiny1626.a(eerd_byte.o)
 .debug_line    0x00002a49       0xc1 C:/Program Files (x86)/Atmel/Studio/7.0/Packs/Atmel/ATtiny_DFP/1.4.310/gcc/dev/attiny1626/avrxmega3\libattiny1626.a(eewr_byte.o)

.debug_frame    0x00000000      0xb84
 *(.debug_frame)
 .debug_frame   0x00000000      0x120 AccMC3635.o
 .debug_frame   0x00000120      0x1f4 GPS_L70R.o
 .debug_frame   0x00000314       0xc0 SigfoxAxSip.o
 .debug_frame   0x000003d4      0x22c TinyFox.o
 .debug_frame   0x00000600      0x108 I2C.o
 .debug_frame   0x00000708      0x304 main.o
 .debug_frame   0x00000a0c      0x178 UART.o

.debug_str      0x00000000     0x3279
 *(.debug_str)
 .debug_str     0x00000000      0xc8d C:/Program Files (x86)/Atmel/Studio/7.0/Packs/Atmel/ATtiny_DFP/1.4.310/gcc/dev/attiny1626/avrxmega3/crtattiny1626.o
 .debug_str     0x00000c8d      0x445 AccMC3635.o
                                0x48b (size before relaxing)
 .debug_str     0x000010d2      0x3aa GPS_L70R.o
                                0x5d4 (size before relaxing)
 .debug_str     0x0000147c      0x168 SigfoxAxSip.o
                                0x437 (size before relaxing)
 .debug_str     0x000015e4     0x13d0 TinyFox.o
                               0x163b (size before relaxing)
 .debug_str     0x000029b4      0x280 I2C.o
                                0x58f (size before relaxing)
 .debug_str     0x00002c34      0x4ea main.o
                               0x1279 (size before relaxing)
 .debug_str     0x0000311e      0x15b UART.o
                                0x628 (size before relaxing)

.debug_loc      0x00000000     0x38dd
 *(.debug_loc)
 .debug_loc     0x00000000      0x404 AccMC3635.o
 .debug_loc     0x00000404      0xa5f GPS_L70R.o
 .debug_loc     0x00000e63      0x32a SigfoxAxSip.o
 .debug_loc     0x0000118d      0x540 TinyFox.o
 .debug_loc     0x000016cd      0x584 I2C.o
 .debug_loc     0x00001c51     0x169e main.o
 .debug_loc     0x000032ef      0x5ee UART.o

.debug_macinfo
 *(.debug_macinfo)

.debug_weaknames
 *(.debug_weaknames)

.debug_funcnames
 *(.debug_funcnames)

.debug_typenames
 *(.debug_typenames)

.debug_varnames
 *(.debug_varnames)

.debug_pubtypes
 *(.debug_pubtypes)

.debug_ranges   0x00000000      0x350
 *(.debug_ranges)
 .debug_ranges  0x00000000       0x48 AccMC3635.o
 .debug_ranges  0x00000048       0x60 GPS_L70R.o
 .debug_ranges  0x000000a8       0x38 SigfoxAxSip.o
 .debug_ranges  0x000000e0       0xe8 TinyFox.o
 .debug_ranges  0x000001c8       0x80 I2C.o
 .debug_ranges  0x00000248       0x88 main.o
 .debug_ranges  0x000002d0       0x80 UART.o

.debug_macro
 *(.debug_macro)
OUTPUT(TinyFoxGPSSoftware.elf elf32-avr)
LOAD linker stubs
