Archive member included to satisfy reference by file (symbol)

c:/program files (x86)/atmel/studio/7.0/toolchain/avr8/avr8-gnu-toolchain/bin/../lib/gcc/avr/5.4.0/../../../../avr/lib/avrxmega3\libm.a(addsf3.o)
                              main.o (__addsf3)
c:/program files (x86)/atmel/studio/7.0/toolchain/avr8/avr8-gnu-toolchain/bin/../lib/gcc/avr/5.4.0/../../../../avr/lib/avrxmega3\libm.a(addsf3x.o)
                              c:/program files (x86)/atmel/studio/7.0/toolchain/avr8/avr8-gnu-toolchain/bin/../lib/gcc/avr/5.4.0/../../../../avr/lib/avrxmega3\libm.a(addsf3.o) (__addsf3x)
c:/program files (x86)/atmel/studio/7.0/toolchain/avr8/avr8-gnu-toolchain/bin/../lib/gcc/avr/5.4.0/../../../../avr/lib/avrxmega3\libm.a(atan2.o)
                              main.o (atan2)
c:/program files (x86)/atmel/studio/7.0/toolchain/avr8/avr8-gnu-toolchain/bin/../lib/gcc/avr/5.4.0/../../../../avr/lib/avrxmega3\libm.a(atan.o)
                              c:/program files (x86)/atmel/studio/7.0/toolchain/avr8/avr8-gnu-toolchain/bin/../lib/gcc/avr/5.4.0/../../../../avr/lib/avrxmega3\libm.a(atan2.o) (atan)
c:/program files (x86)/atmel/studio/7.0/toolchain/avr8/avr8-gnu-toolchain/bin/../lib/gcc/avr/5.4.0/../../../../avr/lib/avrxmega3\libm.a(cmpsf2.o)
                              main.o (__ltsf2)
c:/program files (x86)/atmel/studio/7.0/toolchain/avr8/avr8-gnu-toolchain/bin/../lib/gcc/avr/5.4.0/../../../../avr/lib/avrxmega3\libm.a(divsf3x.o)
                              c:/program files (x86)/atmel/studio/7.0/toolchain/avr8/avr8-gnu-toolchain/bin/../lib/gcc/avr/5.4.0/../../../../avr/lib/avrxmega3\libm.a(atan2.o) (__divsf3_pse)
c:/program files (x86)/atmel/studio/7.0/toolchain/avr8/avr8-gnu-toolchain/bin/../lib/gcc/avr/5.4.0/../../../../avr/lib/avrxmega3\libm.a(fixunssfsi.o)
                              main.o (__fixunssfsi)
c:/program files (x86)/atmel/studio/7.0/toolchain/avr8/avr8-gnu-toolchain/bin/../lib/gcc/avr/5.4.0/../../../../avr/lib/avrxmega3\libm.a(floatsisf.o)
                              main.o (__floatsisf)
c:/program files (x86)/atmel/studio/7.0/toolchain/avr8/avr8-gnu-toolchain/bin/../lib/gcc/avr/5.4.0/../../../../avr/lib/avrxmega3\libm.a(fp_cmp.o)
                              c:/program files (x86)/atmel/studio/7.0/toolchain/avr8/avr8-gnu-toolchain/bin/../lib/gcc/avr/5.4.0/../../../../avr/lib/avrxmega3\libm.a(cmpsf2.o) (__fp_cmp)
c:/program files (x86)/atmel/studio/7.0/toolchain/avr8/avr8-gnu-toolchain/bin/../lib/gcc/avr/5.4.0/../../../../avr/lib/avrxmega3\libm.a(fp_inf.o)
                              c:/program files (x86)/atmel/studio/7.0/toolchain/avr8/avr8-gnu-toolchain/bin/../lib/gcc/avr/5.4.0/../../../../avr/lib/avrxmega3\libm.a(addsf3x.o) (__fp_inf)
c:/program files (x86)/atmel/studio/7.0/toolchain/avr8/avr8-gnu-toolchain/bin/../lib/gcc/avr/5.4.0/../../../../avr/lib/avrxmega3\libm.a(fp_nan.o)
                              c:/program files (x86)/atmel/studio/7.0/toolchain/avr8/avr8-gnu-toolchain/bin/../lib/gcc/avr/5.4.0/../../../../avr/lib/avrxmega3\libm.a(addsf3x.o) (__fp_nan)
c:/program files (x86)/atmel/studio/7.0/toolchain/avr8/avr8-gnu-toolchain/bin/../lib/gcc/avr/5.4.0/../../../../avr/lib/avrxmega3\libm.a(fp_powser.o)
                              c:/program files (x86)/atmel/studio/7.0/toolchain/avr8/avr8-gnu-toolchain/bin/../lib/gcc/avr/5.4.0/../../../../avr/lib/avrxmega3\libm.a(atan.o) (__fp_powser)
c:/program files (x86)/atmel/studio/7.0/toolchain/avr8/avr8-gnu-toolchain/bin/../lib/gcc/avr/5.4.0/../../../../avr/lib/avrxmega3\libm.a(fp_pscA.o)
                              c:/program files (x86)/atmel/studio/7.0/toolchain/avr8/avr8-gnu-toolchain/bin/../lib/gcc/avr/5.4.0/../../../../avr/lib/avrxmega3\libm.a(addsf3x.o) (__fp_pscA)
c:/program files (x86)/atmel/studio/7.0/toolchain/avr8/avr8-gnu-toolchain/bin/../lib/gcc/avr/5.4.0/../../../../avr/lib/avrxmega3\libm.a(fp_pscB.o)
                              c:/program files (x86)/atmel/studio/7.0/toolchain/avr8/avr8-gnu-toolchain/bin/../lib/gcc/avr/5.4.0/../../../../avr/lib/avrxmega3\libm.a(addsf3x.o) (__fp_pscB)
c:/program files (x86)/atmel/studio/7.0/toolchain/avr8/avr8-gnu-toolchain/bin/../lib/gcc/avr/5.4.0/../../../../avr/lib/avrxmega3\libm.a(fp_round.o)
                              c:/program files (x86)/atmel/studio/7.0/toolchain/avr8/avr8-gnu-toolchain/bin/../lib/gcc/avr/5.4.0/../../../../avr/lib/avrxmega3\libm.a(addsf3.o) (__fp_round)
c:/program files (x86)/atmel/studio/7.0/toolchain/avr8/avr8-gnu-toolchain/bin/../lib/gcc/avr/5.4.0/../../../../avr/lib/avrxmega3\libm.a(fp_split3.o)
                              c:/program files (x86)/atmel/studio/7.0/toolchain/avr8/avr8-gnu-toolchain/bin/../lib/gcc/avr/5.4.0/../../../../avr/lib/avrxmega3\libm.a(addsf3x.o) (__fp_split3)
c:/program files (x86)/atmel/studio/7.0/toolchain/avr8/avr8-gnu-toolchain/bin/../lib/gcc/avr/5.4.0/../../../../avr/lib/avrxmega3\libm.a(fp_zero.o)
[...]
Memory Configuration

Name             Origin             Length             Attributes
text             0x00000000         0x00004000         xr
data             0x00803800         0x00000800         rw !x
eeprom           0x00810000         0x00000100         rw !x
fuse             0x00820000         0x0000000a         rw !x
lock             0x00830000         0x00000400         rw !x
signature        0x00840000         0x00000400         rw !x
user_signatures  0x00850000         0x00000400         rw !x
*default*        0x00000000         0xffffffff

Linker script and memory map

Address of section .data set to 0x803800
                0x00008000                __RODATA_PM_OFFSET__ = 0x8000
LOAD C:/Program Files (x86)/Atmel/Studio/7.0/Packs/Atmel/ATtiny_DFP/1.4.310/gcc/dev/attiny1626/avrxmega3/crtattiny1626.o
LOAD AccMC3635.o
LOAD GPS_L70R.o
LOAD HelperFunctions.o
LOAD SigfoxAxSip.o
LOAD Time.o
LOAD TinyFox.o
LOAD I2C.o
LOAD main.o
LOAD TestFunctions.o
LOAD UART.o
START GROUP
LOAD c:/program files (x86)/atmel/studio/7.0/toolchain/avr8/avr8-gnu-toolchain/bin/../lib/gcc/avr/5.4.0/../../../../avr/lib/avrxmega3\libm.a
END GROUP
LOAD c:/program files (x86)/atmel/studio/7.0/toolchain/avr8/avr8-gnu-toolchain/bin/../lib/gcc/avr/5.4.0/avrxmega3\libgcc.a
LOAD c:/program files (x86)/atmel/studio/7.0/toolchain/avr8/avr8-gnu-toolchain/bin/../lib/gcc/avr/5.4.0/../../../../avr/lib/avrxmega3\libm.a
START GROUP
LOAD c:/program files (x86)/atmel/studio/7.0/toolchain/avr8/avr8-gnu-toolchain/bin/../lib/gcc/avr/5.4.0/avrxmega3\libgcc.a
LOAD c:/program files (x86)/atmel/studio/7.0/toolchain/avr8/avr8-gnu-toolchain/bin/../lib/gcc/avr/5.4.0/../../../../avr/lib/avrxmega3\libm.a
LOAD c:/program files (x86)/atmel/studio/7.0/toolchain/avr8/avr8-gnu-toolchain/bin/../lib/gcc/avr/5.4.0/../../../../avr/lib/avrxmega3\libc.a
LOAD C:/Program Files (x86)/Atmel/Studio/7.0/Packs/Atmel/ATtiny_DFP/1.4.310/gcc/dev/attiny1626/avrxmega3\libattiny1626.a
END GROUP
                [0x00000000]                __TEXT_REGION_ORIGIN__ = DEFINED (__TEXT_REGION_ORIGIN__)?__TEXT_REGION_ORIGIN__:0x0
                [0x00803800]                __DATA_REGION_ORIGIN__ = DEFINED (__DATA_REGION_ORIGIN__)?__DATA_REGION_ORIGIN__:0x802000
                [0x00004000]                __TEXT_REGION_LENGTH__ = DEFINED (__TEXT_REGION_LENGTH__)?__TEXT_REGION_LENGTH__:0x100000
                [0x00000800]                __DATA_REGION_LENGTH__ = DEFINED (__DATA_REGION_LENGTH__)?__DATA_REGION_LENGTH__:0xffa0
                [0x00000100]                __EEPROM_REGION_LENGTH__ = DEFINED (__EEPROM_REGION_LENGTH__)?__EEPROM_REGION_LENGTH__:0x10000
                [0x0000000a]                __FUSE_REGION_LENGTH__ = DEFINED (__FUSE_REGION_LENGTH__)?__FUSE_REGION_LENGTH__:0x400
                0x00000400                __LOCK_REGION_LENGTH__ = DEFINED (__LOCK_REGION_LENGTH__)?__LOCK_REGION_LENGTH__:0x400
                0x00000400                __SIGNATURE_REGION_LENGTH__ = DEFINED (__SIGNATURE_REGION_LENGTH__)?__SIGNATURE_REGION_LENGTH__:0x400
                0x00000400                __USER_SIGNATURE_REGION_LENGTH__ = DEFINED (__USER_SIGNATURE_REGION_LENGTH__)?__USER_SIGNATURE_REGION_LENGTH__:0x400
                0x00008000                __RODATA_PM_OFFSET__ = DEFINED (__RODATA_PM_OFFSET__)?__RODATA_PM_OFFSET__:0x8000

.hash
 *(.hash)

.dynsym
 *(.dynsym)

.dynstr
 *(.dynstr)

.gnu.version
 *(.gnu.version)

.gnu.version_d
 *(.gnu.version_d)

.gnu.version_r
 *(.gnu.version_r)

.rel.init
 *(.rel.init)

.rela.init
 *(.rela.init)

.rel.text
 *(.rel.text)
 *(.rel.text.*)
 *(.rel.gnu.linkonce.t*)

.rela.text
 *(.rela.text)
 *(.rela.text.*)
 *(.rela.gnu.linkonce.t*)

.rel.fini
 *(.rel.fini)

.rela.fini
 *(.rela.fini)

.rel.rodata
 *(.rel.rodata)
 *(.rel.rodata.*)
 *(.rel.gnu.linkonce.r*)

.rela.rodata
 *(.rela.rodata)
 *(.rela.rodata.*)
 *(.rela.gnu.linkonce.r*)

.rel.data
 *(.rel.data)
 *(.rel.data.*)
 *(.rel.gnu.linkonce.d*)

.rela.data
 *(.rela.data)
 *(.rela.data.*)
 *(.rela.gnu.linkonce.d*)

.rel.ctors
 *(.rel.ctors)

.rela.ctors
 *(.rela.ctors)

.rel.dtors
 *(.rel.dtors)

.rela.dtors
 *(.rela.dtors)

.rel.got
 *(.rel.got)

.rela.got
 *(.rela.got)

.rel.bss
 *(.rel.bss)

.rela.bss
 *(.rela.bss)

.rel.plt
 *(.rel.plt)

.rela.plt
 *(.rela.plt)

.text           0x00000000      0xcb0
 *(.vectors)
 .vectors       0x00000000       0x78 C:/Program Files (x86)/Atmel/Studio/7.0/Packs/Atmel/ATtiny_DFP/1.4.310/gcc/dev/attiny1626/avrxmega3/crtattiny1626.o
                0x00000000                __vector_default
                0x00000000                __vectors
 *(.vectors)
 *(.progmem.gcc*)
                0x00000078                . = ALIGN (0x2)
                0x00000078                __trampolines_start = .
 *(.trampolines)
 .trampolines   0x00000078        0x0 linker stubs
 *(.trampolines*)
                0x00000078                __trampolines_end = .
 *libprintf_flt.a:*(.progmem.data)
 *libc.a:*(.progmem.data)
 *(.progmem*)
                0x00000078                . = ALIGN (0x2)
 *(.jumptables)
 *(.jumptables*)
 *(.lowtext)
 *(.lowtext*)
                0x00000078                __ctors_start = .
 *(.ctors)
                0x00000078                __ctors_end = .
                0x00000078                __dtors_start = .
 *(.dtors)
                0x00000078                __dtors_end = .
 SORT(*)(.ctors)
 SORT(*)(.dtors)
 *(.init0)
 .init0         0x00000078        0x0 C:/Program Files (x86)/Atmel/Studio/7.0/Packs/Atmel/ATtiny_DFP/1.4.310/gcc/dev/attiny1626/avrxmega3/crtattiny1626.o
                0x00000078                __init
 *(.init0)
 *(.init1)
 *(.init1)
 *(.init2)
 .init2         0x00000078        0xc C:/Program Files (x86)/Atmel/Studio/7.0/Packs/Atmel/ATtiny_DFP/1.4.310/gcc/dev/attiny1626/avrxmega3/crtattiny1626.o
 *(.init2)
 *(.init3)
 *(.init3)
 *(.init4)
 .init4         0x00000084       0x16 c:/program files (x86)/atmel/studio/7.0/toolchain/avr8/avr8-gnu-toolchain/bin/../lib/gcc/avr/5.4.0/avrxmega3\libgcc.a(_copy_data.o)
                0x00000084                __do_copy_data
 .init4         0x0000009a       0x10 c:/program files (x86)/atmel/studio/7.0/toolchain/avr8/avr8-gnu-toolchain/bin/../lib/gcc/avr/5.4.0/avrxmega3\libgcc.a(_clear_bss.o)
                0x0000009a                __do_clear_bss
 *(.init4)
 *(.init5)
 *(.init5)
 *(.init6)
 *(.init6)
 *(.init7)
 *(.init7)
 *(.init8)
 *(.init8)
 *(.init9)
 .init9         0x000000aa        0x8 C:/Program Files (x86)/Atmel/Studio/7.0/Packs/Atmel/ATtiny_DFP/1.4.310/gcc/dev/attiny1626/avrxmega3/crtattiny1626.o
 *(.init9)
 *(.text)
 .text          0x000000b2        0x4 C:/Program Files (x86)/Atmel/Studio/7.0/Packs/Atmel/ATtiny_DFP/1.4.310/gcc/dev/attiny1626/avrxmega3/crtattiny1626.o
                0x000000b2                __vector_22
                0x000000b2                __vector_28
                0x000000b2                __vector_1
                0x000000b2                __vector_24
                0x000000b2                __vector_12
                0x000000b2                __bad_interrupt
                0x000000b2                __vector_6
                0x000000b2                __vector_23
                0x000000b2                __vector_25
                0x000000b2                __vector_11
                0x000000b2                __vector_13
                0x000000b2                __vector_17
                0x000000b2                __vector_19
                0x000000b2                __vector_7
                0x000000b2                __vector_27
                0x000000b2                __vector_5
                0x000000b2                __vector_4
                0x000000b2                __vector_9
                0x000000b2                __vector_2
                0x000000b2                __vector_21
                0x000000b2                __vector_15
                0x000000b2                __vector_29
                0x000000b2                __vector_26
                0x000000b2                __vector_14
                0x000000b2                __vector_10
                0x000000b2                __vector_16
                0x000000b2                __vector_18
                0x000000b2                __vector_20
                0x000000b6                . = ALIGN (0x2)
 *(.text.*)
 .text._Z14accMC3635Alivev
                0x000000b6       0x1e AccMC3635.o
                0x000000b6                _Z14accMC3635Alivev
 .text._Z16sigfoxFirstStartv
                0x000000d4       0x1c SigfoxAxSip.o
                0x000000d4                _Z16sigfoxFirstStartv
 .text._Z17sigfoxWaitForOkayj
                0x000000f0       0x52 SigfoxAxSip.o
                0x000000f0                _Z17sigfoxWaitForOkayj
 .text._Z11sigfoxAlivev
                0x00000142       0x12 SigfoxAxSip.o
                0x00000142                _Z11sigfoxAlivev
 .text._Z11sigfoxSleepv
                0x00000154       0x12 SigfoxAxSip.o
                0x00000154                _Z11sigfoxSleepv
 .text._Z10sigfoxSendPhh
                0x00000166       0x6c SigfoxAxSip.o
                0x00000166                _Z10sigfoxSendPhh
 .text._Z14deviceInitPinsv
                0x000001d2       0x14 TinyFox.o
                0x000001d2                _Z14deviceInitPinsv
 .text._Z20deviceIncrementTimerv
                0x000001e6       0x28 TinyFox.o
                0x000001e6                _Z20deviceIncrementTimerv
 .text._Z15deviceStopTimerv
                0x0000020e        0xe TinyFox.o
                0x0000020e                _Z15deviceStopTimerv
 .text._Z18deviceStandbySleepv
                0x0000021c       0x22 TinyFox.o
                0x0000021c                _Z18deviceStandbySleepv
 .text._Z30deviceInitInternalRTCInterruptj
                0x0000023e       0x40 TinyFox.o
                0x0000023e                _Z30deviceInitInternalRTCInterruptj
 .text._Z23deviceReadSupplyVoltagev
                0x0000027e       0x5a TinyFox.o
                0x0000027e                _Z23deviceReadSupplyVoltagev
 .text._Z17deviceSetCPUSpeedh
                0x000002d8       0x20 TinyFox.o
                0x000002d8                _Z17deviceSetCPUSpeedh
 .text._Z16deviceBlinkGreenh
                0x000002f8       0x30 TinyFox.o
                0x000002f8                _Z16deviceBlinkGreenh
 .text._Z19deviceSigfoxPinIdlev
                0x00000328        0x8 TinyFox.o
                0x00000328                _Z19deviceSigfoxPinIdlev
 .text._Z21deviceSigfoxPinWakeUpv
                0x00000330        0x8 TinyFox.o
                0x00000330                _Z21deviceSigfoxPinWakeUpv
 .text._Z13devicePowerOnv
                0x00000338       0x14 TinyFox.o
                0x00000338                _Z13devicePowerOnv
 .text._Z14devicePowerOffv
                0x0000034c        0x8 TinyFox.o
                0x0000034c                _Z14devicePowerOffv
 .text._Z3maplllll
                0x00000354       0x82 TinyFox.o
                0x00000354                _Z3maplllll
 .text._Z7i2cInitv
                0x000003d6       0x1e I2C.o
                0x000003d6                _Z7i2cInitv
 .text._Z7pollRIFv
                0x000003f4       0x22 I2C.o
                0x000003f4                _Z7pollRIFv
 .text._Z12i2cStartReadh
                0x00000416       0x24 I2C.o
                0x00000416                _Z12i2cStartReadh
 .text._Z7i2cStopv
                0x0000043a       0x12 I2C.o
                0x0000043a                _Z7i2cStopv
 .text.__vector_3
                0x0000044c       0x1e main.o
                0x0000044c                __vector_3
 .text.__vector_8
                0x0000046a       0x4e main.o
                0x0000046a                __vector_8
 .text._Z4waitj
                0x000004b8        0xe main.o
                0x000004b8                _Z4waitj
 .text._Z17tinyFoxStartPrintv
                0x000004c6       0xc2 main.o
                0x000004c6                _Z17tinyFoxStartPrintv
 .text._Z11runTrackingv
                0x00000588       0xe2 main.o
                0x00000588                _Z11runTrackingv
 .text.main     0x0000066a      0x2d8 main.o
                0x0000066a                main
 .text._ZL17usePrintfFunctioncP6__file
                0x00000942       0x14 UART.o
 .text._Z23initPrimaryUARTwith9600v
                0x00000956       0x38 UART.o
                0x00000956                _Z23initPrimaryUARTwith9600v
 .text._Z9uartFlushv
                0x0000098e       0x1a UART.o
                0x0000098e                _Z9uartFlushv
 .text._Z17deinitAllUARTPinsv
                0x000009a8       0x2c UART.o
                0x000009a8                _Z17deinitAllUARTPinsv
 .text._Z8uartReadcPchj
                0x000009d4       0x84 UART.o
                0x000009d4                _Z8uartReadcPchj
 .text._Z5printPKc
                0x00000a58       0x2a UART.o
                0x00000a58                _Z5printPKc
 .text._Z7printlnPKc
                0x00000a82       0x16 UART.o
                0x00000a82                _Z7printlnPKc
 .text._Z8printU32m
                0x00000a98       0x5a UART.o
                0x00000a98                _Z8printU32m
 .text._Z9usePrintfv
                0x00000af2       0x22 UART.o
                0x00000af2                _Z9usePrintfv
 .text._Z14printByteAsHexh
                0x00000b14       0x66 UART.o
                0x00000b14                _Z14printByteAsHexh
 .text.libgcc.mul
                0x00000b7a       0x20 c:/program files (x86)/atmel/studio/7.0/toolchain/avr8/avr8-gnu-toolchain/bin/../lib/gcc/avr/5.4.0/avrxmega3\libgcc.a(_mulsi3.o)
                0x00000b7a                __mulsi3
 .text.libgcc.div
                0x00000b9a       0x44 c:/program files (x86)/atmel/studio/7.0/toolchain/avr8/avr8-gnu-toolchain/bin/../lib/gcc/avr/5.4.0/avrxmega3\libgcc.a(_udivmodsi4.o)
                0x00000b9a                __udivmodsi4
 .text.libgcc.div
                0x00000bde       0x2e c:/program files (x86)/atmel/studio/7.0/toolchain/avr8/avr8-gnu-toolchain/bin/../lib/gcc/avr/5.4.0/avrxmega3\libgcc.a(_divmodsi4.o)
                0x00000bde                __divmodsi4
 .text.libgcc.div
                0x00000c0c       0x10 c:/program files (x86)/atmel/studio/7.0/toolchain/avr8/avr8-gnu-toolchain/bin/../lib/gcc/avr/5.4.0/avrxmega3\libgcc.a(_negsi2.o)
                0x00000c0c                __negsi2
 .text.libgcc.mul
                0x00000c1c       0x1e c:/program files (x86)/atmel/studio/7.0/toolchain/avr8/avr8-gnu-toolchain/bin/../lib/gcc/avr/5.4.0/avrxmega3\libgcc.a(_umulhisi3.o)
                0x00000c1c                __umulhisi3
 .text.libgcc.mul
                0x00000c3a       0x16 c:/program files (x86)/atmel/studio/7.0/toolchain/avr8/avr8-gnu-toolchain/bin/../lib/gcc/avr/5.4.0/avrxmega3\libgcc.a(_muluhisi3.o)
                0x00000c3a                __muluhisi3
 .text.avr-libc
                0x00000c50        0xe c:/program files (x86)/atmel/studio/7.0/toolchain/avr8/avr8-gnu-toolchain/bin/../lib/gcc/avr/5.4.0/../../../../avr/lib/avrxmega3\libc.a(memset.o)
                0x00000c50                memset
 .text.avr-libc
                0x00000c5e       0x16 c:/program files (x86)/atmel/studio/7.0/toolchain/avr8/avr8-gnu-toolchain/bin/../lib/gcc/avr/5.4.0/../../../../avr/lib/avrxmega3\libc.a(strchr.o)
                0x00000c5e                strchr
 .text.avr-libc
                0x00000c74       0x10 C:/Program Files (x86)/Atmel/Studio/7.0/Packs/Atmel/ATtiny_DFP/1.4.310/gcc/dev/attiny1626/avrxmega3\libattiny1626.a(eerd_byte.o)
                0x00000c74                eeprom_read_byte
                0x00000c7c                eeprom_mapen
 .text.avr-libc
                0x00000c84       0x28 C:/Program Files (x86)/Atmel/Studio/7.0/Packs/Atmel/ATtiny_DFP/1.4.310/gcc/dev/attiny1626/avrxmega3\libattiny1626.a(eewr_byte.o)
                0x00000c84                eeprom_write_byte
                0x00000c86                eeprom_write_r18
                0x00000cac                . = ALIGN (0x2)
 *(.fini9)
 .fini9         0x00000cac        0x0 c:/program files (x86)/atmel/studio/7.0/toolchain/avr8/avr8-gnu-toolchain/bin/../lib/gcc/avr/5.4.0/avrxmega3\libgcc.a(_exit.o)
                0x00000cac                _exit
                0x00000cac                exit
 *(.fini9)
 *(.fini8)
 *(.fini8)
 *(.fini7)
 *(.fini7)
 *(.fini6)
 *(.fini6)
 *(.fini5)
 *(.fini5)
 *(.fini4)
 *(.fini4)
 *(.fini3)
 *(.fini3)
 *(.fini2)
 *(.fini2)
 *(.fini1)
 *(.fini1)
 *(.fini0)
 .fini0         0x00000cac        0x4 c:/program files (x86)/atmel/studio/7.0/toolchain/avr8/avr8-gnu-toolchain/bin/../lib/gcc/avr/5.4.0/avrxmega3\libgcc.a(_exit.o)
 *(.fini0)
                0x00000cb0                _etext = .

.rodata         0x00008cb0       0x88 load address 0x00000cb0
 *(.rodata)
 *(.rodata*)
 .rodata.str1.1
                0x00008cb0       0x2f SigfoxAxSip.o
                                 0x33 (size before relaxing)
 .rodata.str1.1
                0x00008cdf       0x48 main.o
                                 0x5e (size before relaxing)
 .rodata.str1.1
                0x00008d27       0x11 UART.o
                                 0x15 (size before relaxing)
 *(.gnu.linkonce.r*)

.data           0x00803800        0x0 load address 0x00000d38
                0x00803800                PROVIDE (__data_start, .)
 *(.data)
 *(.data*)
 *(.gnu.linkonce.d*)
                0x00803800                . = ALIGN (0x2)
                0x00803800                _edata = .
                0x00803800                PROVIDE (__data_end, .)

.bss            0x00803800       0x41
                0x00803800                PROVIDE (__bss_start, .)
 *(.bss)
 *(.bss*)
 .bss._ZL13millisElapsed
                0x00803800        0x4 TinyFox.o
 .bss.sigfoxDataPointer
                0x00803804        0x1 main.o
                0x00803804                sigfoxDataPointer
 .bss.sigfoxData
                0x00803805        0xc main.o
                0x00803805                sigfoxData
 .bss.lastError
                0x00803811        0x1 main.o
                0x00803811                lastError
 .bss.vedbaTotalSum
                0x00803812        0x8 main.o
                0x00803812                vedbaTotalSum
 .bss.eepromvoltage
                0x0080381a        0x1 main.o
                0x0080381a                eepromvoltage
 .bss.readcounter
                0x0080381b        0x1 main.o
                0x0080381b                readcounter
 .bss.eepromreadcount
                0x0080381c        0x2 main.o
                0x0080381c                eepromreadcount
 .bss.batteryVoltage
                0x0080381e        0x2 main.o
                0x0080381e                batteryVoltage
 .bss.activationCnt
                0x00803820        0x4 main.o
                0x00803820                activationCnt
 .bss.sleepCnt  0x00803824        0x4 main.o
                0x00803824                sleepCnt
 .bss.activation
                0x00803828        0x4 main.o
                0x00803828                activation
 .bss.state     0x0080382c        0x1 main.o
                0x0080382c                state
 .bss._ZZ9usePrintfvE8mystdout
                0x0080382d        0xe UART.o
 *(COMMON)
 COMMON         0x0080383b        0x6 c:/program files (x86)/atmel/studio/7.0/toolchain/avr8/avr8-gnu-toolchain/bin/../lib/gcc/avr/5.4.0/../../../../avr/lib/avrxmega3\libc.a(iob.o)
                0x0080383b                __iob
                0x00803841                PROVIDE (__bss_end, .)
                0x00000d38                __data_load_start = LOADADDR (.data)
                0x00000d38                __data_load_end = (__data_load_start + SIZEOF (.data))

.noinit         0x00803841        0x0
                [!provide]                PROVIDE (__noinit_start, .)
 *(.noinit*)
                [!provide]                PROVIDE (__noinit_end, .)
                0x00803841                _end = .
                [!provide]                PROVIDE (__heap_start, .)

.eeprom         0x00810000        0x0
 *(.eeprom*)
                0x00810000                __eeprom_end = .

.fuse
 *(.fuse)
 *(.lfuse)
 *(.hfuse)
 *(.efuse)

.lock
 *(.lock*)

.signature
 *(.signature*)

.user_signatures
 *(.user_signatures*)

.stab
 *(.stab)

.stabstr
 *(.stabstr)

.stab.excl
 *(.stab.excl)

.stab.exclstr
 *(.stab.exclstr)

.stab.index
 *(.stab.index)

.stab.indexstr
 *(.stab.indexstr)

.comment        0x00000000       0x30
 *(.comment)
 .comment       0x00000000       0x30 AccMC3635.o
                                 0x31 (size before relaxing)
 .comment       0x00000030       0x31 SigfoxAxSip.o
 .comment       0x00000030       0x31 TinyFox.o
 .comment       0x00000030       0x31 I2C.o
 .comment       0x00000030       0x31 main.o
 .comment       0x00000030       0x31 UART.o
 .comment       0x00000030       0x31 c:/program files (x86)/atmel/studio/7.0/toolchain/avr8/avr8-gnu-toolchain/bin/../lib/gcc/avr/5.4.0/../../../../avr/lib/avrxmega3\libc.a(iob.o)

.note.gnu.avr.deviceinfo
                0x00000000       0x40
 .note.gnu.avr.deviceinfo
                0x00000000       0x40 C:/Program Files (x86)/Atmel/Studio/7.0/Packs/Atmel/ATtiny_DFP/1.4.310/gcc/dev/attiny1626/avrxmega3/crtattiny1626.o

.note.gnu.build-id
 *(.note.gnu.build-id)

.debug
 *(.debug)

.line
 *(.line)

.debug_srcinfo
 *(.debug_srcinfo)

.debug_sfnames
 *(.debug_sfnames)

.debug_aranges  0x00000000      0x360
 *(.debug_aranges)
 .debug_aranges
                0x00000000       0x58 AccMC3635.o
 .debug_aranges
                0x00000058       0x48 SigfoxAxSip.o
 .debug_aranges
                0x000000a0       0xf8 TinyFox.o
 .debug_aranges
                0x00000198       0x78 I2C.o
 .debug_aranges
                0x00000210       0x80 main.o
 .debug_aranges
                0x00000290       0x90 UART.o
 .debug_aranges
                0x00000320       0x20 C:/Program Files (x86)/Atmel/Studio/7.0/Packs/Atmel/ATtiny_DFP/1.4.310/gcc/dev/attiny1626/avrxmega3\libattiny1626.a(eerd_byte.o)
 .debug_aranges
                0x00000340       0x20 C:/Program Files (x86)/Atmel/Studio/7.0/Packs/Atmel/ATtiny_DFP/1.4.310/gcc/dev/attiny1626/avrxmega3\libattiny1626.a(eewr_byte.o)

.debug_pubnames
 *(.debug_pubnames)

.debug_info     0x00000000     0x75a5
 *(.debug_info .gnu.linkonce.wi.*)
 .debug_info    0x00000000     0x1c2f C:/Program Files (x86)/Atmel/Studio/7.0/Packs/Atmel/ATtiny_DFP/1.4.310/gcc/dev/attiny1626/avrxmega3/crtattiny1626.o
 .debug_info    0x00001c2f      0x808 AccMC3635.o
 .debug_info    0x00002437      0x651 SigfoxAxSip.o
 .debug_info    0x00002a88     0x1a5f TinyFox.o
 .debug_info    0x000044e7      0x6c7 I2C.o
 .debug_info    0x00004bae     0x1e7c main.o
 .debug_info    0x00006a2a      0xa3d UART.o
 .debug_info    0x00007467       0x9f C:/Program Files (x86)/Atmel/Studio/7.0/Packs/Atmel/ATtiny_DFP/1.4.310/gcc/dev/attiny1626/avrxmega3\libattiny1626.a(eerd_byte.o)
 .debug_info    0x00007506       0x9f C:/Program Files (x86)/Atmel/Studio/7.0/Packs/Atmel/ATtiny_DFP/1.4.310/gcc/dev/attiny1626/avrxmega3\libattiny1626.a(eewr_byte.o)

.debug_abbrev   0x00000000     0x2aac
 *(.debug_abbrev)
 .debug_abbrev  0x00000000     0x1ab0 C:/Program Files (x86)/Atmel/Studio/7.0/Packs/Atmel/ATtiny_DFP/1.4.310/gcc/dev/attiny1626/avrxmega3/crtattiny1626.o
 .debug_abbrev  0x00001ab0      0x19d AccMC3635.o
 .debug_abbrev  0x00001c4d      0x1e5 SigfoxAxSip.o
 .debug_abbrev  0x00001e32      0x392 TinyFox.o
 .debug_abbrev  0x000021c4      0x1f5 I2C.o
 .debug_abbrev  0x000023b9      0x3e8 main.o
 .debug_abbrev  0x000027a1      0x2e3 UART.o
 .debug_abbrev  0x00002a84       0x14 C:/Program Files (x86)/Atmel/Studio/7.0/Packs/Atmel/ATtiny_DFP/1.4.310/gcc/dev/attiny1626/avrxmega3\libattiny1626.a(eerd_byte.o)
 .debug_abbrev  0x00002a98       0x14 C:/Program Files (x86)/Atmel/Studio/7.0/Packs/Atmel/ATtiny_DFP/1.4.310/gcc/dev/attiny1626/avrxmega3\libattiny1626.a(eewr_byte.o)

.debug_line     0x00000000     0x2223
 *(.debug_line .debug_line.* .debug_line_end)
 .debug_line    0x00000000      0x14b C:/Program Files (x86)/Atmel/Studio/7.0/Packs/Atmel/ATtiny_DFP/1.4.310/gcc/dev/attiny1626/avrxmega3/crtattiny1626.o
 .debug_line    0x0000014b      0x2e8 AccMC3635.o
 .debug_line    0x00000433      0x281 SigfoxAxSip.o
 .debug_line    0x000006b4      0x69a TinyFox.o
 .debug_line    0x00000d4e      0x410 I2C.o
 .debug_line    0x0000115e      0xa88 main.o
 .debug_line    0x00001be6      0x503 UART.o
 .debug_line    0x000020e9       0x79 C:/Program Files (x86)/Atmel/Studio/7.0/Packs/Atmel/ATtiny_DFP/1.4.310/gcc/dev/attiny1626/avrxmega3\libattiny1626.a(eerd_byte.o)
 .debug_line    0x00002162       0xc1 C:/Program Files (x86)/Atmel/Studio/7.0/Packs/Atmel/ATtiny_DFP/1.4.310/gcc/dev/attiny1626/avrxmega3\libattiny1626.a(eewr_byte.o)

.debug_frame    0x00000000      0x984
 *(.debug_frame)
 .debug_frame   0x00000000      0x120 AccMC3635.o
 .debug_frame   0x00000120       0xc0 SigfoxAxSip.o
 .debug_frame   0x000001e0      0x22c TinyFox.o
 .debug_frame   0x0000040c      0x108 I2C.o
 .debug_frame   0x00000514      0x2f8 main.o
 .debug_frame   0x0000080c      0x178 UART.o

.debug_str      0x00000000     0x30c6
 *(.debug_str)
 .debug_str     0x00000000      0xc8d C:/Program Files (x86)/Atmel/Studio/7.0/Packs/Atmel/ATtiny_DFP/1.4.310/gcc/dev/attiny1626/avrxmega3/crtattiny1626.o
 .debug_str     0x00000c8d      0x44e AccMC3635.o
                                0x494 (size before relaxing)
 .debug_str     0x000010db      0x21e SigfoxAxSip.o
                                0x440 (size before relaxing)
 .debug_str     0x000012f9     0x13d0 TinyFox.o
                               0x1644 (size before relaxing)
 .debug_str     0x000026c9      0x280 I2C.o
                                0x598 (size before relaxing)
 .debug_str     0x00002949      0x622 main.o
                               0x1230 (size before relaxing)
 .debug_str     0x00002f6b      0x15b UART.o
                                0x631 (size before relaxing)

.debug_loc      0x00000000     0x2d7d
 *(.debug_loc)
 .debug_loc     0x00000000      0x404 AccMC3635.o
 .debug_loc     0x00000404      0x32a SigfoxAxSip.o
 .debug_loc     0x0000072e      0x540 TinyFox.o
 .debug_loc     0x00000c6e      0x584 I2C.o
 .debug_loc     0x000011f2     0x159d main.o
 .debug_loc     0x0000278f      0x5ee UART.o

.debug_macinfo
 *(.debug_macinfo)

.debug_weaknames
 *(.debug_weaknames)

.debug_funcnames
 *(.debug_funcnames)

.debug_typenames
 *(.debug_typenames)

.debug_varnames
 *(.debug_varnames)

.debug_pubtypes
 *(.debug_pubtypes)

.debug_ranges   0x00000000      0x2f0
 *(.debug_ranges)
 .debug_ranges  0x00000000       0x48 AccMC3635.o
 .debug_ranges  0x00000048       0x38 SigfoxAxSip.o
 .debug_ranges  0x00000080       0xe8 TinyFox.o
 .debug_ranges  0x00000168       0x80 I2C.o
 .debug_ranges  0x000001e8       0x88 main.o
 .debug_ranges  0x00000270       0x80 UART.o

.debug_macro
 *(.debug_macro)
OUTPUT(TinyFoxGPSSoftware.elf elf32-avr)
LOAD linker stubs
